Archive member included because of file (symbol)

/opt/gcc-arm-none-eabi-4_7-2013q1/bin/../lib/gcc/arm-none-eabi/4.7.3/../../../../arm-none-eabi/lib/armv7e-m/softfp/libc.a(lib_a-__atexit.o)
                              /opt/gcc-arm-none-eabi-4_7-2013q1/bin/../lib/gcc/arm-none-eabi/4.7.3/../../../../arm-none-eabi/lib/armv7e-m/softfp/crt0.o (__register_exitproc)
/opt/gcc-arm-none-eabi-4_7-2013q1/bin/../lib/gcc/arm-none-eabi/4.7.3/../../../../arm-none-eabi/lib/armv7e-m/softfp/libc.a(lib_a-exit.o)
                              /opt/gcc-arm-none-eabi-4_7-2013q1/bin/../lib/gcc/arm-none-eabi/4.7.3/../../../../arm-none-eabi/lib/armv7e-m/softfp/crt0.o (exit)
/opt/gcc-arm-none-eabi-4_7-2013q1/bin/../lib/gcc/arm-none-eabi/4.7.3/../../../../arm-none-eabi/lib/armv7e-m/softfp/libc.a(lib_a-fini.o)
                              /opt/gcc-arm-none-eabi-4_7-2013q1/bin/../lib/gcc/arm-none-eabi/4.7.3/../../../../arm-none-eabi/lib/armv7e-m/softfp/crt0.o (__libc_fini_array)
/opt/gcc-arm-none-eabi-4_7-2013q1/bin/../lib/gcc/arm-none-eabi/4.7.3/../../../../arm-none-eabi/lib/armv7e-m/softfp/libc.a(lib_a-impure.o)
                              /opt/gcc-arm-none-eabi-4_7-2013q1/bin/../lib/gcc/arm-none-eabi/4.7.3/../../../../arm-none-eabi/lib/armv7e-m/softfp/libc.a(lib_a-__atexit.o) (_global_impure_ptr)
/opt/gcc-arm-none-eabi-4_7-2013q1/bin/../lib/gcc/arm-none-eabi/4.7.3/../../../../arm-none-eabi/lib/armv7e-m/softfp/libc.a(lib_a-init.o)
                              /opt/gcc-arm-none-eabi-4_7-2013q1/bin/../lib/gcc/arm-none-eabi/4.7.3/../../../../arm-none-eabi/lib/armv7e-m/softfp/crt0.o (__libc_init_array)
/opt/gcc-arm-none-eabi-4_7-2013q1/bin/../lib/gcc/arm-none-eabi/4.7.3/../../../../arm-none-eabi/lib/armv7e-m/softfp/libc.a(lib_a-memcmp.o)
                              obj/FreeRTOS_Source/tasks.o (memcmp)
/opt/gcc-arm-none-eabi-4_7-2013q1/bin/../lib/gcc/arm-none-eabi/4.7.3/../../../../arm-none-eabi/lib/armv7e-m/softfp/libc.a(lib_a-memcpy.o)
                              obj/FreeRTOS_Source/queue.o (memcpy)
/opt/gcc-arm-none-eabi-4_7-2013q1/bin/../lib/gcc/arm-none-eabi/4.7.3/../../../../arm-none-eabi/lib/armv7e-m/softfp/libc.a(lib_a-memset.o)
                              /opt/gcc-arm-none-eabi-4_7-2013q1/bin/../lib/gcc/arm-none-eabi/4.7.3/../../../../arm-none-eabi/lib/armv7e-m/softfp/crt0.o (memset)
/opt/gcc-arm-none-eabi-4_7-2013q1/bin/../lib/gcc/arm-none-eabi/4.7.3/../../../../arm-none-eabi/lib/armv7e-m/softfp/libc.a(lib_a-strncpy.o)
                              obj/FreeRTOS_Source/tasks.o (strncpy)
/opt/gcc-arm-none-eabi-4_7-2013q1/bin/../lib/gcc/arm-none-eabi/4.7.3/../../../../arm-none-eabi/lib/armv7e-m/softfp/libc.a(lib_a-__call_atexit.o)
                              /opt/gcc-arm-none-eabi-4_7-2013q1/bin/../lib/gcc/arm-none-eabi/4.7.3/../../../../arm-none-eabi/lib/armv7e-m/softfp/libc.a(lib_a-exit.o) (__call_exitprocs)
/opt/gcc-arm-none-eabi-4_7-2013q1/bin/../lib/gcc/arm-none-eabi/4.7.3/../../../../arm-none-eabi/lib/armv7e-m/softfp/libc.a(lib_a-atexit.o)
                              /opt/gcc-arm-none-eabi-4_7-2013q1/bin/../lib/gcc/arm-none-eabi/4.7.3/../../../../arm-none-eabi/lib/armv7e-m/softfp/libc.a(lib_a-__call_atexit.o) (atexit)

Allocating common symbols
Common symbol       size              file

TIM_TimeBaseStructure
                    0xc               obj/src/pwrtrain_steering.o
xLEDHandle          0x4               obj/src/main.o
rc_state            0x1               obj/src/main.o
TIM_OCInitStructure
                    0x14              obj/src/pwrtrain_steering.o
GPIO_InitStructure  0x8               obj/src/pwrtrain_steering.o
TIM_ICInitStructure
                    0xa               obj/src/pwrtrain_steering.o
NVIC_InitStructure  0x4               obj/src/pwrtrain_steering.o

Discarded input sections

 .text          0x00000000        0x0 /opt/gcc-arm-none-eabi-4_7-2013q1/bin/../lib/gcc/arm-none-eabi/4.7.3/armv7e-m/softfp/crti.o
 .data          0x00000000        0x0 /opt/gcc-arm-none-eabi-4_7-2013q1/bin/../lib/gcc/arm-none-eabi/4.7.3/armv7e-m/softfp/crti.o
 .bss           0x00000000        0x0 /opt/gcc-arm-none-eabi-4_7-2013q1/bin/../lib/gcc/arm-none-eabi/4.7.3/armv7e-m/softfp/crti.o
 .data          0x00000000        0x4 /opt/gcc-arm-none-eabi-4_7-2013q1/bin/../lib/gcc/arm-none-eabi/4.7.3/armv7e-m/softfp/crtbegin.o
 .text          0x00000000       0x70 /opt/gcc-arm-none-eabi-4_7-2013q1/bin/../lib/gcc/arm-none-eabi/4.7.3/../../../../arm-none-eabi/lib/armv7e-m/softfp/crt0.o
 .data          0x00000000        0x0 /opt/gcc-arm-none-eabi-4_7-2013q1/bin/../lib/gcc/arm-none-eabi/4.7.3/../../../../arm-none-eabi/lib/armv7e-m/softfp/crt0.o
 .bss           0x00000000        0x0 /opt/gcc-arm-none-eabi-4_7-2013q1/bin/../lib/gcc/arm-none-eabi/4.7.3/../../../../arm-none-eabi/lib/armv7e-m/softfp/crt0.o
 .ARM.extab     0x00000000        0x0 /opt/gcc-arm-none-eabi-4_7-2013q1/bin/../lib/gcc/arm-none-eabi/4.7.3/../../../../arm-none-eabi/lib/armv7e-m/softfp/crt0.o
[...]
Memory Configuration

Name             Origin             Length             Attributes
FLASH            0x08000000         0x00100000         xr
RAM              0x20000000         0x00020000         xrw
MEMORY_B1        0x60000000         0x00000000         xr
CCMRAM           0x10000000         0x00010000         rw
*default*        0x00000000         0xffffffff

Linker script and memory map

LOAD /opt/gcc-arm-none-eabi-4_7-2013q1/bin/../lib/gcc/arm-none-eabi/4.7.3/armv7e-m/softfp/crti.o
LOAD /opt/gcc-arm-none-eabi-4_7-2013q1/bin/../lib/gcc/arm-none-eabi/4.7.3/armv7e-m/softfp/crtbegin.o
LOAD /opt/gcc-arm-none-eabi-4_7-2013q1/bin/../lib/gcc/arm-none-eabi/4.7.3/../../../../arm-none-eabi/lib/armv7e-m/softfp/crt0.o
LOAD obj/src/main.o
LOAD obj/src/startup_stm32f4xx.o
LOAD obj/src/STM32F4-Discovery_callback.o
LOAD obj/src/stm32f4xx_it.o
LOAD obj/src/system_stm32f4xx.o
LOAD obj/src/printf-stdarg.o
LOAD obj/src/pwrtrain_steering.o
LOAD obj/src/communication.o
LOAD obj/Utilities/STM32F4-Discovery/stm32f4_discovery.o
LOAD obj/FreeRTOS_Source/list.o
LOAD obj/FreeRTOS_Source/queue.o
LOAD obj/FreeRTOS_Source/tasks.o
LOAD obj/FreeRTOS_Source/timers.o
LOAD obj/FreeRTOS_Source/portable/MemMang/heap_1.o
LOAD obj/FreeRTOS_Source/portable/GCC/ARM_CM4F/port.o
LOAD obj/Libraries/STM32F4xx_StdPeriph_Driver/src/misc.o
LOAD obj/Libraries/STM32F4xx_StdPeriph_Driver/src/stm32f4xx_adc.o
LOAD obj/Libraries/STM32F4xx_StdPeriph_Driver/src/stm32f4xx_can.o
LOAD obj/Libraries/STM32F4xx_StdPeriph_Driver/src/stm32f4xx_crc.o
LOAD obj/Libraries/STM32F4xx_StdPeriph_Driver/src/stm32f4xx_cryp_aes.o
LOAD obj/Libraries/STM32F4xx_StdPeriph_Driver/src/stm32f4xx_cryp.o
LOAD obj/Libraries/STM32F4xx_StdPeriph_Driver/src/stm32f4xx_cryp_des.o
LOAD obj/Libraries/STM32F4xx_StdPeriph_Driver/src/stm32f4xx_cryp_tdes.o
LOAD obj/Libraries/STM32F4xx_StdPeriph_Driver/src/stm32f4xx_dac.o
LOAD obj/Libraries/STM32F4xx_StdPeriph_Driver/src/stm32f4xx_dbgmcu.o
LOAD obj/Libraries/STM32F4xx_StdPeriph_Driver/src/stm32f4xx_dcmi.o
LOAD obj/Libraries/STM32F4xx_StdPeriph_Driver/src/stm32f4xx_dma.o
LOAD obj/Libraries/STM32F4xx_StdPeriph_Driver/src/stm32f4xx_exti.o
LOAD obj/Libraries/STM32F4xx_StdPeriph_Driver/src/stm32f4xx_flash.o
LOAD obj/Libraries/STM32F4xx_StdPeriph_Driver/src/stm32f4xx_fsmc.o
LOAD obj/Libraries/STM32F4xx_StdPeriph_Driver/src/stm32f4xx_gpio.o
LOAD obj/Libraries/STM32F4xx_StdPeriph_Driver/src/stm32f4xx_hash.o
LOAD obj/Libraries/STM32F4xx_StdPeriph_Driver/src/stm32f4xx_hash_md5.o
LOAD obj/Libraries/STM32F4xx_StdPeriph_Driver/src/stm32f4xx_hash_sha1.o
LOAD obj/Libraries/STM32F4xx_StdPeriph_Driver/src/stm32f4xx_i2c.o
LOAD obj/Libraries/STM32F4xx_StdPeriph_Driver/src/stm32f4xx_iwdg.o
LOAD obj/Libraries/STM32F4xx_StdPeriph_Driver/src/stm32f4xx_pwr.o
LOAD obj/Libraries/STM32F4xx_StdPeriph_Driver/src/stm32f4xx_rcc.o
LOAD obj/Libraries/STM32F4xx_StdPeriph_Driver/src/stm32f4xx_rng.o
LOAD obj/Libraries/STM32F4xx_StdPeriph_Driver/src/stm32f4xx_rtc.o
LOAD obj/Libraries/STM32F4xx_StdPeriph_Driver/src/stm32f4xx_sdio.o
LOAD obj/Libraries/STM32F4xx_StdPeriph_Driver/src/stm32f4xx_spi.o
LOAD obj/Libraries/STM32F4xx_StdPeriph_Driver/src/stm32f4xx_syscfg.o
LOAD obj/Libraries/STM32F4xx_StdPeriph_Driver/src/stm32f4xx_tim.o
LOAD obj/Libraries/STM32F4xx_StdPeriph_Driver/src/stm32f4xx_usart.o
LOAD obj/Libraries/STM32F4xx_StdPeriph_Driver/src/stm32f4xx_wwdg.o
START GROUP
LOAD /opt/gcc-arm-none-eabi-4_7-2013q1/bin/../lib/gcc/arm-none-eabi/4.7.3/../../../../arm-none-eabi/lib/armv7e-m/softfp/libc.a
LOAD /opt/gcc-arm-none-eabi-4_7-2013q1/bin/../lib/gcc/arm-none-eabi/4.7.3/../../../../arm-none-eabi/lib/armv7e-m/softfp/libm.a
END GROUP
                0x00001000                malloc_getpagesize_P = 0x1000
START GROUP
LOAD /opt/gcc-arm-none-eabi-4_7-2013q1/bin/../lib/gcc/arm-none-eabi/4.7.3/armv7e-m/softfp/libgcc.a
LOAD /opt/gcc-arm-none-eabi-4_7-2013q1/bin/../lib/gcc/arm-none-eabi/4.7.3/../../../../arm-none-eabi/lib/armv7e-m/softfp/libg.a
LOAD /opt/gcc-arm-none-eabi-4_7-2013q1/bin/../lib/gcc/arm-none-eabi/4.7.3/../../../../arm-none-eabi/lib/armv7e-m/softfp/libc.a
END GROUP
LOAD /opt/gcc-arm-none-eabi-4_7-2013q1/bin/../lib/gcc/arm-none-eabi/4.7.3/armv7e-m/softfp/crtend.o
LOAD /opt/gcc-arm-none-eabi-4_7-2013q1/bin/../lib/gcc/arm-none-eabi/4.7.3/armv7e-m/softfp/crtn.o
                0x20020000                _estack = 0x20020000
                0x00000000                _Min_Heap_Size = 0x0
                0x00000400                _Min_Stack_Size = 0x400

.isr_vector     0x08000000      0x188
                0x08000000                . = ALIGN (0x4)
 *(.isr_vector)
 .isr_vector    0x08000000      0x188 obj/src/startup_stm32f4xx.o
                0x08000000                g_pfnVectors
                0x08000188                . = ALIGN (0x4)

.text           0x08000188     0x4cac
                0x08000188                . = ALIGN (0x4)
 *(.text)
 .text          0x08000188       0x54 /opt/gcc-arm-none-eabi-4_7-2013q1/bin/../lib/gcc/arm-none-eabi/4.7.3/armv7e-m/softfp/crtbegin.o
 *(.text*)
 .text.NVIC_SetPriorityGrouping
                0x080001dc       0x50 obj/src/main.o
 .text.vLEDTask
                0x0800022c       0x5c obj/src/main.o
                0x0800022c                vLEDTask
 .text.EXTI0_IRQHandler
                0x08000288       0x40 obj/src/main.o
                0x08000288                EXTI0_IRQHandler
 .text.main     0x080002c8       0x74 obj/src/main.o
                0x080002c8                main
 .text.vApplicationMallocFailedHook
                0x0800033c        0x8 obj/src/main.o
                0x0800033c                vApplicationMallocFailedHook
 .text.vApplicationStackOverflowHook
                0x08000344        0xc obj/src/main.o
                0x08000344                vApplicationStackOverflowHook
 .text.prvSetupHardware
                0x08000350       0x10 obj/src/main.o
 .text.Reset_Handler
                0x08000360       0x50 obj/src/startup_stm32f4xx.o
                0x08000360                Reset_Handler
 .text.Default_Handler
                0x080003b0        0x4 obj/src/startup_stm32f4xx.o
                0x080003b0                RTC_Alarm_IRQHandler
                0x080003b0                HASH_RNG_IRQHandler
                0x080003b0                EXTI2_IRQHandler
                0x080003b0                TIM8_CC_IRQHandler
                0x080003b0                TIM1_CC_IRQHandler
                0x080003b0                DMA2_Stream5_IRQHandler
                0x080003b0                DMA1_Stream5_IRQHandler
                0x080003b0                PVD_IRQHandler
                0x080003b0                SDIO_IRQHandler
                0x080003b0                TAMP_STAMP_IRQHandler
                0x080003b0                CAN2_RX1_IRQHandler
                0x080003b0                EXTI3_IRQHandler
                0x080003b0                TIM8_TRG_COM_TIM14_IRQHandler
                0x080003b0                TIM1_UP_TIM10_IRQHandler
                0x080003b0                TIM8_UP_TIM13_IRQHandler
                0x080003b0                I2C3_ER_IRQHandler
                0x080003b0                I2C2_EV_IRQHandler
                0x080003b0                DMA1_Stream2_IRQHandler
                0x080003b0                CAN1_RX0_IRQHandler
                0x080003b0                FPU_IRQHandler
                0x080003b0                OTG_HS_WKUP_IRQHandler
                0x080003b0                CAN2_SCE_IRQHandler
                0x080003b0                DMA2_Stream2_IRQHandler
                0x080003b0                SPI1_IRQHandler
                0x080003b0                TIM6_DAC_IRQHandler
                0x080003b0                TIM1_BRK_TIM9_IRQHandler
                0x080003b0                DCMI_IRQHandler
                0x080003b0                CAN2_RX0_IRQHandler
                0x080003b0                DMA2_Stream3_IRQHandler
                0x080003b0                USART6_IRQHandler
                0x080003b0                USART3_IRQHandler
                0x080003b0                CRYP_IRQHandler
                0x080003b0                CAN1_RX1_IRQHandler
                0x080003b0                UART5_IRQHandler
                0x080003b0                DMA2_Stream0_IRQHandler
                0x080003b0                TIM4_IRQHandler
                0x080003b0                I2C1_EV_IRQHandler
                0x080003b0                DMA1_Stream6_IRQHandler
                0x080003b0                DMA1_Stream1_IRQHandler
                0x080003b0                UART4_IRQHandler
                0x080003b0                TIM3_IRQHandler
                0x080003b0                RCC_IRQHandler
                0x080003b0                TIM8_BRK_TIM12_IRQHandler
                0x080003b0                Default_Handler
                0x080003b0                EXTI15_10_IRQHandler
                0x080003b0                ADC_IRQHandler
                0x080003b0                DMA1_Stream7_IRQHandler
                0x080003b0                TIM7_IRQHandler
                0x080003b0                CAN2_TX_IRQHandler
                0x080003b0                DMA2_Stream7_IRQHandler
                0x080003b0                I2C3_EV_IRQHandler
                0x080003b0                EXTI9_5_IRQHandler
                0x080003b0                RTC_WKUP_IRQHandler
                0x080003b0                ETH_WKUP_IRQHandler
                0x080003b0                SPI2_IRQHandler
                0x080003b0                OTG_HS_EP1_IN_IRQHandler
                0x080003b0                DMA1_Stream0_IRQHandler
                0x080003b0                CAN1_TX_IRQHandler
                0x080003b0                EXTI4_IRQHandler
                0x080003b0                FSMC_IRQHandler
                0x080003b0                ETH_IRQHandler
                0x080003b0                OTG_HS_EP1_OUT_IRQHandler
                0x080003b0                WWDG_IRQHandler
                0x080003b0                OTG_FS_WKUP_IRQHandler
                0x080003b0                TIM1_TRG_COM_TIM11_IRQHandler
                0x080003b0                OTG_HS_IRQHandler
                0x080003b0                EXTI1_IRQHandler
                0x080003b0                USART2_IRQHandler
                0x080003b0                I2C2_ER_IRQHandler
                0x080003b0                DMA2_Stream1_IRQHandler
                0x080003b0                CAN1_SCE_IRQHandler
                0x080003b0                FLASH_IRQHandler
                0x080003b0                DMA2_Stream4_IRQHandler
                0x080003b0                USART1_IRQHandler
                0x080003b0                OTG_FS_IRQHandler
                0x080003b0                SPI3_IRQHandler
                0x080003b0                DMA1_Stream4_IRQHandler
                0x080003b0                I2C1_ER_IRQHandler
                0x080003b0                DMA2_Stream6_IRQHandler
                0x080003b0                DMA1_Stream3_IRQHandler
 .text.NMI_Handler
                0x080003b4        0xc obj/src/stm32f4xx_it.o
                0x080003b4                NMI_Handler
 .text.HardFault_Handler
                0x080003c0        0x8 obj/src/stm32f4xx_it.o
                0x080003c0                HardFault_Handler
 .text.MemManage_Handler
                0x080003c8        0x8 obj/src/stm32f4xx_it.o
                0x080003c8                MemManage_Handler
 .text.BusFault_Handler
                0x080003d0        0x8 obj/src/stm32f4xx_it.o
                0x080003d0                BusFault_Handler
 .text.UsageFault_Handler
                0x080003d8        0x8 obj/src/stm32f4xx_it.o
                0x080003d8                UsageFault_Handler
 .text.DebugMon_Handler
                0x080003e0        0xc obj/src/stm32f4xx_it.o
                0x080003e0                DebugMon_Handler
 .text.SystemInit
                0x080003ec       0xb0 obj/src/system_stm32f4xx.o
                0x080003ec                SystemInit
 .text.SetSysClock
                0x0800049c      0x188 obj/src/system_stm32f4xx.o
 .text.printchar
                0x08000624       0x38 obj/src/printf-stdarg.o
 .text.prints   0x0800065c       0xd0 obj/src/printf-stdarg.o
 .text.printi   0x0800072c       0xf4 obj/src/printf-stdarg.o
 .text.print    0x08000820      0x218 obj/src/printf-stdarg.o
 .text.printf   0x08000a38       0x2c obj/src/printf-stdarg.o
                0x08000a38                printf
 .text.initPWMInput
                0x08000a64      0x310 obj/src/pwrtrain_steering.o
                0x08000a64                initPWMInput
 .text.initPWMOutput
                0x08000d74      0x204 obj/src/pwrtrain_steering.o
                0x08000d74                initPWMOutput
 .text.TIM2_IRQHandler
                0x08000f78      0x1ac obj/src/pwrtrain_steering.o
                0x08000f78                TIM2_IRQHandler
 .text.TIM5_IRQHandler
                0x08001124       0xc0 obj/src/pwrtrain_steering.o
                0x08001124                TIM5_IRQHandler
 .text.putchar  0x080011e4       0x40 obj/src/communication.o
                0x080011e4                putchar
 .text.initSerial
                0x08001224       0x4c obj/src/communication.o
                0x08001224                initSerial
 .text.STM_EVAL_LEDInit
                0x08001270       0x6c obj/Utilities/STM32F4-Discovery/stm32f4_discovery.o
                0x08001270                STM_EVAL_LEDInit
 .text.STM_EVAL_LEDOff
                0x080012dc       0x34 obj/Utilities/STM32F4-Discovery/stm32f4_discovery.o
                0x080012dc                STM_EVAL_LEDOff
 .text.STM_EVAL_LEDToggle
                0x08001310       0x44 obj/Utilities/STM32F4-Discovery/stm32f4_discovery.o
                0x08001310                STM_EVAL_LEDToggle
 .text.STM_EVAL_PBGetState
                0x08001354       0x3c obj/Utilities/STM32F4-Discovery/stm32f4_discovery.o
                0x08001354                STM_EVAL_PBGetState
 .text.STM_EVAL_COMInit
                0x08001390      0x160 obj/Utilities/STM32F4-Discovery/stm32f4_discovery.o
                0x08001390                STM_EVAL_COMInit
 .text.vListInitialise
                0x080014f0       0x40 obj/FreeRTOS_Source/list.o
                0x080014f0                vListInitialise
 .text.vListInitialiseItem
                0x08001530       0x1c obj/FreeRTOS_Source/list.o
                0x08001530                vListInitialiseItem
 .text.vListInsertEnd
                0x0800154c       0x50 obj/FreeRTOS_Source/list.o
                0x0800154c                vListInsertEnd
 .text.vListInsert
                0x0800159c       0x74 obj/FreeRTOS_Source/list.o
                0x0800159c                vListInsert
 .text.vListRemove
                0x08001610       0x54 obj/FreeRTOS_Source/list.o
                0x08001610                vListRemove
 .text.xQueueGenericReset
                0x08001664       0xc0 obj/FreeRTOS_Source/queue.o
                0x08001664                xQueueGenericReset
 .text.xQueueGenericCreate
                0x08001724       0x8c obj/FreeRTOS_Source/queue.o
                0x08001724                xQueueGenericCreate
 .text.xQueueGenericSend
                0x080017b0      0x154 obj/FreeRTOS_Source/queue.o
                0x080017b0                xQueueGenericSend
 .text.xQueueGenericSendFromISR
                0x08001904       0xcc obj/FreeRTOS_Source/queue.o
                0x08001904                xQueueGenericSendFromISR
 .text.xQueueGenericReceive
                0x080019d0      0x1bc obj/FreeRTOS_Source/queue.o
                0x080019d0                xQueueGenericReceive
 .text.prvCopyDataToQueue
                0x08001b8c       0xc4 obj/FreeRTOS_Source/queue.o
 .text.prvCopyDataFromQueue
                0x08001c50       0x50 obj/FreeRTOS_Source/queue.o
 .text.prvUnlockQueue
                0x08001ca0       0xa0 obj/FreeRTOS_Source/queue.o
 .text.prvIsQueueEmpty
                0x08001d40       0x2c obj/FreeRTOS_Source/queue.o
 .text.prvIsQueueFull
                0x08001d6c       0x30 obj/FreeRTOS_Source/queue.o
 .text.vQueueWaitForMessageRestricted
                0x08001d9c       0x5c obj/FreeRTOS_Source/queue.o
                0x08001d9c                vQueueWaitForMessageRestricted
 .text.xTaskGenericCreate
                0x08001df8      0x1dc obj/FreeRTOS_Source/tasks.o
                0x08001df8                xTaskGenericCreate
 .text.vTaskDelayUntil
                0x08001fd4       0xd0 obj/FreeRTOS_Source/tasks.o
                0x08001fd4                vTaskDelayUntil
 .text.vTaskStartScheduler
                0x080020a4       0x90 obj/FreeRTOS_Source/tasks.o
                0x080020a4                vTaskStartScheduler
 .text.vTaskSuspendAll
                0x08002134       0x24 obj/FreeRTOS_Source/tasks.o
                0x08002134                vTaskSuspendAll
 .text.xTaskResumeAll
                0x08002158      0x168 obj/FreeRTOS_Source/tasks.o
                0x08002158                xTaskResumeAll
 .text.xTaskGetTickCount
                0x080022c0       0x28 obj/FreeRTOS_Source/tasks.o
                0x080022c0                xTaskGetTickCount
 .text.vTaskIncrementTick
                0x080022e8      0x1d0 obj/FreeRTOS_Source/tasks.o
                0x080022e8                vTaskIncrementTick
 .text.vTaskSwitchContext
                0x080024b8      0x15c obj/FreeRTOS_Source/tasks.o
                0x080024b8                vTaskSwitchContext
 .text.vTaskPlaceOnEventList
                0x08002614       0x88 obj/FreeRTOS_Source/tasks.o
                0x08002614                vTaskPlaceOnEventList
 .text.vTaskPlaceOnEventListRestricted
                0x0800269c       0x64 obj/FreeRTOS_Source/tasks.o
                0x0800269c                vTaskPlaceOnEventListRestricted
 .text.xTaskRemoveFromEventList
                0x08002700       0xd4 obj/FreeRTOS_Source/tasks.o
                0x08002700                xTaskRemoveFromEventList
 .text.vTaskSetTimeOutState
                0x080027d4       0x40 obj/FreeRTOS_Source/tasks.o
                0x080027d4                vTaskSetTimeOutState
 .text.xTaskCheckForTimeOut
                0x08002814       0xc4 obj/FreeRTOS_Source/tasks.o
                0x08002814                xTaskCheckForTimeOut
 .text.vTaskMissedYield
                0x080028d8       0x18 obj/FreeRTOS_Source/tasks.o
                0x080028d8                vTaskMissedYield
 .text.prvIdleTask
                0x080028f0       0x24 obj/FreeRTOS_Source/tasks.o
 .text.prvInitialiseTCBVariables
                0x08002914       0x78 obj/FreeRTOS_Source/tasks.o
 .text.prvInitialiseTaskLists
                0x0800298c       0xa4 obj/FreeRTOS_Source/tasks.o
 .text.prvCheckTasksWaitingTermination
                0x08002a30       0x98 obj/FreeRTOS_Source/tasks.o
 .text.prvAddCurrentTaskToDelayedList
                0x08002ac8       0x8c obj/FreeRTOS_Source/tasks.o
 .text.prvAllocateTCBAndStack
                0x08002b54       0x70 obj/FreeRTOS_Source/tasks.o
 .text.prvDeleteTCB
                0x08002bc4       0x20 obj/FreeRTOS_Source/tasks.o
 .text.xTaskGetCurrentTaskHandle
                0x08002be4       0x20 obj/FreeRTOS_Source/tasks.o
                0x08002be4                xTaskGetCurrentTaskHandle
 .text.xTaskGetSchedulerState
                0x08002c04       0x48 obj/FreeRTOS_Source/tasks.o
                0x08002c04                xTaskGetSchedulerState
 .text.vTaskPriorityInherit
                0x08002c4c       0xe4 obj/FreeRTOS_Source/tasks.o
                0x08002c4c                vTaskPriorityInherit
 .text.vTaskPriorityDisinherit
                0x08002d30       0x90 obj/FreeRTOS_Source/tasks.o
                0x08002d30                vTaskPriorityDisinherit
 .text.xTimerCreateTimerTask
                0x08002dc0       0x70 obj/FreeRTOS_Source/timers.o
                0x08002dc0                xTimerCreateTimerTask
 .text.xTimerGenericCommand
                0x08002e30       0xac obj/FreeRTOS_Source/timers.o
                0x08002e30                xTimerGenericCommand
 .text.prvProcessExpiredTimer
                0x08002edc       0x80 obj/FreeRTOS_Source/timers.o
 .text.prvTimerTask
                0x08002f5c       0x24 obj/FreeRTOS_Source/timers.o
 .text.prvProcessTimerOrBlockTask
                0x08002f80       0x74 obj/FreeRTOS_Source/timers.o
 .text.prvGetNextExpireTime
                0x08002ff4       0x54 obj/FreeRTOS_Source/timers.o
 .text.prvSampleTimeNow
                0x08003048       0x58 obj/FreeRTOS_Source/timers.o
 .text.prvInsertTimerInActiveList
                0x080030a0       0x94 obj/FreeRTOS_Source/timers.o
 .text.prvProcessReceivedCommands
                0x08003134      0x114 obj/FreeRTOS_Source/timers.o
 .text.prvSwitchTimerLists
                0x08003248       0xec obj/FreeRTOS_Source/timers.o
 .text.prvCheckForValidListAndQueue
                0x08003334       0x74 obj/FreeRTOS_Source/timers.o
 .text.pvPortMalloc
                0x080033a8       0xa4 obj/FreeRTOS_Source/portable/MemMang/heap_1.o
                0x080033a8                pvPortMalloc
 .text.vPortFree
                0x0800344c       0x14 obj/FreeRTOS_Source/portable/MemMang/heap_1.o
                0x0800344c                vPortFree
 .text.pxPortInitialiseStack
                0x08003460       0x70 obj/FreeRTOS_Source/portable/GCC/ARM_CM4F/port.o
                0x08003460                pxPortInitialiseStack
 .text.SVC_Handler
                0x080034d0       0x1c obj/FreeRTOS_Source/portable/GCC/ARM_CM4F/port.o
                0x080034d0                SVC_Handler
 .text.vPortStartFirstTask
                0x080034ec       0x14 obj/FreeRTOS_Source/portable/GCC/ARM_CM4F/port.o
 .text.xPortStartScheduler
                0x08003500       0x70 obj/FreeRTOS_Source/portable/GCC/ARM_CM4F/port.o
                0x08003500                xPortStartScheduler
 .text.vPortYieldFromISR
                0x08003570       0x18 obj/FreeRTOS_Source/portable/GCC/ARM_CM4F/port.o
                0x08003570                vPortYieldFromISR
 .text.vPortEnterCritical
                0x08003588       0x2c obj/FreeRTOS_Source/portable/GCC/ARM_CM4F/port.o
                0x08003588                vPortEnterCritical
 .text.vPortExitCritical
                0x080035b4       0x38 obj/FreeRTOS_Source/portable/GCC/ARM_CM4F/port.o
                0x080035b4                vPortExitCritical
 .text.PendSV_Handler
                0x080035ec       0x50 obj/FreeRTOS_Source/portable/GCC/ARM_CM4F/port.o
                0x080035ec                PendSV_Handler
 .text.SysTick_Handler
                0x0800363c       0x38 obj/FreeRTOS_Source/portable/GCC/ARM_CM4F/port.o
                0x0800363c                SysTick_Handler
 .text.prvSetupTimerInterrupt
                0x08003674       0x2c obj/FreeRTOS_Source/portable/GCC/ARM_CM4F/port.o
 .text.vPortEnableVFP
                0x080036a0       0x14 obj/FreeRTOS_Source/portable/GCC/ARM_CM4F/port.o
 .text.NVIC_Init
                0x080036b4       0xe4 obj/Libraries/STM32F4xx_StdPeriph_Driver/src/misc.o
                0x080036b4                NVIC_Init
 .text.EXTI_ClearFlag
                0x08003798       0x20 obj/Libraries/STM32F4xx_StdPeriph_Driver/src/stm32f4xx_exti.o
                0x08003798                EXTI_ClearFlag
 .text.EXTI_GetITStatus
                0x080037b8       0x58 obj/Libraries/STM32F4xx_StdPeriph_Driver/src/stm32f4xx_exti.o
                0x080037b8                EXTI_GetITStatus
 .text.GPIO_Init
                0x08003810      0x144 obj/Libraries/STM32F4xx_StdPeriph_Driver/src/stm32f4xx_gpio.o
                0x08003810                GPIO_Init
 .text.GPIO_ReadInputDataBit
                0x08003954       0x3c obj/Libraries/STM32F4xx_StdPeriph_Driver/src/stm32f4xx_gpio.o
                0x08003954                GPIO_ReadInputDataBit
 .text.GPIO_PinAFConfig
                0x08003990       0xa8 obj/Libraries/STM32F4xx_StdPeriph_Driver/src/stm32f4xx_gpio.o
                0x08003990                GPIO_PinAFConfig
 .text.RCC_GetClocksFreq
                0x08003a38      0x1cc obj/Libraries/STM32F4xx_StdPeriph_Driver/src/stm32f4xx_rcc.o
                0x08003a38                RCC_GetClocksFreq
 .text.RCC_AHB1PeriphClockCmd
                0x08003c04       0x54 obj/Libraries/STM32F4xx_StdPeriph_Driver/src/stm32f4xx_rcc.o
                0x08003c04                RCC_AHB1PeriphClockCmd
 .text.RCC_APB1PeriphClockCmd
                0x08003c58       0x54 obj/Libraries/STM32F4xx_StdPeriph_Driver/src/stm32f4xx_rcc.o
                0x08003c58                RCC_APB1PeriphClockCmd
 .text.RCC_APB2PeriphClockCmd
                0x08003cac       0x54 obj/Libraries/STM32F4xx_StdPeriph_Driver/src/stm32f4xx_rcc.o
                0x08003cac                RCC_APB2PeriphClockCmd
 .text.SYSCFG_EXTILineConfig
                0x08003d00       0xb0 obj/Libraries/STM32F4xx_StdPeriph_Driver/src/stm32f4xx_syscfg.o
                0x08003d00                SYSCFG_EXTILineConfig
 .text.TIM_TimeBaseInit
                0x08003db0       0xf4 obj/Libraries/STM32F4xx_StdPeriph_Driver/src/stm32f4xx_tim.o
                0x08003db0                TIM_TimeBaseInit
 .text.TIM_Cmd  0x08003ea4       0x40 obj/Libraries/STM32F4xx_StdPeriph_Driver/src/stm32f4xx_tim.o
                0x08003ea4                TIM_Cmd
 .text.TIM_OC1Init
                0x08003ee4       0xfc obj/Libraries/STM32F4xx_StdPeriph_Driver/src/stm32f4xx_tim.o
                0x08003ee4                TIM_OC1Init
 .text.TIM_OC3Init
                0x08003fe0      0x120 obj/Libraries/STM32F4xx_StdPeriph_Driver/src/stm32f4xx_tim.o
                0x08003fe0                TIM_OC3Init
 .text.TIM_PWMIConfig
                0x08004100       0xc4 obj/Libraries/STM32F4xx_StdPeriph_Driver/src/stm32f4xx_tim.o
                0x08004100                TIM_PWMIConfig
 .text.TIM_GetCapture1
                0x080041c4       0x18 obj/Libraries/STM32F4xx_StdPeriph_Driver/src/stm32f4xx_tim.o
                0x080041c4                TIM_GetCapture1
 .text.TIM_GetCapture2
                0x080041dc       0x18 obj/Libraries/STM32F4xx_StdPeriph_Driver/src/stm32f4xx_tim.o
                0x080041dc                TIM_GetCapture2
 .text.TIM_SetIC1Prescaler
                0x080041f4       0x38 obj/Libraries/STM32F4xx_StdPeriph_Driver/src/stm32f4xx_tim.o
                0x080041f4                TIM_SetIC1Prescaler
 .text.TIM_SetIC2Prescaler
                0x0800422c       0x3c obj/Libraries/STM32F4xx_StdPeriph_Driver/src/stm32f4xx_tim.o
                0x0800422c                TIM_SetIC2Prescaler
 .text.TIM_CtrlPWMOutputs
                0x08004268       0x50 obj/Libraries/STM32F4xx_StdPeriph_Driver/src/stm32f4xx_tim.o
                0x08004268                TIM_CtrlPWMOutputs
 .text.TIM_ITConfig
                0x080042b8       0x48 obj/Libraries/STM32F4xx_StdPeriph_Driver/src/stm32f4xx_tim.o
                0x080042b8                TIM_ITConfig
 .text.TIM_ClearITPendingBit
                0x08004300       0x24 obj/Libraries/STM32F4xx_StdPeriph_Driver/src/stm32f4xx_tim.o
                0x08004300                TIM_ClearITPendingBit
 .text.TIM_SelectInputTrigger
                0x08004324       0x38 obj/Libraries/STM32F4xx_StdPeriph_Driver/src/stm32f4xx_tim.o
                0x08004324                TIM_SelectInputTrigger
 .text.TIM_SelectSlaveMode
                0x0800435c       0x38 obj/Libraries/STM32F4xx_StdPeriph_Driver/src/stm32f4xx_tim.o
                0x0800435c                TIM_SelectSlaveMode
 .text.TIM_SelectMasterSlaveMode
                0x08004394       0x38 obj/Libraries/STM32F4xx_StdPeriph_Driver/src/stm32f4xx_tim.o
                0x08004394                TIM_SelectMasterSlaveMode
 .text.TI1_Config
                0x080043cc       0x80 obj/Libraries/STM32F4xx_StdPeriph_Driver/src/stm32f4xx_tim.o
 .text.TI2_Config
                0x0800444c       0x9c obj/Libraries/STM32F4xx_StdPeriph_Driver/src/stm32f4xx_tim.o
 .text.USART_Init
                0x080044e8      0x1ac obj/Libraries/STM32F4xx_StdPeriph_Driver/src/stm32f4xx_usart.o
                0x080044e8                USART_Init
 .text.USART_Cmd
                0x08004694       0x40 obj/Libraries/STM32F4xx_StdPeriph_Driver/src/stm32f4xx_usart.o
                0x08004694                USART_Cmd
 .text.USART_SendData
                0x080046d4       0x28 obj/Libraries/STM32F4xx_StdPeriph_Driver/src/stm32f4xx_usart.o
                0x080046d4                USART_SendData
 .text.USART_GetFlagStatus
                0x080046fc       0x40 obj/Libraries/STM32F4xx_StdPeriph_Driver/src/stm32f4xx_usart.o
                0x080046fc                USART_GetFlagStatus
 .text.__register_exitproc
                0x0800473c       0xac /opt/gcc-arm-none-eabi-4_7-2013q1/bin/../lib/gcc/arm-none-eabi/4.7.3/../../../../arm-none-eabi/lib/armv7e-m/softfp/libc.a(lib_a-__atexit.o)
                0x0800473c                __register_exitproc
 .text.__libc_fini_array
                0x080047e8       0x50 /opt/gcc-arm-none-eabi-4_7-2013q1/bin/../lib/gcc/arm-none-eabi/4.7.3/../../../../arm-none-eabi/lib/armv7e-m/softfp/libc.a(lib_a-fini.o)
                0x080047e8                __libc_fini_array
 .text.__libc_init_array
                0x08004838       0x94 /opt/gcc-arm-none-eabi-4_7-2013q1/bin/../lib/gcc/arm-none-eabi/4.7.3/../../../../arm-none-eabi/lib/armv7e-m/softfp/libc.a(lib_a-init.o)
                0x08004838                __libc_init_array
 .text.memcmp   0x080048cc       0xb8 /opt/gcc-arm-none-eabi-4_7-2013q1/bin/../lib/gcc/arm-none-eabi/4.7.3/../../../../arm-none-eabi/lib/armv7e-m/softfp/libc.a(lib_a-memcmp.o)
                0x080048cc                memcmp
 .text.memcpy   0x08004984      0x144 /opt/gcc-arm-none-eabi-4_7-2013q1/bin/../lib/gcc/arm-none-eabi/4.7.3/../../../../arm-none-eabi/lib/armv7e-m/softfp/libc.a(lib_a-memcpy.o)
                0x08004984                memcpy
 .text.memset   0x08004ac8      0x12c /opt/gcc-arm-none-eabi-4_7-2013q1/bin/../lib/gcc/arm-none-eabi/4.7.3/../../../../arm-none-eabi/lib/armv7e-m/softfp/libc.a(lib_a-memset.o)
                0x08004ac8                memset
 .text.strncpy  0x08004bf4      0x110 /opt/gcc-arm-none-eabi-4_7-2013q1/bin/../lib/gcc/arm-none-eabi/4.7.3/../../../../arm-none-eabi/lib/armv7e-m/softfp/libc.a(lib_a-strncpy.o)
                0x08004bf4                strncpy
 .text.startup.register_fini
                0x08004d04       0x14 /opt/gcc-arm-none-eabi-4_7-2013q1/bin/../lib/gcc/arm-none-eabi/4.7.3/../../../../arm-none-eabi/lib/armv7e-m/softfp/libc.a(lib_a-__call_atexit.o)
 .text.atexit   0x08004d18        0xc /opt/gcc-arm-none-eabi-4_7-2013q1/bin/../lib/gcc/arm-none-eabi/4.7.3/../../../../arm-none-eabi/lib/armv7e-m/softfp/libc.a(lib_a-atexit.o)
                0x08004d18                atexit
 *(.rodata)
 .rodata        0x08004d24       0x18 obj/src/main.o
 .rodata        0x08004d3c        0x8 obj/src/printf-stdarg.o
 .rodata        0x08004d44       0x60 obj/src/pwrtrain_steering.o
 .rodata        0x08004da4        0x8 obj/FreeRTOS_Source/tasks.o
 .rodata        0x08004dac        0x8 obj/FreeRTOS_Source/timers.o
 *(.rodata*)
 .rodata.GPIO_PIN
                0x08004db4        0x8 obj/Utilities/STM32F4-Discovery/stm32f4_discovery.o
                0x08004db4                GPIO_PIN
 .rodata.GPIO_CLK
                0x08004dbc       0x10 obj/Utilities/STM32F4-Discovery/stm32f4_discovery.o
                0x08004dbc                GPIO_CLK
 .rodata.BUTTON_PIN
                0x08004dcc        0x4 obj/Utilities/STM32F4-Discovery/stm32f4_discovery.o
                0x08004dcc                BUTTON_PIN
 .rodata.COM_USART_CLK
                0x08004dd0        0x8 obj/Utilities/STM32F4-Discovery/stm32f4_discovery.o
                0x08004dd0                COM_USART_CLK
 .rodata.COM_TX_PORT_CLK
                0x08004dd8        0x8 obj/Utilities/STM32F4-Discovery/stm32f4_discovery.o
                0x08004dd8                COM_TX_PORT_CLK
 .rodata.COM_RX_PORT_CLK
                0x08004de0        0x8 obj/Utilities/STM32F4-Discovery/stm32f4_discovery.o
                0x08004de0                COM_RX_PORT_CLK
 .rodata.COM_TX_PIN
                0x08004de8        0x4 obj/Utilities/STM32F4-Discovery/stm32f4_discovery.o
                0x08004de8                COM_TX_PIN
 .rodata.COM_RX_PIN
                0x08004dec        0x4 obj/Utilities/STM32F4-Discovery/stm32f4_discovery.o
                0x08004dec                COM_RX_PIN
 .rodata.COM_TX_PIN_SOURCE
                0x08004df0        0x4 obj/Utilities/STM32F4-Discovery/stm32f4_discovery.o
                0x08004df0                COM_TX_PIN_SOURCE
 .rodata.COM_RX_PIN_SOURCE
                0x08004df4        0x4 obj/Utilities/STM32F4-Discovery/stm32f4_discovery.o
                0x08004df4                COM_RX_PIN_SOURCE
 .rodata.COM_TX_AF
                0x08004df8        0x4 obj/Utilities/STM32F4-Discovery/stm32f4_discovery.o
                0x08004df8                COM_TX_AF
 .rodata.COM_RX_AF
                0x08004dfc        0x4 obj/Utilities/STM32F4-Discovery/stm32f4_discovery.o
                0x08004dfc                COM_RX_AF
 .rodata.ucExpectedStackBytes.5877
                0x08004e00       0x14 obj/FreeRTOS_Source/tasks.o
 .rodata.str1.4
                0x08004e14        0x4 /opt/gcc-arm-none-eabi-4_7-2013q1/bin/../lib/gcc/arm-none-eabi/4.7.3/../../../../arm-none-eabi/lib/armv7e-m/softfp/libc.a(lib_a-impure.o)
 .rodata._global_impure_ptr
                0x08004e18        0x4 /opt/gcc-arm-none-eabi-4_7-2013q1/bin/../lib/gcc/arm-none-eabi/4.7.3/../../../../arm-none-eabi/lib/armv7e-m/softfp/libc.a(lib_a-impure.o)
                0x08004e18                _global_impure_ptr
 *(.glue_7)
 .glue_7        0x00000000        0x0 linker stubs
 *(.glue_7t)
 .glue_7t       0x00000000        0x0 linker stubs
 *(.eh_frame)
 .eh_frame      0x08004e1c        0x0 /opt/gcc-arm-none-eabi-4_7-2013q1/bin/../lib/gcc/arm-none-eabi/4.7.3/armv7e-m/softfp/crtbegin.o
 *(.init)
 .init          0x08004e1c        0x4 /opt/gcc-arm-none-eabi-4_7-2013q1/bin/../lib/gcc/arm-none-eabi/4.7.3/armv7e-m/softfp/crti.o
                0x08004e1c                _init
 .init          0x08004e20        0x8 /opt/gcc-arm-none-eabi-4_7-2013q1/bin/../lib/gcc/arm-none-eabi/4.7.3/armv7e-m/softfp/crtn.o
 *(.fini)
 .fini          0x08004e28        0x4 /opt/gcc-arm-none-eabi-4_7-2013q1/bin/../lib/gcc/arm-none-eabi/4.7.3/armv7e-m/softfp/crti.o
                0x08004e28                _fini
 .fini          0x08004e2c        0x8 /opt/gcc-arm-none-eabi-4_7-2013q1/bin/../lib/gcc/arm-none-eabi/4.7.3/armv7e-m/softfp/crtn.o
                0x08004e34                . = ALIGN (0x4)
                0x08004e34                _etext = .

.vfp11_veneer   0x08004e34        0x0
 .vfp11_veneer  0x00000000        0x0 linker stubs

.v4_bx          0x08004e34        0x0
 .v4_bx         0x00000000        0x0 linker stubs

.iplt           0x08004e34        0x0
 .iplt          0x00000000        0x0 /opt/gcc-arm-none-eabi-4_7-2013q1/bin/../lib/gcc/arm-none-eabi/4.7.3/armv7e-m/softfp/crtbegin.o

.rel.dyn        0x08004e34        0x0
 .rel.iplt      0x00000000        0x0 /opt/gcc-arm-none-eabi-4_7-2013q1/bin/../lib/gcc/arm-none-eabi/4.7.3/armv7e-m/softfp/crtbegin.o

.ARM.extab
 *(.ARM.extab* .gnu.linkonce.armextab.*)

.ARM            0x08004e34        0x0
                0x08004e34                __exidx_start = .
 *(.ARM.exidx*)
                0x08004e34                __exidx_end = .

.preinit_array  0x08004e34        0x0
                0x08004e34                PROVIDE (__preinit_array_start, .)
 *(.preinit_array*)
                0x08004e34                PROVIDE (__preinit_array_end, .)

.init_array     0x08004e34        0x8
                0x08004e34                PROVIDE (__init_array_start, .)
 *(SORT(.init_array.*))
 .init_array.00000
                0x08004e34        0x4 /opt/gcc-arm-none-eabi-4_7-2013q1/bin/../lib/gcc/arm-none-eabi/4.7.3/../../../../arm-none-eabi/lib/armv7e-m/softfp/libc.a(lib_a-__call_atexit.o)
 *(.init_array*)
 .init_array    0x08004e38        0x4 /opt/gcc-arm-none-eabi-4_7-2013q1/bin/../lib/gcc/arm-none-eabi/4.7.3/armv7e-m/softfp/crtbegin.o
                0x08004e3c                PROVIDE (__init_array_end, .)

.fini_array     0x08004e3c        0x4
                0x08004e3c                PROVIDE (__fini_array_start, .)
 *(SORT(.fini_array.*))
 *(.fini_array*)
 .fini_array    0x08004e3c        0x4 /opt/gcc-arm-none-eabi-4_7-2013q1/bin/../lib/gcc/arm-none-eabi/4.7.3/armv7e-m/softfp/crtbegin.o
                0x08004e40                PROVIDE (__fini_array_end, .)
                0x08004e40                _sidata = LOADADDR (.data)

.data           0x20000000      0x470 load address 0x08004e40
                0x20000000                . = ALIGN (0x4)
                0x20000000                _sdata = .
 *(.data)
 *(.data*)
 .data.GPIO_PORT
                0x20000000       0x10 obj/Utilities/STM32F4-Discovery/stm32f4_discovery.o
                0x20000000                GPIO_PORT
 .data.BUTTON_PORT
                0x20000010        0x4 obj/Utilities/STM32F4-Discovery/stm32f4_discovery.o
                0x20000010                BUTTON_PORT
 .data.COM_USART
                0x20000014        0x8 obj/Utilities/STM32F4-Discovery/stm32f4_discovery.o
                0x20000014                COM_USART
 .data.COM_TX_PORT
                0x2000001c        0x8 obj/Utilities/STM32F4-Discovery/stm32f4_discovery.o
                0x2000001c                COM_TX_PORT
 .data.COM_RX_PORT
                0x20000024        0x8 obj/Utilities/STM32F4-Discovery/stm32f4_discovery.o
                0x20000024                COM_RX_PORT
 .data.xNextTaskUnblockTime
                0x2000002c        0x4 obj/FreeRTOS_Source/tasks.o
 .data.uxCriticalNesting
                0x20000030        0x4 obj/FreeRTOS_Source/portable/GCC/ARM_CM4F/port.o
 .data.APBAHBPrescTable
                0x20000034       0x10 obj/Libraries/STM32F4xx_StdPeriph_Driver/src/stm32f4xx_rcc.o
 *fill*         0x20000044        0x4 00
 .data.impure_data
                0x20000048      0x428 /opt/gcc-arm-none-eabi-4_7-2013q1/bin/../lib/gcc/arm-none-eabi/4.7.3/../../../../arm-none-eabi/lib/armv7e-m/softfp/libc.a(lib_a-impure.o)
                0x20000470                . = ALIGN (0x4)
                0x20000470                _edata = .
                0x080052b0                _siccmram = LOADADDR (.ccmram)

.jcr            0x20000470        0x0 load address 0x080052b0
 .jcr           0x20000470        0x0 /opt/gcc-arm-none-eabi-4_7-2013q1/bin/../lib/gcc/arm-none-eabi/4.7.3/armv7e-m/softfp/crtbegin.o

.igot.plt       0x20000470        0x0 load address 0x080052b0
 .igot.plt      0x00000000        0x0 /opt/gcc-arm-none-eabi-4_7-2013q1/bin/../lib/gcc/arm-none-eabi/4.7.3/armv7e-m/softfp/crtbegin.o

.ccmram         0x10000000        0x0 load address 0x080052b0
                0x10000000                . = ALIGN (0x4)
                0x10000000                _sccmram = .
 *(.ccmram)
 *(.ccmram*)
                0x10000000                . = ALIGN (0x4)
                0x10000000                _eccmram = .
                0x10000000                . = ALIGN (0x4)

.bss            0x20000470     0x1da4
                0x20000470                _sbss = .
                0x20000470                __bss_start__ = _sbss
 *(.bss)
 .bss           0x20000470       0x1c /opt/gcc-arm-none-eabi-4_7-2013q1/bin/../lib/gcc/arm-none-eabi/4.7.3/armv7e-m/softfp/crtbegin.o
 *(.bss*)
 .bss.value     0x2000048c        0x4 obj/src/pwrtrain_steering.o
                0x2000048c                value
 .bss.value2    0x20000490        0x4 obj/src/pwrtrain_steering.o
                0x20000490                value2
 .bss.pxCurrentTCB
                0x20000494        0x4 obj/FreeRTOS_Source/tasks.o
                0x20000494                pxCurrentTCB
 .bss.pxReadyTasksLists
                0x20000498       0x64 obj/FreeRTOS_Source/tasks.o
 .bss.xDelayedTaskList1
                0x200004fc       0x14 obj/FreeRTOS_Source/tasks.o
 .bss.xDelayedTaskList2
                0x20000510       0x14 obj/FreeRTOS_Source/tasks.o
 .bss.pxDelayedTaskList
                0x20000524        0x4 obj/FreeRTOS_Source/tasks.o
 .bss.pxOverflowDelayedTaskList
                0x20000528        0x4 obj/FreeRTOS_Source/tasks.o
 .bss.xPendingReadyList
                0x2000052c       0x14 obj/FreeRTOS_Source/tasks.o
 .bss.xTasksWaitingTermination
                0x20000540       0x14 obj/FreeRTOS_Source/tasks.o
 .bss.uxTasksDeleted
                0x20000554        0x4 obj/FreeRTOS_Source/tasks.o
 .bss.xSuspendedTaskList
                0x20000558       0x14 obj/FreeRTOS_Source/tasks.o
 .bss.uxCurrentNumberOfTasks
                0x2000056c        0x4 obj/FreeRTOS_Source/tasks.o
 .bss.xTickCount
                0x20000570        0x4 obj/FreeRTOS_Source/tasks.o
 .bss.uxTopUsedPriority
                0x20000574        0x4 obj/FreeRTOS_Source/tasks.o
 .bss.uxTopReadyPriority
                0x20000578        0x4 obj/FreeRTOS_Source/tasks.o
 .bss.xSchedulerRunning
                0x2000057c        0x4 obj/FreeRTOS_Source/tasks.o
 .bss.uxSchedulerSuspended
                0x20000580        0x4 obj/FreeRTOS_Source/tasks.o
 .bss.uxMissedTicks
                0x20000584        0x4 obj/FreeRTOS_Source/tasks.o
 .bss.xMissedYield
                0x20000588        0x4 obj/FreeRTOS_Source/tasks.o
 .bss.xNumOfOverflows
                0x2000058c        0x4 obj/FreeRTOS_Source/tasks.o
 .bss.uxTaskNumber
                0x20000590        0x4 obj/FreeRTOS_Source/tasks.o
 .bss.xActiveTimerList1
                0x20000594       0x14 obj/FreeRTOS_Source/timers.o
 .bss.xActiveTimerList2
                0x200005a8       0x14 obj/FreeRTOS_Source/timers.o
 .bss.pxCurrentTimerList
                0x200005bc        0x4 obj/FreeRTOS_Source/timers.o
 .bss.pxOverflowTimerList
                0x200005c0        0x4 obj/FreeRTOS_Source/timers.o
 .bss.xTimerQueue
                0x200005c4        0x4 obj/FreeRTOS_Source/timers.o
 .bss.xLastTime.4420
                0x200005c8        0x4 obj/FreeRTOS_Source/timers.o
 *fill*         0x200005cc        0x4 00
 .bss.xHeap     0x200005d0     0x1c00 obj/FreeRTOS_Source/portable/MemMang/heap_1.o
 .bss.xNextFreeByte
                0x200021d0        0x4 obj/FreeRTOS_Source/portable/MemMang/heap_1.o
 *(COMMON)
 COMMON         0x200021d4        0x5 obj/src/main.o
                0x200021d4                xLEDHandle
                0x200021d8                rc_state
 *fill*         0x200021d9        0x3 00
 COMMON         0x200021dc       0x38 obj/src/pwrtrain_steering.o
                0x200021dc                TIM_TimeBaseStructure
                0x200021e8                TIM_OCInitStructure
                0x200021fc                GPIO_InitStructure
                0x20002204                TIM_ICInitStructure
                0x20002210                NVIC_InitStructure
                0x20002214                . = ALIGN (0x4)
                0x20002214                _ebss = .
                0x20002214                __bss_end__ = _ebss

._user_heap_stack
                0x20002214      0x400
                0x20002214                . = ALIGN (0x4)
                0x20002214                PROVIDE (end, .)
                0x20002214                PROVIDE (_end, .)
                0x20002214                . = (. + _Min_Heap_Size)
                0x20002614                . = (. + _Min_Stack_Size)
 *fill*         0x20002214      0x400 00
                0x20002614                . = ALIGN (0x4)

.memory_b1_text
 *(.mb1text)
 *(.mb1text*)
 *(.mb1rodata)
 *(.mb1rodata*)

/DISCARD/
 libc.a(*)
 libm.a(*)
 libgcc.a(*)

.ARM.attributes
                0x00000000       0x30
 *(.ARM.attributes)
 .ARM.attributes
                0x00000000       0x24 /opt/gcc-arm-none-eabi-4_7-2013q1/bin/../lib/gcc/arm-none-eabi/4.7.3/armv7e-m/softfp/crti.o
 .ARM.attributes
                0x00000024       0x34 /opt/gcc-arm-none-eabi-4_7-2013q1/bin/../lib/gcc/arm-none-eabi/4.7.3/armv7e-m/softfp/crtbegin.o
 .ARM.attributes
                0x00000058       0x39 obj/src/main.o
 .ARM.attributes
                0x00000091       0x21 obj/src/startup_stm32f4xx.o
 .ARM.attributes
                0x000000b2       0x39 obj/src/stm32f4xx_it.o
 .ARM.attributes
                0x000000eb       0x39 obj/src/system_stm32f4xx.o
 .ARM.attributes
                0x00000124       0x39 obj/src/printf-stdarg.o
 .ARM.attributes
                0x0000015d       0x39 obj/src/pwrtrain_steering.o
 .ARM.attributes
                0x00000196       0x39 obj/src/communication.o
 .ARM.attributes
                0x000001cf       0x39 obj/Utilities/STM32F4-Discovery/stm32f4_discovery.o
 .ARM.attributes
                0x00000208       0x39 obj/FreeRTOS_Source/list.o
 .ARM.attributes
                0x00000241       0x39 obj/FreeRTOS_Source/queue.o
 .ARM.attributes
                0x0000027a       0x39 obj/FreeRTOS_Source/tasks.o
 .ARM.attributes
                0x000002b3       0x39 obj/FreeRTOS_Source/timers.o
 .ARM.attributes
                0x000002ec       0x39 obj/FreeRTOS_Source/portable/MemMang/heap_1.o
 .ARM.attributes
                0x00000325       0x39 obj/FreeRTOS_Source/portable/GCC/ARM_CM4F/port.o
 .ARM.attributes
                0x0000035e       0x39 obj/Libraries/STM32F4xx_StdPeriph_Driver/src/misc.o
 .ARM.attributes
                0x00000397       0x39 obj/Libraries/STM32F4xx_StdPeriph_Driver/src/stm32f4xx_exti.o
 .ARM.attributes
                0x000003d0       0x39 obj/Libraries/STM32F4xx_StdPeriph_Driver/src/stm32f4xx_gpio.o
 .ARM.attributes
                0x00000409       0x39 obj/Libraries/STM32F4xx_StdPeriph_Driver/src/stm32f4xx_rcc.o
 .ARM.attributes
                0x00000442       0x39 obj/Libraries/STM32F4xx_StdPeriph_Driver/src/stm32f4xx_syscfg.o
 .ARM.attributes
                0x0000047b       0x39 obj/Libraries/STM32F4xx_StdPeriph_Driver/src/stm32f4xx_tim.o
 .ARM.attributes
                0x000004b4       0x39 obj/Libraries/STM32F4xx_StdPeriph_Driver/src/stm32f4xx_usart.o
 .ARM.attributes
                0x000004ed       0x34 /opt/gcc-arm-none-eabi-4_7-2013q1/bin/../lib/gcc/arm-none-eabi/4.7.3/../../../../arm-none-eabi/lib/armv7e-m/softfp/libc.a(lib_a-__atexit.o)
 .ARM.attributes
                0x00000521       0x34 /opt/gcc-arm-none-eabi-4_7-2013q1/bin/../lib/gcc/arm-none-eabi/4.7.3/../../../../arm-none-eabi/lib/armv7e-m/softfp/libc.a(lib_a-fini.o)
 .ARM.attributes
                0x00000555       0x34 /opt/gcc-arm-none-eabi-4_7-2013q1/bin/../lib/gcc/arm-none-eabi/4.7.3/../../../../arm-none-eabi/lib/armv7e-m/softfp/libc.a(lib_a-impure.o)
 .ARM.attributes
                0x00000589       0x34 /opt/gcc-arm-none-eabi-4_7-2013q1/bin/../lib/gcc/arm-none-eabi/4.7.3/../../../../arm-none-eabi/lib/armv7e-m/softfp/libc.a(lib_a-init.o)
 .ARM.attributes
                0x000005bd       0x34 /opt/gcc-arm-none-eabi-4_7-2013q1/bin/../lib/gcc/arm-none-eabi/4.7.3/../../../../arm-none-eabi/lib/armv7e-m/softfp/libc.a(lib_a-memcmp.o)
 .ARM.attributes
                0x000005f1       0x34 /opt/gcc-arm-none-eabi-4_7-2013q1/bin/../lib/gcc/arm-none-eabi/4.7.3/../../../../arm-none-eabi/lib/armv7e-m/softfp/libc.a(lib_a-memcpy.o)
 .ARM.attributes
                0x00000625       0x34 /opt/gcc-arm-none-eabi-4_7-2013q1/bin/../lib/gcc/arm-none-eabi/4.7.3/../../../../arm-none-eabi/lib/armv7e-m/softfp/libc.a(lib_a-memset.o)
 .ARM.attributes
                0x00000659       0x34 /opt/gcc-arm-none-eabi-4_7-2013q1/bin/../lib/gcc/arm-none-eabi/4.7.3/../../../../arm-none-eabi/lib/armv7e-m/softfp/libc.a(lib_a-strncpy.o)
 .ARM.attributes
                0x0000068d       0x34 /opt/gcc-arm-none-eabi-4_7-2013q1/bin/../lib/gcc/arm-none-eabi/4.7.3/../../../../arm-none-eabi/lib/armv7e-m/softfp/libc.a(lib_a-__call_atexit.o)
 .ARM.attributes
                0x000006c1       0x34 /opt/gcc-arm-none-eabi-4_7-2013q1/bin/../lib/gcc/arm-none-eabi/4.7.3/../../../../arm-none-eabi/lib/armv7e-m/softfp/libc.a(lib_a-atexit.o)
 .ARM.attributes
                0x000006f5       0x24 /opt/gcc-arm-none-eabi-4_7-2013q1/bin/../lib/gcc/arm-none-eabi/4.7.3/armv7e-m/softfp/crtn.o
OUTPUT(build/STM32F4Discovery.elf elf32-littlearm)

.debug_info     0x00000000     0x99ce
 .debug_info    0x00000000      0x763 obj/src/main.o
 .debug_info    0x00000763       0x92 obj/src/startup_stm32f4xx.o
 .debug_info    0x000007f5      0x119 obj/src/stm32f4xx_it.o
 .debug_info    0x0000090e      0x5f9 obj/src/system_stm32f4xx.o
 .debug_info    0x00000f07      0x3c3 obj/src/printf-stdarg.o
 .debug_info    0x000012ca      0xa50 obj/src/pwrtrain_steering.o
 .debug_info    0x00001d1a      0x2a0 obj/src/communication.o
 .debug_info    0x00001fba      0xe19 obj/Utilities/STM32F4-Discovery/stm32f4_discovery.o
 .debug_info    0x00002dd3      0x2b6 obj/FreeRTOS_Source/list.o
 .debug_info    0x00003089      0x817 obj/FreeRTOS_Source/queue.o
 .debug_info    0x000038a0      0xe40 obj/FreeRTOS_Source/tasks.o
 .debug_info    0x000046e0      0x74e obj/FreeRTOS_Source/timers.o
 .debug_info    0x00004e2e      0x195 obj/FreeRTOS_Source/portable/MemMang/heap_1.o
 .debug_info    0x00004fc3      0x203 obj/FreeRTOS_Source/portable/GCC/ARM_CM4F/port.o
 .debug_info    0x000051c6      0x596 obj/Libraries/STM32F4xx_StdPeriph_Driver/src/misc.o
 .debug_info    0x0000575c      0x377 obj/Libraries/STM32F4xx_StdPeriph_Driver/src/stm32f4xx_exti.o
 .debug_info    0x00005ad3      0x647 obj/Libraries/STM32F4xx_StdPeriph_Driver/src/stm32f4xx_gpio.o
 .debug_info    0x0000611a      0xd4d obj/Libraries/STM32F4xx_StdPeriph_Driver/src/stm32f4xx_rcc.o
 .debug_info    0x00006e67      0x27d obj/Libraries/STM32F4xx_StdPeriph_Driver/src/stm32f4xx_syscfg.o
 .debug_info    0x000070e4     0x1e81 obj/Libraries/STM32F4xx_StdPeriph_Driver/src/stm32f4xx_tim.o
 .debug_info    0x00008f65      0xa69 obj/Libraries/STM32F4xx_StdPeriph_Driver/src/stm32f4xx_usart.o

.debug_abbrev   0x00000000     0x1c44
 .debug_abbrev  0x00000000      0x213 obj/src/main.o
 .debug_abbrev  0x00000213       0x12 obj/src/startup_stm32f4xx.o
 .debug_abbrev  0x00000225       0x69 obj/src/stm32f4xx_it.o
 .debug_abbrev  0x0000028e      0x13a obj/src/system_stm32f4xx.o
 .debug_abbrev  0x000003c8      0x157 obj/src/printf-stdarg.o
 .debug_abbrev  0x0000051f      0x1e3 obj/src/pwrtrain_steering.o
 .debug_abbrev  0x00000702      0x123 obj/src/communication.o
 .debug_abbrev  0x00000825      0x1ce obj/Utilities/STM32F4-Discovery/stm32f4_discovery.o
 .debug_abbrev  0x000009f3       0xbe obj/FreeRTOS_Source/list.o
 .debug_abbrev  0x00000ab1      0x134 obj/FreeRTOS_Source/queue.o
 .debug_abbrev  0x00000be5      0x1d1 obj/FreeRTOS_Source/tasks.o
 .debug_abbrev  0x00000db6      0x177 obj/FreeRTOS_Source/timers.o
 .debug_abbrev  0x00000f2d      0x124 obj/FreeRTOS_Source/portable/MemMang/heap_1.o
 .debug_abbrev  0x00001051      0x178 obj/FreeRTOS_Source/portable/GCC/ARM_CM4F/port.o
 .debug_abbrev  0x000011c9      0x12b obj/Libraries/STM32F4xx_StdPeriph_Driver/src/misc.o
 .debug_abbrev  0x000012f4      0x1a9 obj/Libraries/STM32F4xx_StdPeriph_Driver/src/stm32f4xx_exti.o
 .debug_abbrev  0x0000149d      0x1a7 obj/Libraries/STM32F4xx_StdPeriph_Driver/src/stm32f4xx_gpio.o
 .debug_abbrev  0x00001644      0x1e7 obj/Libraries/STM32F4xx_StdPeriph_Driver/src/stm32f4xx_rcc.o
 .debug_abbrev  0x0000182b      0x135 obj/Libraries/STM32F4xx_StdPeriph_Driver/src/stm32f4xx_syscfg.o
 .debug_abbrev  0x00001960      0x18b obj/Libraries/STM32F4xx_StdPeriph_Driver/src/stm32f4xx_tim.o
 .debug_abbrev  0x00001aeb      0x159 obj/Libraries/STM32F4xx_StdPeriph_Driver/src/stm32f4xx_usart.o

.debug_loc      0x00000000     0x45cf
 .debug_loc     0x00000000      0x1d4 obj/src/main.o
 .debug_loc     0x000001d4      0x108 obj/src/stm32f4xx_it.o
 .debug_loc     0x000002dc       0x9c obj/src/system_stm32f4xx.o
 .debug_loc     0x00000378      0x1af obj/src/printf-stdarg.o
 .debug_loc     0x00000527       0xbc obj/src/pwrtrain_steering.o
 .debug_loc     0x000005e3       0x70 obj/src/communication.o
 .debug_loc     0x00000653      0x26c obj/Utilities/STM32F4-Discovery/stm32f4_discovery.o
 .debug_loc     0x000008bf      0x118 obj/FreeRTOS_Source/list.o
 .debug_loc     0x000009d7      0x3f0 obj/FreeRTOS_Source/queue.o
 .debug_loc     0x00000dc7      0x7b0 obj/FreeRTOS_Source/tasks.o
 .debug_loc     0x00001577      0x304 obj/FreeRTOS_Source/timers.o
 .debug_loc     0x0000187b       0xc8 obj/FreeRTOS_Source/portable/MemMang/heap_1.o
 .debug_loc     0x00001943      0x178 obj/FreeRTOS_Source/portable/GCC/ARM_CM4F/port.o
 .debug_loc     0x00001abb      0x118 obj/Libraries/STM32F4xx_StdPeriph_Driver/src/misc.o
 .debug_loc     0x00001bd3      0x1b4 obj/Libraries/STM32F4xx_StdPeriph_Driver/src/stm32f4xx_exti.o
 .debug_loc     0x00001d87      0x310 obj/Libraries/STM32F4xx_StdPeriph_Driver/src/stm32f4xx_gpio.o
 .debug_loc     0x00002097      0x97c obj/Libraries/STM32F4xx_StdPeriph_Driver/src/stm32f4xx_rcc.o
 .debug_loc     0x00002a13      0x144 obj/Libraries/STM32F4xx_StdPeriph_Driver/src/stm32f4xx_syscfg.o
 .debug_loc     0x00002b57     0x1420 obj/Libraries/STM32F4xx_StdPeriph_Driver/src/stm32f4xx_tim.o
 .debug_loc     0x00003f77      0x658 obj/Libraries/STM32F4xx_StdPeriph_Driver/src/stm32f4xx_usart.o

.debug_aranges  0x00000000      0xc50
 .debug_aranges
                0x00000000       0x60 obj/src/main.o
 .debug_aranges
                0x00000060       0x28 obj/src/startup_stm32f4xx.o
 .debug_aranges
                0x00000088       0x48 obj/src/stm32f4xx_it.o
 .debug_aranges
                0x000000d0       0x30 obj/src/system_stm32f4xx.o
 .debug_aranges
                0x00000100       0x50 obj/src/printf-stdarg.o
 .debug_aranges
                0x00000150       0x38 obj/src/pwrtrain_steering.o
 .debug_aranges
                0x00000188       0x28 obj/src/communication.o
 .debug_aranges
                0x000001b0       0x70 obj/Utilities/STM32F4-Discovery/stm32f4_discovery.o
 .debug_aranges
                0x00000220       0x40 obj/FreeRTOS_Source/list.o
 .debug_aranges
                0x00000260       0xa8 obj/FreeRTOS_Source/queue.o
 .debug_aranges
                0x00000308      0x138 obj/FreeRTOS_Source/tasks.o
 .debug_aranges
                0x00000440       0x88 obj/FreeRTOS_Source/timers.o
 .debug_aranges
                0x000004c8       0x38 obj/FreeRTOS_Source/portable/MemMang/heap_1.o
 .debug_aranges
                0x00000500       0x78 obj/FreeRTOS_Source/portable/GCC/ARM_CM4F/port.o
 .debug_aranges
                0x00000578       0x40 obj/Libraries/STM32F4xx_StdPeriph_Driver/src/misc.o
 .debug_aranges
                0x000005b8       0x58 obj/Libraries/STM32F4xx_StdPeriph_Driver/src/stm32f4xx_exti.o
 .debug_aranges
                0x00000610       0x88 obj/Libraries/STM32F4xx_StdPeriph_Driver/src/stm32f4xx_gpio.o
 .debug_aranges
                0x00000698      0x178 obj/Libraries/STM32F4xx_StdPeriph_Driver/src/stm32f4xx_rcc.o
 .debug_aranges
                0x00000810       0x48 obj/Libraries/STM32F4xx_StdPeriph_Driver/src/stm32f4xx_syscfg.o
 .debug_aranges
                0x00000858      0x2f8 obj/Libraries/STM32F4xx_StdPeriph_Driver/src/stm32f4xx_tim.o
 .debug_aranges
                0x00000b50      0x100 obj/Libraries/STM32F4xx_StdPeriph_Driver/src/stm32f4xx_usart.o

.debug_ranges   0x00000000      0xb08
 .debug_ranges  0x00000000       0x50 obj/src/main.o
 .debug_ranges  0x00000050       0x20 obj/src/startup_stm32f4xx.o
 .debug_ranges  0x00000070       0x38 obj/src/stm32f4xx_it.o
 .debug_ranges  0x000000a8       0x20 obj/src/system_stm32f4xx.o
 .debug_ranges  0x000000c8       0x40 obj/src/printf-stdarg.o
 .debug_ranges  0x00000108       0x28 obj/src/pwrtrain_steering.o
 .debug_ranges  0x00000130       0x18 obj/src/communication.o
 .debug_ranges  0x00000148       0x60 obj/Utilities/STM32F4-Discovery/stm32f4_discovery.o
 .debug_ranges  0x000001a8       0x30 obj/FreeRTOS_Source/list.o
 .debug_ranges  0x000001d8       0x98 obj/FreeRTOS_Source/queue.o
 .debug_ranges  0x00000270      0x128 obj/FreeRTOS_Source/tasks.o
 .debug_ranges  0x00000398       0x78 obj/FreeRTOS_Source/timers.o
 .debug_ranges  0x00000410       0x28 obj/FreeRTOS_Source/portable/MemMang/heap_1.o
 .debug_ranges  0x00000438       0x68 obj/FreeRTOS_Source/portable/GCC/ARM_CM4F/port.o
 .debug_ranges  0x000004a0       0x30 obj/Libraries/STM32F4xx_StdPeriph_Driver/src/misc.o
 .debug_ranges  0x000004d0       0x48 obj/Libraries/STM32F4xx_StdPeriph_Driver/src/stm32f4xx_exti.o
 .debug_ranges  0x00000518       0x78 obj/Libraries/STM32F4xx_StdPeriph_Driver/src/stm32f4xx_gpio.o
 .debug_ranges  0x00000590      0x168 obj/Libraries/STM32F4xx_StdPeriph_Driver/src/stm32f4xx_rcc.o
 .debug_ranges  0x000006f8       0x38 obj/Libraries/STM32F4xx_StdPeriph_Driver/src/stm32f4xx_syscfg.o
 .debug_ranges  0x00000730      0x2e8 obj/Libraries/STM32F4xx_StdPeriph_Driver/src/stm32f4xx_tim.o
 .debug_ranges  0x00000a18       0xf0 obj/Libraries/STM32F4xx_StdPeriph_Driver/src/stm32f4xx_usart.o

.debug_line     0x00000000     0x3c8e
 .debug_line    0x00000000      0x2f9 obj/src/main.o
 .debug_line    0x000002f9       0x74 obj/src/startup_stm32f4xx.o
 .debug_line    0x0000036d      0x140 obj/src/stm32f4xx_it.o
 .debug_line    0x000004ad      0x184 obj/src/system_stm32f4xx.o
 .debug_line    0x00000631      0x225 obj/src/printf-stdarg.o
 .debug_line    0x00000856      0x248 obj/src/pwrtrain_steering.o
 .debug_line    0x00000a9e      0x1a0 obj/src/communication.o
 .debug_line    0x00000c3e      0x2f7 obj/Utilities/STM32F4-Discovery/stm32f4_discovery.o
 .debug_line    0x00000f35      0x112 obj/FreeRTOS_Source/list.o
 .debug_line    0x00001047      0x498 obj/FreeRTOS_Source/queue.o
 .debug_line    0x000014df      0x762 obj/FreeRTOS_Source/tasks.o
 .debug_line    0x00001c41      0x2a1 obj/FreeRTOS_Source/timers.o
 .debug_line    0x00001ee2       0xfe obj/FreeRTOS_Source/portable/MemMang/heap_1.o
 .debug_line    0x00001fe0      0x171 obj/FreeRTOS_Source/portable/GCC/ARM_CM4F/port.o
 .debug_line    0x00002151      0x1ba obj/Libraries/STM32F4xx_StdPeriph_Driver/src/misc.o
 .debug_line    0x0000230b      0x21a obj/Libraries/STM32F4xx_StdPeriph_Driver/src/stm32f4xx_exti.o
 .debug_line    0x00002525      0x2b4 obj/Libraries/STM32F4xx_StdPeriph_Driver/src/stm32f4xx_gpio.o
 .debug_line    0x000027d9      0x510 obj/Libraries/STM32F4xx_StdPeriph_Driver/src/stm32f4xx_rcc.o
 .debug_line    0x00002ce9      0x19e obj/Libraries/STM32F4xx_StdPeriph_Driver/src/stm32f4xx_syscfg.o
 .debug_line    0x00002e87      0x9ee obj/Libraries/STM32F4xx_StdPeriph_Driver/src/stm32f4xx_tim.o
 .debug_line    0x00003875      0x419 obj/Libraries/STM32F4xx_StdPeriph_Driver/src/stm32f4xx_usart.o

.debug_str      0x00000000     0x3ddf
 .debug_str     0x00000000      0x480 obj/src/main.o
                                0x4e9 (size before relaxing)
 .debug_str     0x00000480       0x78 obj/src/stm32f4xx_it.o
                                0x1b9 (size before relaxing)
 .debug_str     0x000004f8      0x161 obj/src/system_stm32f4xx.o
                                0x374 (size before relaxing)
 .debug_str     0x00000659       0xa2 obj/src/printf-stdarg.o
                                0x16b (size before relaxing)
 .debug_str     0x000006fb      0x935 obj/src/pwrtrain_steering.o
                                0xbc0 (size before relaxing)
 .debug_str     0x00001030       0xd7 obj/src/communication.o
                                0x286 (size before relaxing)
 .debug_str     0x00001107      0x4c7 obj/Utilities/STM32F4-Discovery/stm32f4_discovery.o
                                0xe74 (size before relaxing)
 .debug_str     0x000015ce      0x135 obj/FreeRTOS_Source/list.o
                                0x279 (size before relaxing)
 .debug_str     0x00001703      0x33b obj/FreeRTOS_Source/queue.o
                                0x546 (size before relaxing)
 .debug_str     0x00001a3e      0x6a7 obj/FreeRTOS_Source/tasks.o
                                0x919 (size before relaxing)
 .debug_str     0x000020e5      0x349 obj/FreeRTOS_Source/timers.o
                                0x546 (size before relaxing)
 .debug_str     0x0000242e       0xb5 obj/FreeRTOS_Source/portable/MemMang/heap_1.o
                                0x20a (size before relaxing)
 .debug_str     0x000024e3      0x137 obj/FreeRTOS_Source/portable/GCC/ARM_CM4F/port.o
                                0x259 (size before relaxing)
 .debug_str     0x0000261a      0x15a obj/Libraries/STM32F4xx_StdPeriph_Driver/src/misc.o
                                0x3c2 (size before relaxing)
 .debug_str     0x00002774      0x107 obj/Libraries/STM32F4xx_StdPeriph_Driver/src/stm32f4xx_exti.o
                                0x357 (size before relaxing)
 .debug_str     0x0000287b      0x18d obj/Libraries/STM32F4xx_StdPeriph_Driver/src/stm32f4xx_gpio.o
                                0x48c (size before relaxing)
 .debug_str     0x00002a08      0x560 obj/Libraries/STM32F4xx_StdPeriph_Driver/src/stm32f4xx_rcc.o
                                0x839 (size before relaxing)
 .debug_str     0x00002f68      0x153 obj/Libraries/STM32F4xx_StdPeriph_Driver/src/stm32f4xx_syscfg.o
                                0x2e8 (size before relaxing)
 .debug_str     0x000030bb      0x994 obj/Libraries/STM32F4xx_StdPeriph_Driver/src/stm32f4xx_tim.o
                                0xdb9 (size before relaxing)
 .debug_str     0x00003a4f      0x390 obj/Libraries/STM32F4xx_StdPeriph_Driver/src/stm32f4xx_usart.o
                                0x678 (size before relaxing)

.comment        0x00000000       0x70
 .comment       0x00000000       0x70 obj/src/main.o
                                 0x71 (size before relaxing)
 .comment       0x00000000       0x71 obj/src/stm32f4xx_it.o
 .comment       0x00000000       0x71 obj/src/system_stm32f4xx.o
 .comment       0x00000000       0x71 obj/src/printf-stdarg.o
 .comment       0x00000000       0x71 obj/src/pwrtrain_steering.o
 .comment       0x00000000       0x71 obj/src/communication.o
 .comment       0x00000000       0x71 obj/Utilities/STM32F4-Discovery/stm32f4_discovery.o
 .comment       0x00000000       0x71 obj/FreeRTOS_Source/list.o
 .comment       0x00000000       0x71 obj/FreeRTOS_Source/queue.o
 .comment       0x00000000       0x71 obj/FreeRTOS_Source/tasks.o
 .comment       0x00000000       0x71 obj/FreeRTOS_Source/timers.o
 .comment       0x00000000       0x71 obj/FreeRTOS_Source/portable/MemMang/heap_1.o
 .comment       0x00000000       0x71 obj/FreeRTOS_Source/portable/GCC/ARM_CM4F/port.o
 .comment       0x00000000       0x71 obj/Libraries/STM32F4xx_StdPeriph_Driver/src/misc.o
 .comment       0x00000000       0x71 obj/Libraries/STM32F4xx_StdPeriph_Driver/src/stm32f4xx_exti.o
 .comment       0x00000000       0x71 obj/Libraries/STM32F4xx_StdPeriph_Driver/src/stm32f4xx_gpio.o
 .comment       0x00000000       0x71 obj/Libraries/STM32F4xx_StdPeriph_Driver/src/stm32f4xx_rcc.o
 .comment       0x00000000       0x71 obj/Libraries/STM32F4xx_StdPeriph_Driver/src/stm32f4xx_syscfg.o
 .comment       0x00000000       0x71 obj/Libraries/STM32F4xx_StdPeriph_Driver/src/stm32f4xx_tim.o
 .comment       0x00000000       0x71 obj/Libraries/STM32F4xx_StdPeriph_Driver/src/stm32f4xx_usart.o

.debug_frame    0x00000000     0x27f4
 .debug_frame   0x00000000      0x118 obj/src/main.o
 .debug_frame   0x00000118       0xa0 obj/src/stm32f4xx_it.o
 .debug_frame   0x000001b8       0x64 obj/src/system_stm32f4xx.o
 .debug_frame   0x0000021c      0x11c obj/src/printf-stdarg.o
 .debug_frame   0x00000338       0x84 obj/src/pwrtrain_steering.o
 .debug_frame   0x000003bc       0x50 obj/src/communication.o
 .debug_frame   0x0000040c      0x164 obj/Utilities/STM32F4-Discovery/stm32f4_discovery.o
 .debug_frame   0x00000570       0x9c obj/FreeRTOS_Source/list.o
 .debug_frame   0x0000060c      0x244 obj/FreeRTOS_Source/queue.o
 .debug_frame   0x00000850      0x460 obj/FreeRTOS_Source/tasks.o
 .debug_frame   0x00000cb0      0x1c4 obj/FreeRTOS_Source/timers.o
 .debug_frame   0x00000e74       0x7c obj/FreeRTOS_Source/portable/MemMang/heap_1.o
 .debug_frame   0x00000ef0      0x120 obj/FreeRTOS_Source/portable/GCC/ARM_CM4F/port.o
 .debug_frame   0x00001010       0x9c obj/Libraries/STM32F4xx_StdPeriph_Driver/src/misc.o
 .debug_frame   0x000010ac       0xec obj/Libraries/STM32F4xx_StdPeriph_Driver/src/stm32f4xx_exti.o
 .debug_frame   0x00001198      0x19c obj/Libraries/STM32F4xx_StdPeriph_Driver/src/stm32f4xx_gpio.o
 .debug_frame   0x00001334      0x4d8 obj/Libraries/STM32F4xx_StdPeriph_Driver/src/stm32f4xx_rcc.o
 .debug_frame   0x0000180c       0xbc obj/Libraries/STM32F4xx_StdPeriph_Driver/src/stm32f4xx_syscfg.o
 .debug_frame   0x000018c8      0xa3c obj/Libraries/STM32F4xx_StdPeriph_Driver/src/stm32f4xx_tim.o
 .debug_frame   0x00002304      0x344 obj/Libraries/STM32F4xx_StdPeriph_Driver/src/stm32f4xx_usart.o
 .debug_frame   0x00002648       0x34 /opt/gcc-arm-none-eabi-4_7-2013q1/bin/../lib/gcc/arm-none-eabi/4.7.3/../../../../arm-none-eabi/lib/armv7e-m/softfp/libc.a(lib_a-__atexit.o)
 .debug_frame   0x0000267c       0x2c /opt/gcc-arm-none-eabi-4_7-2013q1/bin/../lib/gcc/arm-none-eabi/4.7.3/../../../../arm-none-eabi/lib/armv7e-m/softfp/libc.a(lib_a-fini.o)
 .debug_frame   0x000026a8       0x30 /opt/gcc-arm-none-eabi-4_7-2013q1/bin/../lib/gcc/arm-none-eabi/4.7.3/../../../../arm-none-eabi/lib/armv7e-m/softfp/libc.a(lib_a-init.o)
 .debug_frame   0x000026d8       0x2c /opt/gcc-arm-none-eabi-4_7-2013q1/bin/../lib/gcc/arm-none-eabi/4.7.3/../../../../arm-none-eabi/lib/armv7e-m/softfp/libc.a(lib_a-memcmp.o)
 .debug_frame   0x00002704       0x30 /opt/gcc-arm-none-eabi-4_7-2013q1/bin/../lib/gcc/arm-none-eabi/4.7.3/../../../../arm-none-eabi/lib/armv7e-m/softfp/libc.a(lib_a-memcpy.o)
 .debug_frame   0x00002734       0x2c /opt/gcc-arm-none-eabi-4_7-2013q1/bin/../lib/gcc/arm-none-eabi/4.7.3/../../../../arm-none-eabi/lib/armv7e-m/softfp/libc.a(lib_a-memset.o)
 .debug_frame   0x00002760       0x2c /opt/gcc-arm-none-eabi-4_7-2013q1/bin/../lib/gcc/arm-none-eabi/4.7.3/../../../../arm-none-eabi/lib/armv7e-m/softfp/libc.a(lib_a-strncpy.o)
 .debug_frame   0x0000278c       0x48 /opt/gcc-arm-none-eabi-4_7-2013q1/bin/../lib/gcc/arm-none-eabi/4.7.3/../../../../arm-none-eabi/lib/armv7e-m/softfp/libc.a(lib_a-__call_atexit.o)
 .debug_frame   0x000027d4       0x20 /opt/gcc-arm-none-eabi-4_7-2013q1/bin/../lib/gcc/arm-none-eabi/4.7.3/../../../../arm-none-eabi/lib/armv7e-m/softfp/libc.a(lib_a-atexit.o)

Cross Reference Table

Symbol                                            File
ADC_AnalogWatchdogCmd                             obj/Libraries/STM32F4xx_StdPeriph_Driver/src/stm32f4xx_adc.o
ADC_AnalogWatchdogSingleChannelConfig             obj/Libraries/STM32F4xx_StdPeriph_Driver/src/stm32f4xx_adc.o
ADC_AnalogWatchdogThresholdsConfig                obj/Libraries/STM32F4xx_StdPeriph_Driver/src/stm32f4xx_adc.o
ADC_AutoInjectedConvCmd                           obj/Libraries/STM32F4xx_StdPeriph_Driver/src/stm32f4xx_adc.o
ADC_ClearFlag                                     obj/Libraries/STM32F4xx_StdPeriph_Driver/src/stm32f4xx_adc.o
ADC_ClearITPendingBit                             obj/Libraries/STM32F4xx_StdPeriph_Driver/src/stm32f4xx_adc.o
ADC_Cmd                                           obj/Libraries/STM32F4xx_StdPeriph_Driver/src/stm32f4xx_adc.o
ADC_CommonInit                                    obj/Libraries/STM32F4xx_StdPeriph_Driver/src/stm32f4xx_adc.o
ADC_CommonStructInit                              obj/Libraries/STM32F4xx_StdPeriph_Driver/src/stm32f4xx_adc.o
ADC_ContinuousModeCmd                             obj/Libraries/STM32F4xx_StdPeriph_Driver/src/stm32f4xx_adc.o
ADC_DMACmd                                        obj/Libraries/STM32F4xx_StdPeriph_Driver/src/stm32f4xx_adc.o
ADC_DMARequestAfterLastTransferCmd                obj/Libraries/STM32F4xx_StdPeriph_Driver/src/stm32f4xx_adc.o
ADC_DeInit                                        obj/Libraries/STM32F4xx_StdPeriph_Driver/src/stm32f4xx_adc.o
ADC_DiscModeChannelCountConfig                    obj/Libraries/STM32F4xx_StdPeriph_Driver/src/stm32f4xx_adc.o
ADC_DiscModeCmd                                   obj/Libraries/STM32F4xx_StdPeriph_Driver/src/stm32f4xx_adc.o
ADC_EOCOnEachRegularChannelCmd                    obj/Libraries/STM32F4xx_StdPeriph_Driver/src/stm32f4xx_adc.o
ADC_ExternalTrigInjectedConvConfig                obj/Libraries/STM32F4xx_StdPeriph_Driver/src/stm32f4xx_adc.o
ADC_ExternalTrigInjectedConvEdgeConfig            obj/Libraries/STM32F4xx_StdPeriph_Driver/src/stm32f4xx_adc.o
ADC_GetConversionValue                            obj/Libraries/STM32F4xx_StdPeriph_Driver/src/stm32f4xx_adc.o
ADC_GetFlagStatus                                 obj/Libraries/STM32F4xx_StdPeriph_Driver/src/stm32f4xx_adc.o
ADC_GetITStatus                                   obj/Libraries/STM32F4xx_StdPeriph_Driver/src/stm32f4xx_adc.o
ADC_GetInjectedConversionValue                    obj/Libraries/STM32F4xx_StdPeriph_Driver/src/stm32f4xx_adc.o
ADC_GetMultiModeConversionValue                   obj/Libraries/STM32F4xx_StdPeriph_Driver/src/stm32f4xx_adc.o
ADC_GetSoftwareStartConvStatus                    obj/Libraries/STM32F4xx_StdPeriph_Driver/src/stm32f4xx_adc.o
ADC_GetSoftwareStartInjectedConvCmdStatus         obj/Libraries/STM32F4xx_StdPeriph_Driver/src/stm32f4xx_adc.o
ADC_IRQHandler                                    obj/src/startup_stm32f4xx.o
ADC_ITConfig                                      obj/Libraries/STM32F4xx_StdPeriph_Driver/src/stm32f4xx_adc.o
ADC_Init                                          obj/Libraries/STM32F4xx_StdPeriph_Driver/src/stm32f4xx_adc.o
ADC_InjectedChannelConfig                         obj/Libraries/STM32F4xx_StdPeriph_Driver/src/stm32f4xx_adc.o
ADC_InjectedDiscModeCmd                           obj/Libraries/STM32F4xx_StdPeriph_Driver/src/stm32f4xx_adc.o
ADC_InjectedSequencerLengthConfig                 obj/Libraries/STM32F4xx_StdPeriph_Driver/src/stm32f4xx_adc.o
ADC_MultiModeDMARequestAfterLastTransferCmd       obj/Libraries/STM32F4xx_StdPeriph_Driver/src/stm32f4xx_adc.o
ADC_RegularChannelConfig                          obj/Libraries/STM32F4xx_StdPeriph_Driver/src/stm32f4xx_adc.o
ADC_SetInjectedOffset                             obj/Libraries/STM32F4xx_StdPeriph_Driver/src/stm32f4xx_adc.o
ADC_SoftwareStartConv                             obj/Libraries/STM32F4xx_StdPeriph_Driver/src/stm32f4xx_adc.o
ADC_SoftwareStartInjectedConv                     obj/Libraries/STM32F4xx_StdPeriph_Driver/src/stm32f4xx_adc.o
ADC_StructInit                                    obj/Libraries/STM32F4xx_StdPeriph_Driver/src/stm32f4xx_adc.o
ADC_TempSensorVrefintCmd                          obj/Libraries/STM32F4xx_StdPeriph_Driver/src/stm32f4xx_adc.o
ADC_VBATCmd                                       obj/Libraries/STM32F4xx_StdPeriph_Driver/src/stm32f4xx_adc.o
AHBPrescTable                                     obj/src/system_stm32f4xx.o
BUTTON_CLK                                        obj/Utilities/STM32F4-Discovery/stm32f4_discovery.o
BUTTON_EXTI_LINE                                  obj/Utilities/STM32F4-Discovery/stm32f4_discovery.o
BUTTON_IRQn                                       obj/Utilities/STM32F4-Discovery/stm32f4_discovery.o
BUTTON_PIN                                        obj/Utilities/STM32F4-Discovery/stm32f4_discovery.o
BUTTON_PIN_SOURCE                                 obj/Utilities/STM32F4-Discovery/stm32f4_discovery.o
BUTTON_PORT                                       obj/Utilities/STM32F4-Discovery/stm32f4_discovery.o
BUTTON_PORT_SOURCE                                obj/Utilities/STM32F4-Discovery/stm32f4_discovery.o
BusFault_Handler                                  obj/src/stm32f4xx_it.o
                                                  obj/src/startup_stm32f4xx.o
CAN1_RX0_IRQHandler                               obj/src/startup_stm32f4xx.o
CAN1_RX1_IRQHandler                               obj/src/startup_stm32f4xx.o
CAN1_SCE_IRQHandler                               obj/src/startup_stm32f4xx.o
CAN1_TX_IRQHandler                                obj/src/startup_stm32f4xx.o
CAN2_RX0_IRQHandler                               obj/src/startup_stm32f4xx.o
CAN2_RX1_IRQHandler                               obj/src/startup_stm32f4xx.o
CAN2_SCE_IRQHandler                               obj/src/startup_stm32f4xx.o
CAN2_TX_IRQHandler                                obj/src/startup_stm32f4xx.o
CAN_CancelTransmit                                obj/Libraries/STM32F4xx_StdPeriph_Driver/src/stm32f4xx_can.o
CAN_ClearFlag                                     obj/Libraries/STM32F4xx_StdPeriph_Driver/src/stm32f4xx_can.o
CAN_ClearITPendingBit                             obj/Libraries/STM32F4xx_StdPeriph_Driver/src/stm32f4xx_can.o
CAN_DBGFreeze                                     obj/Libraries/STM32F4xx_StdPeriph_Driver/src/stm32f4xx_can.o
CAN_DeInit                                        obj/Libraries/STM32F4xx_StdPeriph_Driver/src/stm32f4xx_can.o
CAN_FIFORelease                                   obj/Libraries/STM32F4xx_StdPeriph_Driver/src/stm32f4xx_can.o
CAN_FilterInit                                    obj/Libraries/STM32F4xx_StdPeriph_Driver/src/stm32f4xx_can.o
CAN_GetFlagStatus                                 obj/Libraries/STM32F4xx_StdPeriph_Driver/src/stm32f4xx_can.o
CAN_GetITStatus                                   obj/Libraries/STM32F4xx_StdPeriph_Driver/src/stm32f4xx_can.o
CAN_GetLSBTransmitErrorCounter                    obj/Libraries/STM32F4xx_StdPeriph_Driver/src/stm32f4xx_can.o
CAN_GetLastErrorCode                              obj/Libraries/STM32F4xx_StdPeriph_Driver/src/stm32f4xx_can.o
CAN_GetReceiveErrorCounter                        obj/Libraries/STM32F4xx_StdPeriph_Driver/src/stm32f4xx_can.o
CAN_ITConfig                                      obj/Libraries/STM32F4xx_StdPeriph_Driver/src/stm32f4xx_can.o
CAN_Init                                          obj/Libraries/STM32F4xx_StdPeriph_Driver/src/stm32f4xx_can.o
CAN_MessagePending                                obj/Libraries/STM32F4xx_StdPeriph_Driver/src/stm32f4xx_can.o
CAN_OperatingModeRequest                          obj/Libraries/STM32F4xx_StdPeriph_Driver/src/stm32f4xx_can.o
CAN_Receive                                       obj/Libraries/STM32F4xx_StdPeriph_Driver/src/stm32f4xx_can.o
CAN_SlaveStartBank                                obj/Libraries/STM32F4xx_StdPeriph_Driver/src/stm32f4xx_can.o
CAN_Sleep                                         obj/Libraries/STM32F4xx_StdPeriph_Driver/src/stm32f4xx_can.o
CAN_StructInit                                    obj/Libraries/STM32F4xx_StdPeriph_Driver/src/stm32f4xx_can.o
CAN_TTComModeCmd                                  obj/Libraries/STM32F4xx_StdPeriph_Driver/src/stm32f4xx_can.o
CAN_Transmit                                      obj/Libraries/STM32F4xx_StdPeriph_Driver/src/stm32f4xx_can.o
CAN_TransmitStatus                                obj/Libraries/STM32F4xx_StdPeriph_Driver/src/stm32f4xx_can.o
CAN_WakeUp                                        obj/Libraries/STM32F4xx_StdPeriph_Driver/src/stm32f4xx_can.o
COM_RX_AF                                         obj/Utilities/STM32F4-Discovery/stm32f4_discovery.o
COM_RX_PIN                                        obj/Utilities/STM32F4-Discovery/stm32f4_discovery.o
COM_RX_PIN_SOURCE                                 obj/Utilities/STM32F4-Discovery/stm32f4_discovery.o
COM_RX_PORT                                       obj/Utilities/STM32F4-Discovery/stm32f4_discovery.o
COM_RX_PORT_CLK                                   obj/Utilities/STM32F4-Discovery/stm32f4_discovery.o
COM_TX_AF                                         obj/Utilities/STM32F4-Discovery/stm32f4_discovery.o
COM_TX_PIN                                        obj/Utilities/STM32F4-Discovery/stm32f4_discovery.o
COM_TX_PIN_SOURCE                                 obj/Utilities/STM32F4-Discovery/stm32f4_discovery.o
COM_TX_PORT                                       obj/Utilities/STM32F4-Discovery/stm32f4_discovery.o
COM_TX_PORT_CLK                                   obj/Utilities/STM32F4-Discovery/stm32f4_discovery.o
COM_USART                                         obj/Utilities/STM32F4-Discovery/stm32f4_discovery.o
COM_USART_CLK                                     obj/Utilities/STM32F4-Discovery/stm32f4_discovery.o
CRC_CalcBlockCRC                                  obj/Libraries/STM32F4xx_StdPeriph_Driver/src/stm32f4xx_crc.o
CRC_CalcCRC                                       obj/Libraries/STM32F4xx_StdPeriph_Driver/src/stm32f4xx_crc.o
CRC_GetCRC                                        obj/Libraries/STM32F4xx_StdPeriph_Driver/src/stm32f4xx_crc.o
CRC_GetIDRegister                                 obj/Libraries/STM32F4xx_StdPeriph_Driver/src/stm32f4xx_crc.o
CRC_ResetDR                                       obj/Libraries/STM32F4xx_StdPeriph_Driver/src/stm32f4xx_crc.o
CRC_SetIDRegister                                 obj/Libraries/STM32F4xx_StdPeriph_Driver/src/stm32f4xx_crc.o
CRYP_AES_CBC                                      obj/Libraries/STM32F4xx_StdPeriph_Driver/src/stm32f4xx_cryp_aes.o
CRYP_AES_CTR                                      obj/Libraries/STM32F4xx_StdPeriph_Driver/src/stm32f4xx_cryp_aes.o
CRYP_AES_ECB                                      obj/Libraries/STM32F4xx_StdPeriph_Driver/src/stm32f4xx_cryp_aes.o
CRYP_Cmd                                          obj/Libraries/STM32F4xx_StdPeriph_Driver/src/stm32f4xx_cryp.o
                                                  obj/Libraries/STM32F4xx_StdPeriph_Driver/src/stm32f4xx_cryp_tdes.o
                                                  obj/Libraries/STM32F4xx_StdPeriph_Driver/src/stm32f4xx_cryp_des.o
                                                  obj/Libraries/STM32F4xx_StdPeriph_Driver/src/stm32f4xx_cryp_aes.o
CRYP_DES_CBC                                      obj/Libraries/STM32F4xx_StdPeriph_Driver/src/stm32f4xx_cryp_des.o
CRYP_DES_ECB                                      obj/Libraries/STM32F4xx_StdPeriph_Driver/src/stm32f4xx_cryp_des.o
CRYP_DMACmd                                       obj/Libraries/STM32F4xx_StdPeriph_Driver/src/stm32f4xx_cryp.o
CRYP_DataIn                                       obj/Libraries/STM32F4xx_StdPeriph_Driver/src/stm32f4xx_cryp.o
                                                  obj/Libraries/STM32F4xx_StdPeriph_Driver/src/stm32f4xx_cryp_tdes.o
                                                  obj/Libraries/STM32F4xx_StdPeriph_Driver/src/stm32f4xx_cryp_des.o
                                                  obj/Libraries/STM32F4xx_StdPeriph_Driver/src/stm32f4xx_cryp_aes.o
CRYP_DataOut                                      obj/Libraries/STM32F4xx_StdPeriph_Driver/src/stm32f4xx_cryp.o
                                                  obj/Libraries/STM32F4xx_StdPeriph_Driver/src/stm32f4xx_cryp_tdes.o
                                                  obj/Libraries/STM32F4xx_StdPeriph_Driver/src/stm32f4xx_cryp_des.o
                                                  obj/Libraries/STM32F4xx_StdPeriph_Driver/src/stm32f4xx_cryp_aes.o
CRYP_DeInit                                       obj/Libraries/STM32F4xx_StdPeriph_Driver/src/stm32f4xx_cryp.o
CRYP_FIFOFlush                                    obj/Libraries/STM32F4xx_StdPeriph_Driver/src/stm32f4xx_cryp.o
                                                  obj/Libraries/STM32F4xx_StdPeriph_Driver/src/stm32f4xx_cryp_tdes.o
                                                  obj/Libraries/STM32F4xx_StdPeriph_Driver/src/stm32f4xx_cryp_des.o
                                                  obj/Libraries/STM32F4xx_StdPeriph_Driver/src/stm32f4xx_cryp_aes.o
CRYP_GetFlagStatus                                obj/Libraries/STM32F4xx_StdPeriph_Driver/src/stm32f4xx_cryp.o
                                                  obj/Libraries/STM32F4xx_StdPeriph_Driver/src/stm32f4xx_cryp_tdes.o
                                                  obj/Libraries/STM32F4xx_StdPeriph_Driver/src/stm32f4xx_cryp_des.o
                                                  obj/Libraries/STM32F4xx_StdPeriph_Driver/src/stm32f4xx_cryp_aes.o
CRYP_GetITStatus                                  obj/Libraries/STM32F4xx_StdPeriph_Driver/src/stm32f4xx_cryp.o
CRYP_IRQHandler                                   obj/src/startup_stm32f4xx.o
CRYP_ITConfig                                     obj/Libraries/STM32F4xx_StdPeriph_Driver/src/stm32f4xx_cryp.o
CRYP_IVInit                                       obj/Libraries/STM32F4xx_StdPeriph_Driver/src/stm32f4xx_cryp.o
                                                  obj/Libraries/STM32F4xx_StdPeriph_Driver/src/stm32f4xx_cryp_tdes.o
                                                  obj/Libraries/STM32F4xx_StdPeriph_Driver/src/stm32f4xx_cryp_des.o
                                                  obj/Libraries/STM32F4xx_StdPeriph_Driver/src/stm32f4xx_cryp_aes.o
CRYP_IVStructInit                                 obj/Libraries/STM32F4xx_StdPeriph_Driver/src/stm32f4xx_cryp.o
CRYP_Init                                         obj/Libraries/STM32F4xx_StdPeriph_Driver/src/stm32f4xx_cryp.o
                                                  obj/Libraries/STM32F4xx_StdPeriph_Driver/src/stm32f4xx_cryp_tdes.o
                                                  obj/Libraries/STM32F4xx_StdPeriph_Driver/src/stm32f4xx_cryp_des.o
                                                  obj/Libraries/STM32F4xx_StdPeriph_Driver/src/stm32f4xx_cryp_aes.o
CRYP_KeyInit                                      obj/Libraries/STM32F4xx_StdPeriph_Driver/src/stm32f4xx_cryp.o
                                                  obj/Libraries/STM32F4xx_StdPeriph_Driver/src/stm32f4xx_cryp_tdes.o
                                                  obj/Libraries/STM32F4xx_StdPeriph_Driver/src/stm32f4xx_cryp_des.o
                                                  obj/Libraries/STM32F4xx_StdPeriph_Driver/src/stm32f4xx_cryp_aes.o
CRYP_KeyStructInit                                obj/Libraries/STM32F4xx_StdPeriph_Driver/src/stm32f4xx_cryp.o
                                                  obj/Libraries/STM32F4xx_StdPeriph_Driver/src/stm32f4xx_cryp_tdes.o
                                                  obj/Libraries/STM32F4xx_StdPeriph_Driver/src/stm32f4xx_cryp_des.o
                                                  obj/Libraries/STM32F4xx_StdPeriph_Driver/src/stm32f4xx_cryp_aes.o
CRYP_RestoreContext                               obj/Libraries/STM32F4xx_StdPeriph_Driver/src/stm32f4xx_cryp.o
CRYP_SaveContext                                  obj/Libraries/STM32F4xx_StdPeriph_Driver/src/stm32f4xx_cryp.o
CRYP_StructInit                                   obj/Libraries/STM32F4xx_StdPeriph_Driver/src/stm32f4xx_cryp.o
CRYP_TDES_CBC                                     obj/Libraries/STM32F4xx_StdPeriph_Driver/src/stm32f4xx_cryp_tdes.o
CRYP_TDES_ECB                                     obj/Libraries/STM32F4xx_StdPeriph_Driver/src/stm32f4xx_cryp_tdes.o
DAC_ClearFlag                                     obj/Libraries/STM32F4xx_StdPeriph_Driver/src/stm32f4xx_dac.o
DAC_ClearITPendingBit                             obj/Libraries/STM32F4xx_StdPeriph_Driver/src/stm32f4xx_dac.o
DAC_Cmd                                           obj/Libraries/STM32F4xx_StdPeriph_Driver/src/stm32f4xx_dac.o
DAC_DMACmd                                        obj/Libraries/STM32F4xx_StdPeriph_Driver/src/stm32f4xx_dac.o
DAC_DeInit                                        obj/Libraries/STM32F4xx_StdPeriph_Driver/src/stm32f4xx_dac.o
DAC_DualSoftwareTriggerCmd                        obj/Libraries/STM32F4xx_StdPeriph_Driver/src/stm32f4xx_dac.o
DAC_GetDataOutputValue                            obj/Libraries/STM32F4xx_StdPeriph_Driver/src/stm32f4xx_dac.o
DAC_GetFlagStatus                                 obj/Libraries/STM32F4xx_StdPeriph_Driver/src/stm32f4xx_dac.o
DAC_GetITStatus                                   obj/Libraries/STM32F4xx_StdPeriph_Driver/src/stm32f4xx_dac.o
DAC_ITConfig                                      obj/Libraries/STM32F4xx_StdPeriph_Driver/src/stm32f4xx_dac.o
DAC_Init                                          obj/Libraries/STM32F4xx_StdPeriph_Driver/src/stm32f4xx_dac.o
DAC_SetChannel1Data                               obj/Libraries/STM32F4xx_StdPeriph_Driver/src/stm32f4xx_dac.o
DAC_SetChannel2Data                               obj/Libraries/STM32F4xx_StdPeriph_Driver/src/stm32f4xx_dac.o
DAC_SetDualChannelData                            obj/Libraries/STM32F4xx_StdPeriph_Driver/src/stm32f4xx_dac.o
DAC_SoftwareTriggerCmd                            obj/Libraries/STM32F4xx_StdPeriph_Driver/src/stm32f4xx_dac.o
DAC_StructInit                                    obj/Libraries/STM32F4xx_StdPeriph_Driver/src/stm32f4xx_dac.o
DAC_WaveGenerationCmd                             obj/Libraries/STM32F4xx_StdPeriph_Driver/src/stm32f4xx_dac.o
DBGMCU_APB1PeriphConfig                           obj/Libraries/STM32F4xx_StdPeriph_Driver/src/stm32f4xx_dbgmcu.o
DBGMCU_APB2PeriphConfig                           obj/Libraries/STM32F4xx_StdPeriph_Driver/src/stm32f4xx_dbgmcu.o
DBGMCU_Config                                     obj/Libraries/STM32F4xx_StdPeriph_Driver/src/stm32f4xx_dbgmcu.o
DBGMCU_GetDEVID                                   obj/Libraries/STM32F4xx_StdPeriph_Driver/src/stm32f4xx_dbgmcu.o
DBGMCU_GetREVID                                   obj/Libraries/STM32F4xx_StdPeriph_Driver/src/stm32f4xx_dbgmcu.o
DCMI_CROPCmd                                      obj/Libraries/STM32F4xx_StdPeriph_Driver/src/stm32f4xx_dcmi.o
DCMI_CROPConfig                                   obj/Libraries/STM32F4xx_StdPeriph_Driver/src/stm32f4xx_dcmi.o
DCMI_CaptureCmd                                   obj/Libraries/STM32F4xx_StdPeriph_Driver/src/stm32f4xx_dcmi.o
DCMI_ClearFlag                                    obj/Libraries/STM32F4xx_StdPeriph_Driver/src/stm32f4xx_dcmi.o
DCMI_ClearITPendingBit                            obj/Libraries/STM32F4xx_StdPeriph_Driver/src/stm32f4xx_dcmi.o
DCMI_Cmd                                          obj/Libraries/STM32F4xx_StdPeriph_Driver/src/stm32f4xx_dcmi.o
DCMI_DeInit                                       obj/Libraries/STM32F4xx_StdPeriph_Driver/src/stm32f4xx_dcmi.o
DCMI_GetFlagStatus                                obj/Libraries/STM32F4xx_StdPeriph_Driver/src/stm32f4xx_dcmi.o
DCMI_GetITStatus                                  obj/Libraries/STM32F4xx_StdPeriph_Driver/src/stm32f4xx_dcmi.o
DCMI_IRQHandler                                   obj/src/startup_stm32f4xx.o
DCMI_ITConfig                                     obj/Libraries/STM32F4xx_StdPeriph_Driver/src/stm32f4xx_dcmi.o
DCMI_Init                                         obj/Libraries/STM32F4xx_StdPeriph_Driver/src/stm32f4xx_dcmi.o
DCMI_JPEGCmd                                      obj/Libraries/STM32F4xx_StdPeriph_Driver/src/stm32f4xx_dcmi.o
DCMI_ReadData                                     obj/Libraries/STM32F4xx_StdPeriph_Driver/src/stm32f4xx_dcmi.o
DCMI_SetEmbeddedSynchroCodes                      obj/Libraries/STM32F4xx_StdPeriph_Driver/src/stm32f4xx_dcmi.o
DCMI_StructInit                                   obj/Libraries/STM32F4xx_StdPeriph_Driver/src/stm32f4xx_dcmi.o
DMA1_Stream0_IRQHandler                           obj/src/startup_stm32f4xx.o
DMA1_Stream1_IRQHandler                           obj/src/startup_stm32f4xx.o
DMA1_Stream2_IRQHandler                           obj/src/startup_stm32f4xx.o
DMA1_Stream3_IRQHandler                           obj/src/startup_stm32f4xx.o
DMA1_Stream4_IRQHandler                           obj/src/startup_stm32f4xx.o
DMA1_Stream5_IRQHandler                           obj/src/startup_stm32f4xx.o
DMA1_Stream6_IRQHandler                           obj/src/startup_stm32f4xx.o
DMA1_Stream7_IRQHandler                           obj/src/startup_stm32f4xx.o
DMA2_Stream0_IRQHandler                           obj/src/startup_stm32f4xx.o
DMA2_Stream1_IRQHandler                           obj/src/startup_stm32f4xx.o
DMA2_Stream2_IRQHandler                           obj/src/startup_stm32f4xx.o
DMA2_Stream3_IRQHandler                           obj/src/startup_stm32f4xx.o
DMA2_Stream4_IRQHandler                           obj/src/startup_stm32f4xx.o
DMA2_Stream5_IRQHandler                           obj/src/startup_stm32f4xx.o
DMA2_Stream6_IRQHandler                           obj/src/startup_stm32f4xx.o
DMA2_Stream7_IRQHandler                           obj/src/startup_stm32f4xx.o
DMA_ClearFlag                                     obj/Libraries/STM32F4xx_StdPeriph_Driver/src/stm32f4xx_dma.o
                                                  obj/Utilities/STM32F4-Discovery/stm32f4_discovery.o
DMA_ClearITPendingBit                             obj/Libraries/STM32F4xx_StdPeriph_Driver/src/stm32f4xx_dma.o
DMA_Cmd                                           obj/Libraries/STM32F4xx_StdPeriph_Driver/src/stm32f4xx_dma.o
                                                  obj/Utilities/STM32F4-Discovery/stm32f4_discovery.o
DMA_DeInit                                        obj/Libraries/STM32F4xx_StdPeriph_Driver/src/stm32f4xx_dma.o
                                                  obj/Utilities/STM32F4-Discovery/stm32f4_discovery.o
DMA_DoubleBufferModeCmd                           obj/Libraries/STM32F4xx_StdPeriph_Driver/src/stm32f4xx_dma.o
DMA_DoubleBufferModeConfig                        obj/Libraries/STM32F4xx_StdPeriph_Driver/src/stm32f4xx_dma.o
DMA_FlowControllerConfig                          obj/Libraries/STM32F4xx_StdPeriph_Driver/src/stm32f4xx_dma.o
                                                  obj/Utilities/STM32F4-Discovery/stm32f4_discovery.o
DMA_GetCmdStatus                                  obj/Libraries/STM32F4xx_StdPeriph_Driver/src/stm32f4xx_dma.o
DMA_GetCurrDataCounter                            obj/Libraries/STM32F4xx_StdPeriph_Driver/src/stm32f4xx_dma.o
DMA_GetCurrentMemoryTarget                        obj/Libraries/STM32F4xx_StdPeriph_Driver/src/stm32f4xx_dma.o
DMA_GetFIFOStatus                                 obj/Libraries/STM32F4xx_StdPeriph_Driver/src/stm32f4xx_dma.o
DMA_GetFlagStatus                                 obj/Libraries/STM32F4xx_StdPeriph_Driver/src/stm32f4xx_dma.o
DMA_GetITStatus                                   obj/Libraries/STM32F4xx_StdPeriph_Driver/src/stm32f4xx_dma.o
DMA_ITConfig                                      obj/Libraries/STM32F4xx_StdPeriph_Driver/src/stm32f4xx_dma.o
                                                  obj/Utilities/STM32F4-Discovery/stm32f4_discovery.o
DMA_Init                                          obj/Libraries/STM32F4xx_StdPeriph_Driver/src/stm32f4xx_dma.o
                                                  obj/Utilities/STM32F4-Discovery/stm32f4_discovery.o
DMA_MemoryTargetConfig                            obj/Libraries/STM32F4xx_StdPeriph_Driver/src/stm32f4xx_dma.o
DMA_PeriphIncOffsetSizeConfig                     obj/Libraries/STM32F4xx_StdPeriph_Driver/src/stm32f4xx_dma.o
DMA_SetCurrDataCounter                            obj/Libraries/STM32F4xx_StdPeriph_Driver/src/stm32f4xx_dma.o
DMA_StructInit                                    obj/Libraries/STM32F4xx_StdPeriph_Driver/src/stm32f4xx_dma.o
DebugMon_Handler                                  obj/src/stm32f4xx_it.o
                                                  obj/src/startup_stm32f4xx.o
Default_Handler                                   obj/src/startup_stm32f4xx.o
ETH_IRQHandler                                    obj/src/startup_stm32f4xx.o
ETH_WKUP_IRQHandler                               obj/src/startup_stm32f4xx.o
EVAL_AUDIO_GetSampleCallBack                      obj/src/STM32F4-Discovery_callback.o
EVAL_AUDIO_TransferComplete_CallBack              obj/src/STM32F4-Discovery_callback.o
EXTI0_IRQHandler                                  obj/src/main.o
EXTI15_10_IRQHandler                              obj/src/startup_stm32f4xx.o
EXTI1_IRQHandler                                  obj/src/startup_stm32f4xx.o
EXTI2_IRQHandler                                  obj/src/startup_stm32f4xx.o
EXTI3_IRQHandler                                  obj/src/startup_stm32f4xx.o
EXTI4_IRQHandler                                  obj/src/startup_stm32f4xx.o
EXTI9_5_IRQHandler                                obj/src/startup_stm32f4xx.o
EXTI_ClearFlag                                    obj/Libraries/STM32F4xx_StdPeriph_Driver/src/stm32f4xx_exti.o
                                                  obj/src/main.o
EXTI_ClearITPendingBit                            obj/Libraries/STM32F4xx_StdPeriph_Driver/src/stm32f4xx_exti.o
EXTI_DeInit                                       obj/Libraries/STM32F4xx_StdPeriph_Driver/src/stm32f4xx_exti.o
EXTI_GenerateSWInterrupt                          obj/Libraries/STM32F4xx_StdPeriph_Driver/src/stm32f4xx_exti.o
EXTI_GetFlagStatus                                obj/Libraries/STM32F4xx_StdPeriph_Driver/src/stm32f4xx_exti.o
EXTI_GetITStatus                                  obj/Libraries/STM32F4xx_StdPeriph_Driver/src/stm32f4xx_exti.o
                                                  obj/src/main.o
EXTI_Init                                         obj/Libraries/STM32F4xx_StdPeriph_Driver/src/stm32f4xx_exti.o
                                                  obj/Utilities/STM32F4-Discovery/stm32f4_discovery.o
EXTI_StructInit                                   obj/Libraries/STM32F4xx_StdPeriph_Driver/src/stm32f4xx_exti.o
FLASH_ClearFlag                                   obj/Libraries/STM32F4xx_StdPeriph_Driver/src/stm32f4xx_flash.o
FLASH_DataCacheCmd                                obj/Libraries/STM32F4xx_StdPeriph_Driver/src/stm32f4xx_flash.o
FLASH_DataCacheReset                              obj/Libraries/STM32F4xx_StdPeriph_Driver/src/stm32f4xx_flash.o
FLASH_EraseAllSectors                             obj/Libraries/STM32F4xx_StdPeriph_Driver/src/stm32f4xx_flash.o
FLASH_EraseSector                                 obj/Libraries/STM32F4xx_StdPeriph_Driver/src/stm32f4xx_flash.o
FLASH_GetFlagStatus                               obj/Libraries/STM32F4xx_StdPeriph_Driver/src/stm32f4xx_flash.o
FLASH_GetStatus                                   obj/Libraries/STM32F4xx_StdPeriph_Driver/src/stm32f4xx_flash.o
FLASH_IRQHandler                                  obj/src/startup_stm32f4xx.o
FLASH_ITConfig                                    obj/Libraries/STM32F4xx_StdPeriph_Driver/src/stm32f4xx_flash.o
FLASH_InstructionCacheCmd                         obj/Libraries/STM32F4xx_StdPeriph_Driver/src/stm32f4xx_flash.o
FLASH_InstructionCacheReset                       obj/Libraries/STM32F4xx_StdPeriph_Driver/src/stm32f4xx_flash.o
FLASH_Lock                                        obj/Libraries/STM32F4xx_StdPeriph_Driver/src/stm32f4xx_flash.o
FLASH_OB_BORConfig                                obj/Libraries/STM32F4xx_StdPeriph_Driver/src/stm32f4xx_flash.o
FLASH_OB_GetBOR                                   obj/Libraries/STM32F4xx_StdPeriph_Driver/src/stm32f4xx_flash.o
FLASH_OB_GetRDP                                   obj/Libraries/STM32F4xx_StdPeriph_Driver/src/stm32f4xx_flash.o