Archive member included because of file (symbol)

/opt/gcc-arm-none-eabi-4_7-2013q1/bin/../lib/gcc/arm-none-eabi/4.7.3/../../../../arm-none-eabi/lib/armv7e-m/softfp/libc.a(lib_a-__atexit.o)
                              /opt/gcc-arm-none-eabi-4_7-2013q1/bin/../lib/gcc/arm-none-eabi/4.7.3/../../../../arm-none-eabi/lib/armv7e-m/softfp/crt0.o (__register_exitproc)
/opt/gcc-arm-none-eabi-4_7-2013q1/bin/../lib/gcc/arm-none-eabi/4.7.3/../../../../arm-none-eabi/lib/armv7e-m/softfp/libc.a(lib_a-exit.o)
                              /opt/gcc-arm-none-eabi-4_7-2013q1/bin/../lib/gcc/arm-none-eabi/4.7.3/../../../../arm-none-eabi/lib/armv7e-m/softfp/crt0.o (exit)
/opt/gcc-arm-none-eabi-4_7-2013q1/bin/../lib/gcc/arm-none-eabi/4.7.3/../../../../arm-none-eabi/lib/armv7e-m/softfp/libc.a(lib_a-fini.o)
                              /opt/gcc-arm-none-eabi-4_7-2013q1/bin/../lib/gcc/arm-none-eabi/4.7.3/../../../../arm-none-eabi/lib/armv7e-m/softfp/crt0.o (__libc_fini_array)
/opt/gcc-arm-none-eabi-4_7-2013q1/bin/../lib/gcc/arm-none-eabi/4.7.3/../../../../arm-none-eabi/lib/armv7e-m/softfp/libc.a(lib_a-impure.o)
                              /opt/gcc-arm-none-eabi-4_7-2013q1/bin/../lib/gcc/arm-none-eabi/4.7.3/../../../../arm-none-eabi/lib/armv7e-m/softfp/libc.a(lib_a-__atexit.o) (_global_impure_ptr)
/opt/gcc-arm-none-eabi-4_7-2013q1/bin/../lib/gcc/arm-none-eabi/4.7.3/../../../../arm-none-eabi/lib/armv7e-m/softfp/libc.a(lib_a-init.o)
                              /opt/gcc-arm-none-eabi-4_7-2013q1/bin/../lib/gcc/arm-none-eabi/4.7.3/../../../../arm-none-eabi/lib/armv7e-m/softfp/crt0.o (__libc_init_array)
/opt/gcc-arm-none-eabi-4_7-2013q1/bin/../lib/gcc/arm-none-eabi/4.7.3/../../../../arm-none-eabi/lib/armv7e-m/softfp/libc.a(lib_a-memcmp.o)
                              obj/FreeRTOS_Source/tasks.o (memcmp)
/opt/gcc-arm-none-eabi-4_7-2013q1/bin/../lib/gcc/arm-none-eabi/4.7.3/../../../../arm-none-eabi/lib/armv7e-m/softfp/libc.a(lib_a-memcpy.o)
                              obj/FreeRTOS_Source/queue.o (memcpy)
/opt/gcc-arm-none-eabi-4_7-2013q1/bin/../lib/gcc/arm-none-eabi/4.7.3/../../../../arm-none-eabi/lib/armv7e-m/softfp/libc.a(lib_a-memset.o)
                              /opt/gcc-arm-none-eabi-4_7-2013q1/bin/../lib/gcc/arm-none-eabi/4.7.3/../../../../arm-none-eabi/lib/armv7e-m/softfp/crt0.o (memset)
/opt/gcc-arm-none-eabi-4_7-2013q1/bin/../lib/gcc/arm-none-eabi/4.7.3/../../../../arm-none-eabi/lib/armv7e-m/softfp/libc.a(lib_a-strncpy.o)
                              obj/FreeRTOS_Source/tasks.o (strncpy)
/opt/gcc-arm-none-eabi-4_7-2013q1/bin/../lib/gcc/arm-none-eabi/4.7.3/../../../../arm-none-eabi/lib/armv7e-m/softfp/libc.a(lib_a-__call_atexit.o)
                              /opt/gcc-arm-none-eabi-4_7-2013q1/bin/../lib/gcc/arm-none-eabi/4.7.3/../../../../arm-none-eabi/lib/armv7e-m/softfp/libc.a(lib_a-exit.o) (__call_exitprocs)
/opt/gcc-arm-none-eabi-4_7-2013q1/bin/../lib/gcc/arm-none-eabi/4.7.3/../../../../arm-none-eabi/lib/armv7e-m/softfp/libc.a(lib_a-atexit.o)
                              /opt/gcc-arm-none-eabi-4_7-2013q1/bin/../lib/gcc/arm-none-eabi/4.7.3/../../../../arm-none-eabi/lib/armv7e-m/softfp/libc.a(lib_a-__call_atexit.o) (atexit)

Allocating common symbols
Common symbol       size              file

remote_steering_value
                    0x4               obj/src/pwrtrain_steering.o
accelerBuffer       0x6               obj/src/accelerometer.o
TIM_TimeBaseStructure
                    0xc               obj/src/pwrtrain_steering.o
xLEDHandle          0x4               obj/src/main.o
Y_Offset            0x1               obj/src/accelerometer.o
remote_driving_value
                    0x4               obj/src/pwrtrain_steering.o
rc_state            0x18              obj/src/main.o
TIM_OCInitStructure
                    0x14              obj/src/pwrtrain_steering.o
X_Offset            0x1               obj/src/accelerometer.o
GPIO_InitStructure  0x8               obj/src/main.o
TIM_ICInitStructure
                    0xa               obj/src/pwrtrain_steering.o
xDrivingHandle      0x4               obj/src/main.o
xSteeringHandle     0x4               obj/src/main.o
NVIC_InitStructure  0x4               obj/src/pwrtrain_steering.o
xAccelerometerHandle
                    0x4               obj/src/main.o

Discarded input sections

 .text          0x00000000        0x0 /opt/gcc-arm-none-eabi-4_7-2013q1/bin/../lib/gcc/arm-none-eabi/4.7.3/armv7e-m/softfp/crti.o
 .data          0x00000000        0x0 /opt/gcc-arm-none-eabi-4_7-2013q1/bin/../lib/gcc/arm-none-eabi/4.7.3/armv7e-m/softfp/crti.o
 .bss           0x00000000        0x0 /opt/gcc-arm-none-eabi-4_7-2013q1/bin/../lib/gcc/arm-none-eabi/4.7.3/armv7e-m/softfp/crti.o
 .data          0x00000000        0x4 /opt/gcc-arm-none-eabi-4_7-2013q1/bin/../lib/gcc/arm-none-eabi/4.7.3/armv7e-m/softfp/crtbegin.o
 .text          0x00000000       0x70 /opt/gcc-arm-none-eabi-4_7-2013q1/bin/../lib/gcc/arm-none-eabi/4.7.3/../../../../arm-none-eabi/lib/armv7e-m/softfp/crt0.o
[...]
Memory Configuration

Name             Origin             Length             Attributes
FLASH            0x08000000         0x00100000         xr
RAM              0x20000000         0x00020000         xrw
MEMORY_B1        0x60000000         0x00000000         xr
CCMRAM           0x10000000         0x00010000         rw
*default*        0x00000000         0xffffffff

Linker script and memory map

LOAD /opt/gcc-arm-none-eabi-4_7-2013q1/bin/../lib/gcc/arm-none-eabi/4.7.3/armv7e-m/softfp/crti.o
LOAD /opt/gcc-arm-none-eabi-4_7-2013q1/bin/../lib/gcc/arm-none-eabi/4.7.3/armv7e-m/softfp/crtbegin.o
LOAD /opt/gcc-arm-none-eabi-4_7-2013q1/bin/../lib/gcc/arm-none-eabi/4.7.3/../../../../arm-none-eabi/lib/armv7e-m/softfp/crt0.o
LOAD obj/src/main.o
LOAD obj/src/startup_stm32f4xx.o
LOAD obj/src/STM32F4-Discovery_callback.o
LOAD obj/src/stm32f4xx_it.o
LOAD obj/src/system_stm32f4xx.o
LOAD obj/src/printf-stdarg.o
LOAD obj/src/pwrtrain_steering.o
LOAD obj/src/communication.o
LOAD obj/src/accelerometer.o
LOAD obj/Utilities/STM32F4-Discovery/stm32f4_discovery.o
LOAD obj/FreeRTOS_Source/list.o
LOAD obj/FreeRTOS_Source/queue.o
LOAD obj/FreeRTOS_Source/tasks.o
LOAD obj/FreeRTOS_Source/timers.o
LOAD obj/FreeRTOS_Source/portable/MemMang/heap_1.o
LOAD obj/FreeRTOS_Source/portable/GCC/ARM_CM4F/port.o
LOAD obj/Libraries/STM32F4xx_StdPeriph_Driver/src/misc.o
LOAD obj/Libraries/STM32F4xx_StdPeriph_Driver/src/stm32f4xx_adc.o
LOAD obj/Libraries/STM32F4xx_StdPeriph_Driver/src/stm32f4xx_can.o
LOAD obj/Libraries/STM32F4xx_StdPeriph_Driver/src/stm32f4xx_crc.o
LOAD obj/Libraries/STM32F4xx_StdPeriph_Driver/src/stm32f4xx_cryp_aes.o
LOAD obj/Libraries/STM32F4xx_StdPeriph_Driver/src/stm32f4xx_cryp.o
LOAD obj/Libraries/STM32F4xx_StdPeriph_Driver/src/stm32f4xx_cryp_des.o
LOAD obj/Libraries/STM32F4xx_StdPeriph_Driver/src/stm32f4xx_cryp_tdes.o
LOAD obj/Libraries/STM32F4xx_StdPeriph_Driver/src/stm32f4xx_dac.o
LOAD obj/Libraries/STM32F4xx_StdPeriph_Driver/src/stm32f4xx_dbgmcu.o
LOAD obj/Libraries/STM32F4xx_StdPeriph_Driver/src/stm32f4xx_dcmi.o
LOAD obj/Libraries/STM32F4xx_StdPeriph_Driver/src/stm32f4xx_dma.o
LOAD obj/Libraries/STM32F4xx_StdPeriph_Driver/src/stm32f4xx_exti.o
LOAD obj/Libraries/STM32F4xx_StdPeriph_Driver/src/stm32f4xx_flash.o
LOAD obj/Libraries/STM32F4xx_StdPeriph_Driver/src/stm32f4xx_fsmc.o
LOAD obj/Libraries/STM32F4xx_StdPeriph_Driver/src/stm32f4xx_gpio.o
LOAD obj/Libraries/STM32F4xx_StdPeriph_Driver/src/stm32f4xx_hash.o
LOAD obj/Libraries/STM32F4xx_StdPeriph_Driver/src/stm32f4xx_hash_md5.o
LOAD obj/Libraries/STM32F4xx_StdPeriph_Driver/src/stm32f4xx_hash_sha1.o
LOAD obj/Libraries/STM32F4xx_StdPeriph_Driver/src/stm32f4xx_i2c.o
LOAD obj/Libraries/STM32F4xx_StdPeriph_Driver/src/stm32f4xx_iwdg.o
LOAD obj/Libraries/STM32F4xx_StdPeriph_Driver/src/stm32f4xx_pwr.o
LOAD obj/Libraries/STM32F4xx_StdPeriph_Driver/src/stm32f4xx_rcc.o
LOAD obj/Libraries/STM32F4xx_StdPeriph_Driver/src/stm32f4xx_rng.o
LOAD obj/Libraries/STM32F4xx_StdPeriph_Driver/src/stm32f4xx_rtc.o
LOAD obj/Libraries/STM32F4xx_StdPeriph_Driver/src/stm32f4xx_sdio.o
LOAD obj/Libraries/STM32F4xx_StdPeriph_Driver/src/stm32f4xx_spi.o
LOAD obj/Libraries/STM32F4xx_StdPeriph_Driver/src/stm32f4xx_syscfg.o
LOAD obj/Libraries/STM32F4xx_StdPeriph_Driver/src/stm32f4xx_tim.o
LOAD obj/Libraries/STM32F4xx_StdPeriph_Driver/src/stm32f4xx_usart.o
LOAD obj/Libraries/STM32F4xx_StdPeriph_Driver/src/stm32f4xx_wwdg.o
LOAD obj/Utilities/STM32F4-Discovery/stm32f4_discovery_lis302dl.o
START GROUP
LOAD /opt/gcc-arm-none-eabi-4_7-2013q1/bin/../lib/gcc/arm-none-eabi/4.7.3/../../../../arm-none-eabi/lib/armv7e-m/softfp/libc.a
LOAD /opt/gcc-arm-none-eabi-4_7-2013q1/bin/../lib/gcc/arm-none-eabi/4.7.3/../../../../arm-none-eabi/lib/armv7e-m/softfp/libm.a
END GROUP
                0x00001000                malloc_getpagesize_P = 0x1000
START GROUP
LOAD /opt/gcc-arm-none-eabi-4_7-2013q1/bin/../lib/gcc/arm-none-eabi/4.7.3/armv7e-m/softfp/libgcc.a
LOAD /opt/gcc-arm-none-eabi-4_7-2013q1/bin/../lib/gcc/arm-none-eabi/4.7.3/../../../../arm-none-eabi/lib/armv7e-m/softfp/libg.a
LOAD /opt/gcc-arm-none-eabi-4_7-2013q1/bin/../lib/gcc/arm-none-eabi/4.7.3/../../../../arm-none-eabi/lib/armv7e-m/softfp/libc.a
END GROUP
LOAD /opt/gcc-arm-none-eabi-4_7-2013q1/bin/../lib/gcc/arm-none-eabi/4.7.3/armv7e-m/softfp/crtend.o
LOAD /opt/gcc-arm-none-eabi-4_7-2013q1/bin/../lib/gcc/arm-none-eabi/4.7.3/armv7e-m/softfp/crtn.o
                0x20020000                _estack = 0x20020000
                0x00000000                _Min_Heap_Size = 0x0
                0x00000400                _Min_Stack_Size = 0x400

.isr_vector     0x08000000      0x188
                0x08000000                . = ALIGN (0x4)
 *(.isr_vector)
 .isr_vector    0x08000000      0x188 obj/src/startup_stm32f4xx.o
                0x08000000                g_pfnVectors
                0x08000188                . = ALIGN (0x4)

.text           0x08000188     0x4bf4
                0x08000188                . = ALIGN (0x4)
 *(.text)
 .text          0x08000188       0x54 /opt/gcc-arm-none-eabi-4_7-2013q1/bin/../lib/gcc/arm-none-eabi/4.7.3/armv7e-m/softfp/crtbegin.o
 *(.text*)
 .text.NVIC_SetPriorityGrouping
                0x080001dc       0x50 obj/src/main.o
 .text.vLEDTask
                0x0800022c       0x74 obj/src/main.o
                0x0800022c                vLEDTask
 .text.main     0x080002a0      0x104 obj/src/main.o
                0x080002a0                main
 .text.vApplicationMallocFailedHook
                0x080003a4        0x8 obj/src/main.o
                0x080003a4                vApplicationMallocFailedHook
 .text.vApplicationStackOverflowHook
                0x080003ac        0xc obj/src/main.o
                0x080003ac                vApplicationStackOverflowHook
 .text.prvSetupHardware
                0x080003b8       0x10 obj/src/main.o
 .text.Reset_Handler
                0x080003c8       0x50 obj/src/startup_stm32f4xx.o
                0x080003c8                Reset_Handler
 .text.Default_Handler
                0x08000418        0x4 obj/src/startup_stm32f4xx.o
                0x08000418                RTC_Alarm_IRQHandler
                0x08000418                HASH_RNG_IRQHandler
                0x08000418                EXTI2_IRQHandler
                0x08000418                TIM8_CC_IRQHandler
                0x08000418                TIM1_CC_IRQHandler
                0x08000418                DMA2_Stream5_IRQHandler
                0x08000418                DMA1_Stream5_IRQHandler
                0x08000418                PVD_IRQHandler
                0x08000418                SDIO_IRQHandler
                0x08000418                TAMP_STAMP_IRQHandler
                0x08000418                CAN2_RX1_IRQHandler
                0x08000418                EXTI3_IRQHandler
                0x08000418                TIM8_TRG_COM_TIM14_IRQHandler
                0x08000418                TIM1_UP_TIM10_IRQHandler
                0x08000418                TIM8_UP_TIM13_IRQHandler
                0x08000418                I2C3_ER_IRQHandler
                0x08000418                I2C2_EV_IRQHandler
                0x08000418                DMA1_Stream2_IRQHandler
                0x08000418                CAN1_RX0_IRQHandler
                0x08000418                FPU_IRQHandler
                0x08000418                OTG_HS_WKUP_IRQHandler
                0x08000418                CAN2_SCE_IRQHandler
                0x08000418                DMA2_Stream2_IRQHandler
                0x08000418                SPI1_IRQHandler
                0x08000418                TIM6_DAC_IRQHandler
                0x08000418                TIM1_BRK_TIM9_IRQHandler
                0x08000418                DCMI_IRQHandler
                0x08000418                CAN2_RX0_IRQHandler
                0x08000418                DMA2_Stream3_IRQHandler
                0x08000418                USART6_IRQHandler
                0x08000418                USART3_IRQHandler
                0x08000418                CRYP_IRQHandler
                0x08000418                CAN1_RX1_IRQHandler
                0x08000418                UART5_IRQHandler
                0x08000418                DMA2_Stream0_IRQHandler
                0x08000418                TIM4_IRQHandler
                0x08000418                I2C1_EV_IRQHandler
                0x08000418                DMA1_Stream6_IRQHandler
                0x08000418                DMA1_Stream1_IRQHandler
                0x08000418                UART4_IRQHandler
                0x08000418                TIM3_IRQHandler
                0x08000418                RCC_IRQHandler
                0x08000418                TIM8_BRK_TIM12_IRQHandler
                0x08000418                Default_Handler
                0x08000418                EXTI15_10_IRQHandler
                0x08000418                ADC_IRQHandler
                0x08000418                DMA1_Stream7_IRQHandler
                0x08000418                TIM7_IRQHandler
                0x08000418                CAN2_TX_IRQHandler
                0x08000418                DMA2_Stream7_IRQHandler
                0x08000418                I2C3_EV_IRQHandler
                0x08000418                EXTI9_5_IRQHandler
                0x08000418                RTC_WKUP_IRQHandler
                0x08000418                ETH_WKUP_IRQHandler
                0x08000418                SPI2_IRQHandler
                0x08000418                OTG_HS_EP1_IN_IRQHandler
                0x08000418                DMA1_Stream0_IRQHandler
                0x08000418                CAN1_TX_IRQHandler
                0x08000418                EXTI4_IRQHandler
                0x08000418                FSMC_IRQHandler
                0x08000418                ETH_IRQHandler
                0x08000418                OTG_HS_EP1_OUT_IRQHandler
                0x08000418                WWDG_IRQHandler
                0x08000418                OTG_FS_WKUP_IRQHandler
                0x08000418                TIM1_TRG_COM_TIM11_IRQHandler
                0x08000418                OTG_HS_IRQHandler
                0x08000418                EXTI1_IRQHandler
                0x08000418                USART2_IRQHandler
                0x08000418                I2C2_ER_IRQHandler
                0x08000418                DMA2_Stream1_IRQHandler
                0x08000418                CAN1_SCE_IRQHandler
                0x08000418                FLASH_IRQHandler
                0x08000418                DMA2_Stream4_IRQHandler
                0x08000418                USART1_IRQHandler
                0x08000418                OTG_FS_IRQHandler
                0x08000418                SPI3_IRQHandler
                0x08000418                DMA1_Stream4_IRQHandler
                0x08000418                I2C1_ER_IRQHandler
                0x08000418                DMA2_Stream6_IRQHandler
                0x08000418                DMA1_Stream3_IRQHandler
 .text.LIS302DL_TIMEOUT_UserCallback
                0x0800041c        0x8 obj/src/STM32F4-Discovery_callback.o
                0x0800041c                LIS302DL_TIMEOUT_UserCallback
 .text.NMI_Handler
                0x08000424        0xc obj/src/stm32f4xx_it.o
                0x08000424                NMI_Handler
 .text.HardFault_Handler
                0x08000430        0x8 obj/src/stm32f4xx_it.o
                0x08000430                HardFault_Handler
 .text.MemManage_Handler
                0x08000438        0x8 obj/src/stm32f4xx_it.o
                0x08000438                MemManage_Handler
 .text.BusFault_Handler
                0x08000440        0x8 obj/src/stm32f4xx_it.o
                0x08000440                BusFault_Handler
 .text.UsageFault_Handler
                0x08000448        0x8 obj/src/stm32f4xx_it.o
                0x08000448                UsageFault_Handler
 .text.DebugMon_Handler
                0x08000450        0xc obj/src/stm32f4xx_it.o
                0x08000450                DebugMon_Handler
 .text.SystemInit
                0x0800045c       0xb0 obj/src/system_stm32f4xx.o
                0x0800045c                SystemInit
 .text.SetSysClock
                0x0800050c      0x188 obj/src/system_stm32f4xx.o
 .text.printchar
                0x08000694       0x38 obj/src/printf-stdarg.o
 .text.prints   0x080006cc       0xd0 obj/src/printf-stdarg.o
 .text.printi   0x0800079c       0xf4 obj/src/printf-stdarg.o
 .text.print    0x08000890      0x218 obj/src/printf-stdarg.o
 .text.printf   0x08000aa8       0x2c obj/src/printf-stdarg.o
                0x08000aa8                printf
 .text.TIM2_IRQHandler
                0x08000ad4       0x58 obj/src/pwrtrain_steering.o
                0x08000ad4                TIM2_IRQHandler
 .text.TIM5_IRQHandler
                0x08000b2c       0x40 obj/src/pwrtrain_steering.o
                0x08000b2c                TIM5_IRQHandler
 .text.putchar  0x08000b6c       0x40 obj/src/communication.o
                0x08000b6c                putchar
 .text.initSerial
                0x08000bac       0x4c obj/src/communication.o
                0x08000bac                initSerial
 .text.init_acc_fifo
                0x08000bf8       0xac obj/src/accelerometer.o
 .text.read_value_acc_fifo
                0x08000ca4       0x94 obj/src/accelerometer.o
 .text.update_avg_acc_fifo
                0x08000d38      0x110 obj/src/accelerometer.o
 .text.initAccelerometer
                0x08000e48       0xf0 obj/src/accelerometer.o
                0x08000e48                initAccelerometer
 .text.EXTI0_IRQHandler
                0x08000f38       0x24 obj/src/accelerometer.o
                0x08000f38                EXTI0_IRQHandler
 .text.vAccelerometerTask
                0x08000f5c       0x74 obj/src/accelerometer.o
                0x08000f5c                vAccelerometerTask
 .text.STM_EVAL_LEDInit
                0x08000fd0       0x6c obj/Utilities/STM32F4-Discovery/stm32f4_discovery.o
                0x08000fd0                STM_EVAL_LEDInit
 .text.STM_EVAL_LEDOff
                0x0800103c       0x34 obj/Utilities/STM32F4-Discovery/stm32f4_discovery.o
                0x0800103c                STM_EVAL_LEDOff
 .text.STM_EVAL_LEDToggle
                0x08001070       0x44 obj/Utilities/STM32F4-Discovery/stm32f4_discovery.o
                0x08001070                STM_EVAL_LEDToggle
 .text.STM_EVAL_COMInit
                0x080010b4      0x160 obj/Utilities/STM32F4-Discovery/stm32f4_discovery.o
                0x080010b4                STM_EVAL_COMInit
 .text.vListInitialise
                0x08001214       0x40 obj/FreeRTOS_Source/list.o
                0x08001214                vListInitialise
 .text.vListInitialiseItem
                0x08001254       0x1c obj/FreeRTOS_Source/list.o
                0x08001254                vListInitialiseItem
 .text.vListInsertEnd
                0x08001270       0x50 obj/FreeRTOS_Source/list.o
                0x08001270                vListInsertEnd
 .text.vListInsert
                0x080012c0       0x74 obj/FreeRTOS_Source/list.o
                0x080012c0                vListInsert
 .text.vListRemove
                0x08001334       0x54 obj/FreeRTOS_Source/list.o
                0x08001334                vListRemove
 .text.xQueueGenericReset
                0x08001388       0xc0 obj/FreeRTOS_Source/queue.o
                0x08001388                xQueueGenericReset
 .text.xQueueGenericCreate
                0x08001448       0x8c obj/FreeRTOS_Source/queue.o
                0x08001448                xQueueGenericCreate
 .text.xQueueGenericSend
                0x080014d4      0x154 obj/FreeRTOS_Source/queue.o
                0x080014d4                xQueueGenericSend
 .text.xQueueGenericSendFromISR
                0x08001628       0xcc obj/FreeRTOS_Source/queue.o
                0x08001628                xQueueGenericSendFromISR
 .text.xQueueGenericReceive
                0x080016f4      0x1bc obj/FreeRTOS_Source/queue.o
                0x080016f4                xQueueGenericReceive
 .text.prvCopyDataToQueue
                0x080018b0       0xc4 obj/FreeRTOS_Source/queue.o
 .text.prvCopyDataFromQueue
                0x08001974       0x50 obj/FreeRTOS_Source/queue.o
 .text.prvUnlockQueue
                0x080019c4       0xa0 obj/FreeRTOS_Source/queue.o
 .text.prvIsQueueEmpty
                0x08001a64       0x2c obj/FreeRTOS_Source/queue.o
 .text.prvIsQueueFull
                0x08001a90       0x30 obj/FreeRTOS_Source/queue.o
 .text.vQueueWaitForMessageRestricted
                0x08001ac0       0x5c obj/FreeRTOS_Source/queue.o
                0x08001ac0                vQueueWaitForMessageRestricted
 .text.xTaskGenericCreate
                0x08001b1c      0x1dc obj/FreeRTOS_Source/tasks.o
                0x08001b1c                xTaskGenericCreate
 .text.vTaskDelayUntil
                0x08001cf8       0xd0 obj/FreeRTOS_Source/tasks.o
                0x08001cf8                vTaskDelayUntil
 .text.vTaskStartScheduler
                0x08001dc8       0x90 obj/FreeRTOS_Source/tasks.o
                0x08001dc8                vTaskStartScheduler
 .text.vTaskSuspendAll
                0x08001e58       0x24 obj/FreeRTOS_Source/tasks.o
                0x08001e58                vTaskSuspendAll
 .text.xTaskResumeAll
                0x08001e7c      0x168 obj/FreeRTOS_Source/tasks.o
                0x08001e7c                xTaskResumeAll
 .text.xTaskGetTickCount
                0x08001fe4       0x28 obj/FreeRTOS_Source/tasks.o
                0x08001fe4                xTaskGetTickCount
 .text.vTaskIncrementTick
                0x0800200c      0x1d0 obj/FreeRTOS_Source/tasks.o
                0x0800200c                vTaskIncrementTick
 .text.vTaskSwitchContext
                0x080021dc      0x15c obj/FreeRTOS_Source/tasks.o
                0x080021dc                vTaskSwitchContext
 .text.vTaskPlaceOnEventList
                0x08002338       0x88 obj/FreeRTOS_Source/tasks.o
                0x08002338                vTaskPlaceOnEventList
 .text.vTaskPlaceOnEventListRestricted
                0x080023c0       0x64 obj/FreeRTOS_Source/tasks.o
                0x080023c0                vTaskPlaceOnEventListRestricted
 .text.xTaskRemoveFromEventList
                0x08002424       0xd4 obj/FreeRTOS_Source/tasks.o
                0x08002424                xTaskRemoveFromEventList
 .text.vTaskSetTimeOutState
                0x080024f8       0x40 obj/FreeRTOS_Source/tasks.o
                0x080024f8                vTaskSetTimeOutState
 .text.xTaskCheckForTimeOut
                0x08002538       0xc4 obj/FreeRTOS_Source/tasks.o
                0x08002538                xTaskCheckForTimeOut
 .text.vTaskMissedYield
                0x080025fc       0x18 obj/FreeRTOS_Source/tasks.o
                0x080025fc                vTaskMissedYield
 .text.prvIdleTask
                0x08002614       0x24 obj/FreeRTOS_Source/tasks.o
 .text.prvInitialiseTCBVariables
                0x08002638       0x78 obj/FreeRTOS_Source/tasks.o
 .text.prvInitialiseTaskLists
                0x080026b0       0xa4 obj/FreeRTOS_Source/tasks.o
 .text.prvCheckTasksWaitingTermination
                0x08002754       0x98 obj/FreeRTOS_Source/tasks.o
 .text.prvAddCurrentTaskToDelayedList
                0x080027ec       0x8c obj/FreeRTOS_Source/tasks.o
 .text.prvAllocateTCBAndStack
                0x08002878       0x70 obj/FreeRTOS_Source/tasks.o
 .text.prvDeleteTCB
                0x080028e8       0x20 obj/FreeRTOS_Source/tasks.o
 .text.xTaskGetCurrentTaskHandle
                0x08002908       0x20 obj/FreeRTOS_Source/tasks.o
                0x08002908                xTaskGetCurrentTaskHandle
 .text.xTaskGetSchedulerState
                0x08002928       0x48 obj/FreeRTOS_Source/tasks.o
                0x08002928                xTaskGetSchedulerState
 .text.vTaskPriorityInherit
                0x08002970       0xe4 obj/FreeRTOS_Source/tasks.o
                0x08002970                vTaskPriorityInherit
 .text.vTaskPriorityDisinherit
                0x08002a54       0x90 obj/FreeRTOS_Source/tasks.o
                0x08002a54                vTaskPriorityDisinherit
 .text.xTimerCreateTimerTask
                0x08002ae4       0x70 obj/FreeRTOS_Source/timers.o
                0x08002ae4                xTimerCreateTimerTask
 .text.xTimerGenericCommand
                0x08002b54       0xac obj/FreeRTOS_Source/timers.o
                0x08002b54                xTimerGenericCommand
 .text.prvProcessExpiredTimer
                0x08002c00       0x80 obj/FreeRTOS_Source/timers.o
 .text.prvTimerTask
                0x08002c80       0x24 obj/FreeRTOS_Source/timers.o
 .text.prvProcessTimerOrBlockTask
                0x08002ca4       0x74 obj/FreeRTOS_Source/timers.o
 .text.prvGetNextExpireTime
                0x08002d18       0x54 obj/FreeRTOS_Source/timers.o
 .text.prvSampleTimeNow
                0x08002d6c       0x58 obj/FreeRTOS_Source/timers.o
 .text.prvInsertTimerInActiveList
                0x08002dc4       0x94 obj/FreeRTOS_Source/timers.o
 .text.prvProcessReceivedCommands
                0x08002e58      0x114 obj/FreeRTOS_Source/timers.o
 .text.prvSwitchTimerLists
                0x08002f6c       0xec obj/FreeRTOS_Source/timers.o
 .text.prvCheckForValidListAndQueue
                0x08003058       0x74 obj/FreeRTOS_Source/timers.o
 .text.pvPortMalloc
                0x080030cc       0xa4 obj/FreeRTOS_Source/portable/MemMang/heap_1.o
                0x080030cc                pvPortMalloc
 .text.vPortFree
                0x08003170       0x14 obj/FreeRTOS_Source/portable/MemMang/heap_1.o
                0x08003170                vPortFree
 .text.pxPortInitialiseStack
                0x08003184       0x70 obj/FreeRTOS_Source/portable/GCC/ARM_CM4F/port.o
                0x08003184                pxPortInitialiseStack
 .text.SVC_Handler
                0x080031f4       0x1c obj/FreeRTOS_Source/portable/GCC/ARM_CM4F/port.o
                0x080031f4                SVC_Handler
 .text.vPortStartFirstTask
                0x08003210       0x14 obj/FreeRTOS_Source/portable/GCC/ARM_CM4F/port.o
 .text.xPortStartScheduler
                0x08003224       0x70 obj/FreeRTOS_Source/portable/GCC/ARM_CM4F/port.o
                0x08003224                xPortStartScheduler
 .text.vPortYieldFromISR
                0x08003294       0x18 obj/FreeRTOS_Source/portable/GCC/ARM_CM4F/port.o
                0x08003294                vPortYieldFromISR
 .text.vPortEnterCritical
                0x080032ac       0x2c obj/FreeRTOS_Source/portable/GCC/ARM_CM4F/port.o
                0x080032ac                vPortEnterCritical
 .text.vPortExitCritical
                0x080032d8       0x38 obj/FreeRTOS_Source/portable/GCC/ARM_CM4F/port.o
                0x080032d8                vPortExitCritical
 .text.PendSV_Handler
                0x08003310       0x50 obj/FreeRTOS_Source/portable/GCC/ARM_CM4F/port.o
                0x08003310                PendSV_Handler
 .text.SysTick_Handler
                0x08003360       0x38 obj/FreeRTOS_Source/portable/GCC/ARM_CM4F/port.o
                0x08003360                SysTick_Handler
 .text.prvSetupTimerInterrupt
                0x08003398       0x2c obj/FreeRTOS_Source/portable/GCC/ARM_CM4F/port.o
 .text.vPortEnableVFP
                0x080033c4       0x14 obj/FreeRTOS_Source/portable/GCC/ARM_CM4F/port.o
 .text.NVIC_Init
                0x080033d8       0xe4 obj/Libraries/STM32F4xx_StdPeriph_Driver/src/misc.o
                0x080033d8                NVIC_Init
 .text.EXTI_Init
                0x080034bc      0x138 obj/Libraries/STM32F4xx_StdPeriph_Driver/src/stm32f4xx_exti.o
                0x080034bc                EXTI_Init
 .text.EXTI_GetITStatus
                0x080035f4       0x58 obj/Libraries/STM32F4xx_StdPeriph_Driver/src/stm32f4xx_exti.o
                0x080035f4                EXTI_GetITStatus
 .text.EXTI_ClearITPendingBit
                0x0800364c       0x20 obj/Libraries/STM32F4xx_StdPeriph_Driver/src/stm32f4xx_exti.o
                0x0800364c                EXTI_ClearITPendingBit
 .text.GPIO_Init
                0x0800366c      0x144 obj/Libraries/STM32F4xx_StdPeriph_Driver/src/stm32f4xx_gpio.o
                0x0800366c                GPIO_Init
 .text.GPIO_SetBits
                0x080037b0       0x1c obj/Libraries/STM32F4xx_StdPeriph_Driver/src/stm32f4xx_gpio.o
                0x080037b0                GPIO_SetBits
 .text.GPIO_ResetBits
                0x080037cc       0x1c obj/Libraries/STM32F4xx_StdPeriph_Driver/src/stm32f4xx_gpio.o
                0x080037cc                GPIO_ResetBits
 .text.GPIO_PinAFConfig
                0x080037e8       0xa8 obj/Libraries/STM32F4xx_StdPeriph_Driver/src/stm32f4xx_gpio.o
                0x080037e8                GPIO_PinAFConfig
 .text.RCC_GetClocksFreq
                0x08003890      0x1cc obj/Libraries/STM32F4xx_StdPeriph_Driver/src/stm32f4xx_rcc.o
                0x08003890                RCC_GetClocksFreq
 .text.RCC_AHB1PeriphClockCmd
                0x08003a5c       0x54 obj/Libraries/STM32F4xx_StdPeriph_Driver/src/stm32f4xx_rcc.o
                0x08003a5c                RCC_AHB1PeriphClockCmd
 .text.RCC_APB2PeriphClockCmd
                0x08003ab0       0x54 obj/Libraries/STM32F4xx_StdPeriph_Driver/src/stm32f4xx_rcc.o
                0x08003ab0                RCC_APB2PeriphClockCmd
 .text.RCC_APB1PeriphResetCmd
                0x08003b04       0x54 obj/Libraries/STM32F4xx_StdPeriph_Driver/src/stm32f4xx_rcc.o
                0x08003b04                RCC_APB1PeriphResetCmd
 .text.RCC_APB2PeriphResetCmd
                0x08003b58       0x54 obj/Libraries/STM32F4xx_StdPeriph_Driver/src/stm32f4xx_rcc.o
                0x08003b58                RCC_APB2PeriphResetCmd
 .text.SPI_I2S_DeInit
                0x08003bac       0x88 obj/Libraries/STM32F4xx_StdPeriph_Driver/src/stm32f4xx_spi.o
                0x08003bac                SPI_I2S_DeInit
 .text.SPI_Init
                0x08003c34       0x88 obj/Libraries/STM32F4xx_StdPeriph_Driver/src/stm32f4xx_spi.o
                0x08003c34                SPI_Init
 .text.SPI_Cmd  0x08003cbc       0x40 obj/Libraries/STM32F4xx_StdPeriph_Driver/src/stm32f4xx_spi.o
                0x08003cbc                SPI_Cmd
 .text.SPI_I2S_ReceiveData
                0x08003cfc       0x1c obj/Libraries/STM32F4xx_StdPeriph_Driver/src/stm32f4xx_spi.o
                0x08003cfc                SPI_I2S_ReceiveData
 .text.SPI_I2S_SendData
                0x08003d18       0x1c obj/Libraries/STM32F4xx_StdPeriph_Driver/src/stm32f4xx_spi.o
                0x08003d18                SPI_I2S_SendData
 .text.SPI_I2S_GetFlagStatus
                0x08003d34       0x40 obj/Libraries/STM32F4xx_StdPeriph_Driver/src/stm32f4xx_spi.o
                0x08003d34                SPI_I2S_GetFlagStatus
 .text.SYSCFG_EXTILineConfig
                0x08003d74       0xb0 obj/Libraries/STM32F4xx_StdPeriph_Driver/src/stm32f4xx_syscfg.o
                0x08003d74                SYSCFG_EXTILineConfig
 .text.TIM_GetCapture1
                0x08003e24       0x18 obj/Libraries/STM32F4xx_StdPeriph_Driver/src/stm32f4xx_tim.o
                0x08003e24                TIM_GetCapture1
 .text.TIM_GetCapture2
                0x08003e3c       0x18 obj/Libraries/STM32F4xx_StdPeriph_Driver/src/stm32f4xx_tim.o
                0x08003e3c                TIM_GetCapture2
 .text.TIM_ClearITPendingBit
                0x08003e54       0x24 obj/Libraries/STM32F4xx_StdPeriph_Driver/src/stm32f4xx_tim.o
                0x08003e54                TIM_ClearITPendingBit
 .text.USART_Init
                0x08003e78      0x1ac obj/Libraries/STM32F4xx_StdPeriph_Driver/src/stm32f4xx_usart.o
                0x08003e78                USART_Init
 .text.USART_Cmd
                0x08004024       0x40 obj/Libraries/STM32F4xx_StdPeriph_Driver/src/stm32f4xx_usart.o
                0x08004024                USART_Cmd
 .text.USART_SendData
                0x08004064       0x28 obj/Libraries/STM32F4xx_StdPeriph_Driver/src/stm32f4xx_usart.o
                0x08004064                USART_SendData
 .text.USART_GetFlagStatus
                0x0800408c       0x40 obj/Libraries/STM32F4xx_StdPeriph_Driver/src/stm32f4xx_usart.o
                0x0800408c                USART_GetFlagStatus
 .text.LIS302DL_Init
                0x080040cc       0x54 obj/Utilities/STM32F4-Discovery/stm32f4_discovery_lis302dl.o
                0x080040cc                LIS302DL_Init
 .text.LIS302DL_Write
                0x08004120       0x70 obj/Utilities/STM32F4-Discovery/stm32f4_discovery_lis302dl.o
                0x08004120                LIS302DL_Write
 .text.LIS302DL_Read
                0x08004190       0x80 obj/Utilities/STM32F4-Discovery/stm32f4_discovery_lis302dl.o
                0x08004190                LIS302DL_Read
 .text.LIS302DL_ReadACC
                0x08004210       0xd8 obj/Utilities/STM32F4-Discovery/stm32f4_discovery_lis302dl.o
                0x08004210                LIS302DL_ReadACC
 .text.LIS302DL_LowLevel_Init
                0x080042e8      0x1cc obj/Utilities/STM32F4-Discovery/stm32f4_discovery_lis302dl.o
 .text.LIS302DL_SendByte
                0x080044b4       0xe4 obj/Utilities/STM32F4-Discovery/stm32f4_discovery_lis302dl.o
 .text.__register_exitproc
                0x08004598       0xac /opt/gcc-arm-none-eabi-4_7-2013q1/bin/../lib/gcc/arm-none-eabi/4.7.3/../../../../arm-none-eabi/lib/armv7e-m/softfp/libc.a(lib_a-__atexit.o)
                0x08004598                __register_exitproc
 .text.__libc_fini_array
                0x08004644       0x50 /opt/gcc-arm-none-eabi-4_7-2013q1/bin/../lib/gcc/arm-none-eabi/4.7.3/../../../../arm-none-eabi/lib/armv7e-m/softfp/libc.a(lib_a-fini.o)
                0x08004644                __libc_fini_array
 .text.__libc_init_array
                0x08004694       0x94 /opt/gcc-arm-none-eabi-4_7-2013q1/bin/../lib/gcc/arm-none-eabi/4.7.3/../../../../arm-none-eabi/lib/armv7e-m/softfp/libc.a(lib_a-init.o)
                0x08004694                __libc_init_array
 .text.memcmp   0x08004728       0xb8 /opt/gcc-arm-none-eabi-4_7-2013q1/bin/../lib/gcc/arm-none-eabi/4.7.3/../../../../arm-none-eabi/lib/armv7e-m/softfp/libc.a(lib_a-memcmp.o)
                0x08004728                memcmp
 .text.memcpy   0x080047e0      0x144 /opt/gcc-arm-none-eabi-4_7-2013q1/bin/../lib/gcc/arm-none-eabi/4.7.3/../../../../arm-none-eabi/lib/armv7e-m/softfp/libc.a(lib_a-memcpy.o)
                0x080047e0                memcpy
 .text.memset   0x08004924      0x12c /opt/gcc-arm-none-eabi-4_7-2013q1/bin/../lib/gcc/arm-none-eabi/4.7.3/../../../../arm-none-eabi/lib/armv7e-m/softfp/libc.a(lib_a-memset.o)
                0x08004924                memset
 .text.strncpy  0x08004a50      0x110 /opt/gcc-arm-none-eabi-4_7-2013q1/bin/../lib/gcc/arm-none-eabi/4.7.3/../../../../arm-none-eabi/lib/armv7e-m/softfp/libc.a(lib_a-strncpy.o)
                0x08004a50                strncpy
 .text.startup.register_fini
                0x08004b60       0x14 /opt/gcc-arm-none-eabi-4_7-2013q1/bin/../lib/gcc/arm-none-eabi/4.7.3/../../../../arm-none-eabi/lib/armv7e-m/softfp/libc.a(lib_a-__call_atexit.o)
 .text.atexit   0x08004b74        0xc /opt/gcc-arm-none-eabi-4_7-2013q1/bin/../lib/gcc/arm-none-eabi/4.7.3/../../../../arm-none-eabi/lib/armv7e-m/softfp/libc.a(lib_a-atexit.o)
                0x08004b74                atexit
 *(.rodata)
 .rodata        0x08004b80       0xa8 obj/src/main.o
 .rodata        0x08004c28        0x8 obj/src/printf-stdarg.o
 .rodata        0x08004c30       0x98 obj/src/accelerometer.o
 .rodata        0x08004cc8        0x8 obj/FreeRTOS_Source/tasks.o
 .rodata        0x08004cd0        0x8 obj/FreeRTOS_Source/timers.o
 *(.rodata*)
 .rodata.__func__.7715
                0x08004cd8        0x8 obj/src/main.o
 .rodata.__func__.7705
                0x08004ce0        0xc obj/src/main.o
 .rodata.__func__.7687
                0x08004cec       0x14 obj/src/accelerometer.o
 .rodata.GPIO_PIN
                0x08004d00        0x8 obj/Utilities/STM32F4-Discovery/stm32f4_discovery.o
                0x08004d00                GPIO_PIN
 .rodata.GPIO_CLK
                0x08004d08       0x10 obj/Utilities/STM32F4-Discovery/stm32f4_discovery.o
                0x08004d08                GPIO_CLK
 .rodata.COM_USART_CLK
                0x08004d18        0x8 obj/Utilities/STM32F4-Discovery/stm32f4_discovery.o
                0x08004d18                COM_USART_CLK
 .rodata.COM_TX_PORT_CLK
                0x08004d20        0x8 obj/Utilities/STM32F4-Discovery/stm32f4_discovery.o
                0x08004d20                COM_TX_PORT_CLK
 .rodata.COM_RX_PORT_CLK
                0x08004d28        0x8 obj/Utilities/STM32F4-Discovery/stm32f4_discovery.o
                0x08004d28                COM_RX_PORT_CLK
 .rodata.COM_TX_PIN
                0x08004d30        0x4 obj/Utilities/STM32F4-Discovery/stm32f4_discovery.o
                0x08004d30                COM_TX_PIN
 .rodata.COM_RX_PIN
                0x08004d34        0x4 obj/Utilities/STM32F4-Discovery/stm32f4_discovery.o
                0x08004d34                COM_RX_PIN
 .rodata.COM_TX_PIN_SOURCE
                0x08004d38        0x4 obj/Utilities/STM32F4-Discovery/stm32f4_discovery.o
                0x08004d38                COM_TX_PIN_SOURCE
 .rodata.COM_RX_PIN_SOURCE
                0x08004d3c        0x4 obj/Utilities/STM32F4-Discovery/stm32f4_discovery.o
                0x08004d3c                COM_RX_PIN_SOURCE
 .rodata.COM_TX_AF
                0x08004d40        0x4 obj/Utilities/STM32F4-Discovery/stm32f4_discovery.o
                0x08004d40                COM_TX_AF
 .rodata.COM_RX_AF
                0x08004d44        0x4 obj/Utilities/STM32F4-Discovery/stm32f4_discovery.o
                0x08004d44                COM_RX_AF
 .rodata.ucExpectedStackBytes.5877
                0x08004d48       0x14 obj/FreeRTOS_Source/tasks.o
 .rodata.str1.4
                0x08004d5c        0x4 /opt/gcc-arm-none-eabi-4_7-2013q1/bin/../lib/gcc/arm-none-eabi/4.7.3/../../../../arm-none-eabi/lib/armv7e-m/softfp/libc.a(lib_a-impure.o)
 .rodata._global_impure_ptr
                0x08004d60        0x4 /opt/gcc-arm-none-eabi-4_7-2013q1/bin/../lib/gcc/arm-none-eabi/4.7.3/../../../../arm-none-eabi/lib/armv7e-m/softfp/libc.a(lib_a-impure.o)
                0x08004d60                _global_impure_ptr
 *(.glue_7)
 .glue_7        0x00000000        0x0 linker stubs
 *(.glue_7t)
 .glue_7t       0x00000000        0x0 linker stubs
 *(.eh_frame)
 .eh_frame      0x08004d64        0x0 /opt/gcc-arm-none-eabi-4_7-2013q1/bin/../lib/gcc/arm-none-eabi/4.7.3/armv7e-m/softfp/crtbegin.o
 *(.init)
 .init          0x08004d64        0x4 /opt/gcc-arm-none-eabi-4_7-2013q1/bin/../lib/gcc/arm-none-eabi/4.7.3/armv7e-m/softfp/crti.o
                0x08004d64                _init
 .init          0x08004d68        0x8 /opt/gcc-arm-none-eabi-4_7-2013q1/bin/../lib/gcc/arm-none-eabi/4.7.3/armv7e-m/softfp/crtn.o
 *(.fini)
 .fini          0x08004d70        0x4 /opt/gcc-arm-none-eabi-4_7-2013q1/bin/../lib/gcc/arm-none-eabi/4.7.3/armv7e-m/softfp/crti.o
                0x08004d70                _fini
 .fini          0x08004d74        0x8 /opt/gcc-arm-none-eabi-4_7-2013q1/bin/../lib/gcc/arm-none-eabi/4.7.3/armv7e-m/softfp/crtn.o
                0x08004d7c                . = ALIGN (0x4)
                0x08004d7c                _etext = .

.vfp11_veneer   0x08004d7c        0x0
 .vfp11_veneer  0x00000000        0x0 linker stubs

.v4_bx          0x08004d7c        0x0
 .v4_bx         0x00000000        0x0 linker stubs

.iplt           0x08004d7c        0x0
 .iplt          0x00000000        0x0 /opt/gcc-arm-none-eabi-4_7-2013q1/bin/../lib/gcc/arm-none-eabi/4.7.3/armv7e-m/softfp/crtbegin.o

.rel.dyn        0x08004d7c        0x0
 .rel.iplt      0x00000000        0x0 /opt/gcc-arm-none-eabi-4_7-2013q1/bin/../lib/gcc/arm-none-eabi/4.7.3/armv7e-m/softfp/crtbegin.o

.ARM.extab
 *(.ARM.extab* .gnu.linkonce.armextab.*)

.ARM            0x08004d7c        0x0
                0x08004d7c                __exidx_start = .
 *(.ARM.exidx*)
                0x08004d7c                __exidx_end = .

.preinit_array  0x08004d7c        0x0
                0x08004d7c                PROVIDE (__preinit_array_start, .)
 *(.preinit_array*)
                0x08004d7c                PROVIDE (__preinit_array_end, .)

.init_array     0x08004d7c        0x8
                0x08004d7c                PROVIDE (__init_array_start, .)
 *(SORT(.init_array.*))
 .init_array.00000
                0x08004d7c        0x4 /opt/gcc-arm-none-eabi-4_7-2013q1/bin/../lib/gcc/arm-none-eabi/4.7.3/../../../../arm-none-eabi/lib/armv7e-m/softfp/libc.a(lib_a-__call_atexit.o)
 *(.init_array*)
 .init_array    0x08004d80        0x4 /opt/gcc-arm-none-eabi-4_7-2013q1/bin/../lib/gcc/arm-none-eabi/4.7.3/armv7e-m/softfp/crtbegin.o
                0x08004d84                PROVIDE (__init_array_end, .)

.fini_array     0x08004d84        0x4
                0x08004d84                PROVIDE (__fini_array_start, .)
 *(SORT(.fini_array.*))
 *(.fini_array*)
 .fini_array    0x08004d84        0x4 /opt/gcc-arm-none-eabi-4_7-2013q1/bin/../lib/gcc/arm-none-eabi/4.7.3/armv7e-m/softfp/crtbegin.o
                0x08004d88                PROVIDE (__fini_array_end, .)
                0x08004d88                _sidata = LOADADDR (.data)

.data           0x20000000      0x470 load address 0x08004d88
                0x20000000                . = ALIGN (0x4)
                0x20000000                _sdata = .
 *(.data)
 *(.data*)
 .data.activity_counter
                0x20000000        0x1 obj/src/pwrtrain_steering.o
                0x20000000                activity_counter
 *fill*         0x20000001        0x3 00
 .data.GPIO_PORT
                0x20000004       0x10 obj/Utilities/STM32F4-Discovery/stm32f4_discovery.o
                0x20000004                GPIO_PORT
 .data.COM_USART
                0x20000014        0x8 obj/Utilities/STM32F4-Discovery/stm32f4_discovery.o
                0x20000014                COM_USART
 .data.COM_TX_PORT
                0x2000001c        0x8 obj/Utilities/STM32F4-Discovery/stm32f4_discovery.o
                0x2000001c                COM_TX_PORT
 .data.COM_RX_PORT
                0x20000024        0x8 obj/Utilities/STM32F4-Discovery/stm32f4_discovery.o
                0x20000024                COM_RX_PORT
 .data.xNextTaskUnblockTime
                0x2000002c        0x4 obj/FreeRTOS_Source/tasks.o
 .data.uxCriticalNesting
                0x20000030        0x4 obj/FreeRTOS_Source/portable/GCC/ARM_CM4F/port.o
 .data.APBAHBPrescTable
                0x20000034       0x10 obj/Libraries/STM32F4xx_StdPeriph_Driver/src/stm32f4xx_rcc.o
 .data.LIS302DLTimeout
                0x20000044        0x4 obj/Utilities/STM32F4-Discovery/stm32f4_discovery_lis302dl.o
                0x20000044                LIS302DLTimeout
 .data.impure_data
                0x20000048      0x428 /opt/gcc-arm-none-eabi-4_7-2013q1/bin/../lib/gcc/arm-none-eabi/4.7.3/../../../../arm-none-eabi/lib/armv7e-m/softfp/libc.a(lib_a-impure.o)
                0x20000470                . = ALIGN (0x4)
                0x20000470                _edata = .
                0x080051f8                _siccmram = LOADADDR (.ccmram)

.jcr            0x20000470        0x0 load address 0x080051f8
 .jcr           0x20000470        0x0 /opt/gcc-arm-none-eabi-4_7-2013q1/bin/../lib/gcc/arm-none-eabi/4.7.3/armv7e-m/softfp/crtbegin.o

.igot.plt       0x20000470        0x0 load address 0x080051f8
 .igot.plt      0x00000000        0x0 /opt/gcc-arm-none-eabi-4_7-2013q1/bin/../lib/gcc/arm-none-eabi/4.7.3/armv7e-m/softfp/crtbegin.o

.ccmram         0x10000000        0x0 load address 0x080051f8
                0x10000000                . = ALIGN (0x4)
                0x10000000                _sccmram = .
 *(.ccmram)
 *(.ccmram*)
                0x10000000                . = ALIGN (0x4)
                0x10000000                _eccmram = .
                0x10000000                . = ALIGN (0x4)

.bss            0x20000470     0x1e3c
                0x20000470                _sbss = .
                0x20000470                __bss_start__ = _sbss
 *(.bss)
 .bss           0x20000470       0x1c /opt/gcc-arm-none-eabi-4_7-2013q1/bin/../lib/gcc/arm-none-eabi/4.7.3/armv7e-m/softfp/crtbegin.o
 *(.bss*)
 .bss.acc_fifo  0x2000048c       0x7c obj/src/accelerometer.o
 .bss.pxCurrentTCB
                0x20000508        0x4 obj/FreeRTOS_Source/tasks.o
                0x20000508                pxCurrentTCB
 .bss.pxReadyTasksLists
                0x2000050c       0x64 obj/FreeRTOS_Source/tasks.o
 .bss.xDelayedTaskList1
                0x20000570       0x14 obj/FreeRTOS_Source/tasks.o
 .bss.xDelayedTaskList2
                0x20000584       0x14 obj/FreeRTOS_Source/tasks.o
 .bss.pxDelayedTaskList
                0x20000598        0x4 obj/FreeRTOS_Source/tasks.o
 .bss.pxOverflowDelayedTaskList
                0x2000059c        0x4 obj/FreeRTOS_Source/tasks.o
 .bss.xPendingReadyList
                0x200005a0       0x14 obj/FreeRTOS_Source/tasks.o
 .bss.xTasksWaitingTermination
                0x200005b4       0x14 obj/FreeRTOS_Source/tasks.o
 .bss.uxTasksDeleted
                0x200005c8        0x4 obj/FreeRTOS_Source/tasks.o
 .bss.xSuspendedTaskList
                0x200005cc       0x14 obj/FreeRTOS_Source/tasks.o
 .bss.uxCurrentNumberOfTasks
                0x200005e0        0x4 obj/FreeRTOS_Source/tasks.o
 .bss.xTickCount
                0x200005e4        0x4 obj/FreeRTOS_Source/tasks.o
 .bss.uxTopUsedPriority
                0x200005e8        0x4 obj/FreeRTOS_Source/tasks.o
 .bss.uxTopReadyPriority
                0x200005ec        0x4 obj/FreeRTOS_Source/tasks.o
 .bss.xSchedulerRunning
                0x200005f0        0x4 obj/FreeRTOS_Source/tasks.o
 .bss.uxSchedulerSuspended
                0x200005f4        0x4 obj/FreeRTOS_Source/tasks.o
 .bss.uxMissedTicks
                0x200005f8        0x4 obj/FreeRTOS_Source/tasks.o
 .bss.xMissedYield
                0x200005fc        0x4 obj/FreeRTOS_Source/tasks.o
 .bss.xNumOfOverflows
                0x20000600        0x4 obj/FreeRTOS_Source/tasks.o
 .bss.uxTaskNumber
                0x20000604        0x4 obj/FreeRTOS_Source/tasks.o
 .bss.xActiveTimerList1
                0x20000608       0x14 obj/FreeRTOS_Source/timers.o
 .bss.xActiveTimerList2
                0x2000061c       0x14 obj/FreeRTOS_Source/timers.o
 .bss.pxCurrentTimerList
                0x20000630        0x4 obj/FreeRTOS_Source/timers.o
 .bss.pxOverflowTimerList
                0x20000634        0x4 obj/FreeRTOS_Source/timers.o
 .bss.xTimerQueue
                0x20000638        0x4 obj/FreeRTOS_Source/timers.o
 .bss.xLastTime.4420
                0x2000063c        0x4 obj/FreeRTOS_Source/timers.o
 .bss.xHeap     0x20000640     0x1c00 obj/FreeRTOS_Source/portable/MemMang/heap_1.o
 .bss.xNextFreeByte
                0x20002240        0x4 obj/FreeRTOS_Source/portable/MemMang/heap_1.o
 *(COMMON)
 COMMON         0x20002244       0x30 obj/src/main.o
                0x20002244                xLEDHandle
                0x20002248                rc_state
                0x20002260                GPIO_InitStructure
                0x20002268                xDrivingHandle
                0x2000226c                xSteeringHandle
                0x20002270                xAccelerometerHandle
 COMMON         0x20002274       0x38 obj/src/pwrtrain_steering.o
                0x20002274                remote_steering_value
                0x20002278                TIM_TimeBaseStructure
                0x20002284                remote_driving_value
                0x20002288                TIM_OCInitStructure
                0x2000229c                TIM_ICInitStructure
                0x200022a8                NVIC_InitStructure
                0x200022ac                . = ALIGN (0x4)
                0x200022ac                _ebss = .
                0x200022ac                __bss_end__ = _ebss

._user_heap_stack
                0x200022ac      0x400
                0x200022ac                . = ALIGN (0x4)
                0x200022ac                PROVIDE (end, .)
                0x200022ac                PROVIDE (_end, .)
                0x200022ac                . = (. + _Min_Heap_Size)
                0x200026ac                . = (. + _Min_Stack_Size)
 *fill*         0x200022ac      0x400 00
                0x200026ac                . = ALIGN (0x4)

.memory_b1_text
 *(.mb1text)
 *(.mb1text*)
 *(.mb1rodata)
 *(.mb1rodata*)

/DISCARD/
 libc.a(*)
 libm.a(*)
 libgcc.a(*)

.ARM.attributes
                0x00000000       0x30
 *(.ARM.attributes)
 .ARM.attributes
                0x00000000       0x24 /opt/gcc-arm-none-eabi-4_7-2013q1/bin/../lib/gcc/arm-none-eabi/4.7.3/armv7e-m/softfp/crti.o
 .ARM.attributes
                0x00000024       0x34 /opt/gcc-arm-none-eabi-4_7-2013q1/bin/../lib/gcc/arm-none-eabi/4.7.3/armv7e-m/softfp/crtbegin.o
 .ARM.attributes
                0x00000058       0x39 obj/src/main.o
 .ARM.attributes
                0x00000091       0x21 obj/src/startup_stm32f4xx.o
 .ARM.attributes
                0x000000b2       0x39 obj/src/STM32F4-Discovery_callback.o
 .ARM.attributes
                0x000000eb       0x39 obj/src/stm32f4xx_it.o
 .ARM.attributes
                0x00000124       0x39 obj/src/system_stm32f4xx.o
 .ARM.attributes
                0x0000015d       0x39 obj/src/printf-stdarg.o
 .ARM.attributes
                0x00000196       0x39 obj/src/pwrtrain_steering.o
 .ARM.attributes
                0x000001cf       0x39 obj/src/communication.o
 .ARM.attributes
                0x00000208       0x39 obj/src/accelerometer.o
 .ARM.attributes
                0x00000241       0x39 obj/Utilities/STM32F4-Discovery/stm32f4_discovery.o
 .ARM.attributes
                0x0000027a       0x39 obj/FreeRTOS_Source/list.o
 .ARM.attributes
                0x000002b3       0x39 obj/FreeRTOS_Source/queue.o
 .ARM.attributes
                0x000002ec       0x39 obj/FreeRTOS_Source/tasks.o
 .ARM.attributes
                0x00000325       0x39 obj/FreeRTOS_Source/timers.o
 .ARM.attributes
                0x0000035e       0x39 obj/FreeRTOS_Source/portable/MemMang/heap_1.o
 .ARM.attributes
                0x00000397       0x39 obj/FreeRTOS_Source/portable/GCC/ARM_CM4F/port.o
 .ARM.attributes
                0x000003d0       0x39 obj/Libraries/STM32F4xx_StdPeriph_Driver/src/misc.o
 .ARM.attributes
                0x00000409       0x39 obj/Libraries/STM32F4xx_StdPeriph_Driver/src/stm32f4xx_exti.o
 .ARM.attributes
                0x00000442       0x39 obj/Libraries/STM32F4xx_StdPeriph_Driver/src/stm32f4xx_gpio.o
 .ARM.attributes
                0x0000047b       0x39 obj/Libraries/STM32F4xx_StdPeriph_Driver/src/stm32f4xx_rcc.o
 .ARM.attributes
                0x000004b4       0x39 obj/Libraries/STM32F4xx_StdPeriph_Driver/src/stm32f4xx_spi.o
 .ARM.attributes
                0x000004ed       0x39 obj/Libraries/STM32F4xx_StdPeriph_Driver/src/stm32f4xx_syscfg.o
 .ARM.attributes
                0x00000526       0x39 obj/Libraries/STM32F4xx_StdPeriph_Driver/src/stm32f4xx_tim.o
 .ARM.attributes
                0x0000055f       0x39 obj/Libraries/STM32F4xx_StdPeriph_Driver/src/stm32f4xx_usart.o
 .ARM.attributes
                0x00000598       0x39 obj/Utilities/STM32F4-Discovery/stm32f4_discovery_lis302dl.o
 .ARM.attributes
                0x000005d1       0x34 /opt/gcc-arm-none-eabi-4_7-2013q1/bin/../lib/gcc/arm-none-eabi/4.7.3/../../../../arm-none-eabi/lib/armv7e-m/softfp/libc.a(lib_a-__atexit.o)
 .ARM.attributes
                0x00000605       0x34 /opt/gcc-arm-none-eabi-4_7-2013q1/bin/../lib/gcc/arm-none-eabi/4.7.3/../../../../arm-none-eabi/lib/armv7e-m/softfp/libc.a(lib_a-fini.o)
 .ARM.attributes
                0x00000639       0x34 /opt/gcc-arm-none-eabi-4_7-2013q1/bin/../lib/gcc/arm-none-eabi/4.7.3/../../../../arm-none-eabi/lib/armv7e-m/softfp/libc.a(lib_a-impure.o)
 .ARM.attributes
                0x0000066d       0x34 /opt/gcc-arm-none-eabi-4_7-2013q1/bin/../lib/gcc/arm-none-eabi/4.7.3/../../../../arm-none-eabi/lib/armv7e-m/softfp/libc.a(lib_a-init.o)
 .ARM.attributes
                0x000006a1       0x34 /opt/gcc-arm-none-eabi-4_7-2013q1/bin/../lib/gcc/arm-none-eabi/4.7.3/../../../../arm-none-eabi/lib/armv7e-m/softfp/libc.a(lib_a-memcmp.o)
 .ARM.attributes
                0x000006d5       0x34 /opt/gcc-arm-none-eabi-4_7-2013q1/bin/../lib/gcc/arm-none-eabi/4.7.3/../../../../arm-none-eabi/lib/armv7e-m/softfp/libc.a(lib_a-memcpy.o)
 .ARM.attributes
                0x00000709       0x34 /opt/gcc-arm-none-eabi-4_7-2013q1/bin/../lib/gcc/arm-none-eabi/4.7.3/../../../../arm-none-eabi/lib/armv7e-m/softfp/libc.a(lib_a-memset.o)
 .ARM.attributes
                0x0000073d       0x34 /opt/gcc-arm-none-eabi-4_7-2013q1/bin/../lib/gcc/arm-none-eabi/4.7.3/../../../../arm-none-eabi/lib/armv7e-m/softfp/libc.a(lib_a-strncpy.o)
 .ARM.attributes
                0x00000771       0x34 /opt/gcc-arm-none-eabi-4_7-2013q1/bin/../lib/gcc/arm-none-eabi/4.7.3/../../../../arm-none-eabi/lib/armv7e-m/softfp/libc.a(lib_a-__call_atexit.o)
 .ARM.attributes
                0x000007a5       0x34 /opt/gcc-arm-none-eabi-4_7-2013q1/bin/../lib/gcc/arm-none-eabi/4.7.3/../../../../arm-none-eabi/lib/armv7e-m/softfp/libc.a(lib_a-atexit.o)
 .ARM.attributes
                0x000007d9       0x24 /opt/gcc-arm-none-eabi-4_7-2013q1/bin/../lib/gcc/arm-none-eabi/4.7.3/armv7e-m/softfp/crtn.o
OUTPUT(build/STM32F4Discovery.elf elf32-littlearm)

.debug_info     0x00000000     0xb895
 .debug_info    0x00000000      0x6f3 obj/src/main.o
 .debug_info    0x000006f3       0x92 obj/src/startup_stm32f4xx.o
 .debug_info    0x00000785      0x116 obj/src/STM32F4-Discovery_callback.o
 .debug_info    0x0000089b      0x119 obj/src/stm32f4xx_it.o
 .debug_info    0x000009b4      0x5f9 obj/src/system_stm32f4xx.o
 .debug_info    0x00000fad      0x3c3 obj/src/printf-stdarg.o
 .debug_info    0x00001370      0xc1c obj/src/pwrtrain_steering.o
 .debug_info    0x00001f8c      0x2a0 obj/src/communication.o
 .debug_info    0x0000222c      0x84b obj/src/accelerometer.o
 .debug_info    0x00002a77      0xe19 obj/Utilities/STM32F4-Discovery/stm32f4_discovery.o
 .debug_info    0x00003890      0x2b6 obj/FreeRTOS_Source/list.o
 .debug_info    0x00003b46      0x817 obj/FreeRTOS_Source/queue.o
 .debug_info    0x0000435d      0xe40 obj/FreeRTOS_Source/tasks.o
 .debug_info    0x0000519d      0x746 obj/FreeRTOS_Source/timers.o
 .debug_info    0x000058e3      0x195 obj/FreeRTOS_Source/portable/MemMang/heap_1.o
 .debug_info    0x00005a78      0x203 obj/FreeRTOS_Source/portable/GCC/ARM_CM4F/port.o
 .debug_info    0x00005c7b      0x596 obj/Libraries/STM32F4xx_StdPeriph_Driver/src/misc.o
 .debug_info    0x00006211      0x373 obj/Libraries/STM32F4xx_StdPeriph_Driver/src/stm32f4xx_exti.o
 .debug_info    0x00006584      0x643 obj/Libraries/STM32F4xx_StdPeriph_Driver/src/stm32f4xx_gpio.o
 .debug_info    0x00006bc7      0xd4d obj/Libraries/STM32F4xx_StdPeriph_Driver/src/stm32f4xx_rcc.o
 .debug_info    0x00007914      0xbe2 obj/Libraries/STM32F4xx_StdPeriph_Driver/src/stm32f4xx_spi.o
 .debug_info    0x000084f6      0x27d obj/Libraries/STM32F4xx_StdPeriph_Driver/src/stm32f4xx_syscfg.o
 .debug_info    0x00008773     0x1e81 obj/Libraries/STM32F4xx_StdPeriph_Driver/src/stm32f4xx_tim.o
 .debug_info    0x0000a5f4      0xa69 obj/Libraries/STM32F4xx_StdPeriph_Driver/src/stm32f4xx_usart.o
 .debug_info    0x0000b05d      0x838 obj/Utilities/STM32F4-Discovery/stm32f4_discovery_lis302dl.o

.debug_abbrev   0x00000000     0x22c1
 .debug_abbrev  0x00000000      0x23a obj/src/main.o
 .debug_abbrev  0x0000023a       0x12 obj/src/startup_stm32f4xx.o
 .debug_abbrev  0x0000024c       0x94 obj/src/STM32F4-Discovery_callback.o
 .debug_abbrev  0x000002e0       0x69 obj/src/stm32f4xx_it.o
 .debug_abbrev  0x00000349      0x13a obj/src/system_stm32f4xx.o
 .debug_abbrev  0x00000483      0x157 obj/src/printf-stdarg.o
 .debug_abbrev  0x000005da      0x287 obj/src/pwrtrain_steering.o
 .debug_abbrev  0x00000861      0x123 obj/src/communication.o
 .debug_abbrev  0x00000984      0x230 obj/src/accelerometer.o
 .debug_abbrev  0x00000bb4      0x1ce obj/Utilities/STM32F4-Discovery/stm32f4_discovery.o
 .debug_abbrev  0x00000d82       0xbe obj/FreeRTOS_Source/list.o
 .debug_abbrev  0x00000e40      0x134 obj/FreeRTOS_Source/queue.o
 .debug_abbrev  0x00000f74      0x1d1 obj/FreeRTOS_Source/tasks.o
 .debug_abbrev  0x00001145      0x177 obj/FreeRTOS_Source/timers.o
 .debug_abbrev  0x000012bc      0x124 obj/FreeRTOS_Source/portable/MemMang/heap_1.o
 .debug_abbrev  0x000013e0      0x178 obj/FreeRTOS_Source/portable/GCC/ARM_CM4F/port.o
 .debug_abbrev  0x00001558      0x12b obj/Libraries/STM32F4xx_StdPeriph_Driver/src/misc.o
 .debug_abbrev  0x00001683      0x17e obj/Libraries/STM32F4xx_StdPeriph_Driver/src/stm32f4xx_exti.o
 .debug_abbrev  0x00001801      0x198 obj/Libraries/STM32F4xx_StdPeriph_Driver/src/stm32f4xx_gpio.o
 .debug_abbrev  0x00001999      0x1e7 obj/Libraries/STM32F4xx_StdPeriph_Driver/src/stm32f4xx_rcc.o
 .debug_abbrev  0x00001b80      0x16b obj/Libraries/STM32F4xx_StdPeriph_Driver/src/stm32f4xx_spi.o
 .debug_abbrev  0x00001ceb      0x135 obj/Libraries/STM32F4xx_StdPeriph_Driver/src/stm32f4xx_syscfg.o
 .debug_abbrev  0x00001e20      0x18b obj/Libraries/STM32F4xx_StdPeriph_Driver/src/stm32f4xx_tim.o
 .debug_abbrev  0x00001fab      0x159 obj/Libraries/STM32F4xx_StdPeriph_Driver/src/stm32f4xx_usart.o
 .debug_abbrev  0x00002104      0x1bd obj/Utilities/STM32F4-Discovery/stm32f4_discovery_lis302dl.o

.debug_loc      0x00000000     0x513f
 .debug_loc     0x00000000      0x1a8 obj/src/main.o
 .debug_loc     0x000001a8       0x90 obj/src/STM32F4-Discovery_callback.o
 .debug_loc     0x00000238      0x108 obj/src/stm32f4xx_it.o
 .debug_loc     0x00000340       0x9c obj/src/system_stm32f4xx.o
 .debug_loc     0x000003dc      0x1af obj/src/printf-stdarg.o
 .debug_loc     0x0000058b      0x24c obj/src/pwrtrain_steering.o
 .debug_loc     0x000007d7       0x70 obj/src/communication.o
 .debug_loc     0x00000847      0x164 obj/src/accelerometer.o
 .debug_loc     0x000009ab      0x26c obj/Utilities/STM32F4-Discovery/stm32f4_discovery.o
 .debug_loc     0x00000c17      0x118 obj/FreeRTOS_Source/list.o
 .debug_loc     0x00000d2f      0x3f0 obj/FreeRTOS_Source/queue.o
 .debug_loc     0x0000111f      0x7b0 obj/FreeRTOS_Source/tasks.o
 .debug_loc     0x000018cf      0x304 obj/FreeRTOS_Source/timers.o
 .debug_loc     0x00001bd3       0xc8 obj/FreeRTOS_Source/portable/MemMang/heap_1.o
 .debug_loc     0x00001c9b      0x178 obj/FreeRTOS_Source/portable/GCC/ARM_CM4F/port.o
 .debug_loc     0x00001e13      0x118 obj/Libraries/STM32F4xx_StdPeriph_Driver/src/misc.o
 .debug_loc     0x00001f2b      0x1b4 obj/Libraries/STM32F4xx_StdPeriph_Driver/src/stm32f4xx_exti.o
 .debug_loc     0x000020df      0x310 obj/Libraries/STM32F4xx_StdPeriph_Driver/src/stm32f4xx_gpio.o
 .debug_loc     0x000023ef      0x97c obj/Libraries/STM32F4xx_StdPeriph_Driver/src/stm32f4xx_rcc.o
 .debug_loc     0x00002d6b      0x578 obj/Libraries/STM32F4xx_StdPeriph_Driver/src/stm32f4xx_spi.o
 .debug_loc     0x000032e3      0x144 obj/Libraries/STM32F4xx_StdPeriph_Driver/src/stm32f4xx_syscfg.o
 .debug_loc     0x00003427     0x1420 obj/Libraries/STM32F4xx_StdPeriph_Driver/src/stm32f4xx_tim.o
 .debug_loc     0x00004847      0x658 obj/Libraries/STM32F4xx_StdPeriph_Driver/src/stm32f4xx_usart.o
 .debug_loc     0x00004e9f      0x2a0 obj/Utilities/STM32F4-Discovery/stm32f4_discovery_lis302dl.o

.debug_aranges  0x00000000      0xe60
 .debug_aranges
                0x00000000       0x58 obj/src/main.o
 .debug_aranges
                0x00000058       0x28 obj/src/startup_stm32f4xx.o
 .debug_aranges
                0x00000080       0x30 obj/src/STM32F4-Discovery_callback.o
 .debug_aranges
                0x000000b0       0x48 obj/src/stm32f4xx_it.o
 .debug_aranges
                0x000000f8       0x30 obj/src/system_stm32f4xx.o
 .debug_aranges
                0x00000128       0x50 obj/src/printf-stdarg.o
 .debug_aranges
                0x00000178       0x78 obj/src/pwrtrain_steering.o
 .debug_aranges
                0x000001f0       0x28 obj/src/communication.o
 .debug_aranges
                0x00000218       0x50 obj/src/accelerometer.o
 .debug_aranges
                0x00000268       0x70 obj/Utilities/STM32F4-Discovery/stm32f4_discovery.o
 .debug_aranges
                0x000002d8       0x40 obj/FreeRTOS_Source/list.o
 .debug_aranges
                0x00000318       0xa8 obj/FreeRTOS_Source/queue.o
 .debug_aranges
                0x000003c0      0x138 obj/FreeRTOS_Source/tasks.o
 .debug_aranges
                0x000004f8       0x88 obj/FreeRTOS_Source/timers.o
 .debug_aranges
                0x00000580       0x38 obj/FreeRTOS_Source/portable/MemMang/heap_1.o
 .debug_aranges
                0x000005b8       0x78 obj/FreeRTOS_Source/portable/GCC/ARM_CM4F/port.o
 .debug_aranges
                0x00000630       0x40 obj/Libraries/STM32F4xx_StdPeriph_Driver/src/misc.o
 .debug_aranges
                0x00000670       0x58 obj/Libraries/STM32F4xx_StdPeriph_Driver/src/stm32f4xx_exti.o
 .debug_aranges
                0x000006c8       0x88 obj/Libraries/STM32F4xx_StdPeriph_Driver/src/stm32f4xx_gpio.o
 .debug_aranges
                0x00000750      0x178 obj/Libraries/STM32F4xx_StdPeriph_Driver/src/stm32f4xx_rcc.o
 .debug_aranges
                0x000008c8       0xe0 obj/Libraries/STM32F4xx_StdPeriph_Driver/src/stm32f4xx_spi.o
 .debug_aranges
                0x000009a8       0x48 obj/Libraries/STM32F4xx_StdPeriph_Driver/src/stm32f4xx_syscfg.o
 .debug_aranges
                0x000009f0      0x2f8 obj/Libraries/STM32F4xx_StdPeriph_Driver/src/stm32f4xx_tim.o
 .debug_aranges
                0x00000ce8      0x100 obj/Libraries/STM32F4xx_StdPeriph_Driver/src/stm32f4xx_usart.o
 .debug_aranges
                0x00000de8       0x78 obj/Utilities/STM32F4-Discovery/stm32f4_discovery_lis302dl.o

.debug_ranges   0x00000000      0xcd8
 .debug_ranges  0x00000000       0x48 obj/src/main.o
 .debug_ranges  0x00000048       0x20 obj/src/startup_stm32f4xx.o
 .debug_ranges  0x00000068       0x20 obj/src/STM32F4-Discovery_callback.o
 .debug_ranges  0x00000088       0x38 obj/src/stm32f4xx_it.o
 .debug_ranges  0x000000c0       0x20 obj/src/system_stm32f4xx.o
 .debug_ranges  0x000000e0       0x40 obj/src/printf-stdarg.o
 .debug_ranges  0x00000120       0x68 obj/src/pwrtrain_steering.o
 .debug_ranges  0x00000188       0x18 obj/src/communication.o
 .debug_ranges  0x000001a0       0x40 obj/src/accelerometer.o
 .debug_ranges  0x000001e0       0x60 obj/Utilities/STM32F4-Discovery/stm32f4_discovery.o
 .debug_ranges  0x00000240       0x30 obj/FreeRTOS_Source/list.o
 .debug_ranges  0x00000270       0x98 obj/FreeRTOS_Source/queue.o
 .debug_ranges  0x00000308      0x128 obj/FreeRTOS_Source/tasks.o
 .debug_ranges  0x00000430       0x78 obj/FreeRTOS_Source/timers.o
 .debug_ranges  0x000004a8       0x28 obj/FreeRTOS_Source/portable/MemMang/heap_1.o
 .debug_ranges  0x000004d0       0x68 obj/FreeRTOS_Source/portable/GCC/ARM_CM4F/port.o
 .debug_ranges  0x00000538       0x30 obj/Libraries/STM32F4xx_StdPeriph_Driver/src/misc.o
 .debug_ranges  0x00000568       0x48 obj/Libraries/STM32F4xx_StdPeriph_Driver/src/stm32f4xx_exti.o
 .debug_ranges  0x000005b0       0x78 obj/Libraries/STM32F4xx_StdPeriph_Driver/src/stm32f4xx_gpio.o
 .debug_ranges  0x00000628      0x168 obj/Libraries/STM32F4xx_StdPeriph_Driver/src/stm32f4xx_rcc.o
 .debug_ranges  0x00000790       0xd0 obj/Libraries/STM32F4xx_StdPeriph_Driver/src/stm32f4xx_spi.o
 .debug_ranges  0x00000860       0x38 obj/Libraries/STM32F4xx_StdPeriph_Driver/src/stm32f4xx_syscfg.o
 .debug_ranges  0x00000898      0x2e8 obj/Libraries/STM32F4xx_StdPeriph_Driver/src/stm32f4xx_tim.o
 .debug_ranges  0x00000b80       0xf0 obj/Libraries/STM32F4xx_StdPeriph_Driver/src/stm32f4xx_usart.o
 .debug_ranges  0x00000c70       0x68 obj/Utilities/STM32F4-Discovery/stm32f4_discovery_lis302dl.o

.debug_line     0x00000000     0x4865
 .debug_line    0x00000000      0x301 obj/src/main.o
 .debug_line    0x00000301       0x74 obj/src/startup_stm32f4xx.o
 .debug_line    0x00000375      0x110 obj/src/STM32F4-Discovery_callback.o
 .debug_line    0x00000485      0x140 obj/src/stm32f4xx_it.o
 .debug_line    0x000005c5      0x182 obj/src/system_stm32f4xx.o
 .debug_line    0x00000747      0x225 obj/src/printf-stdarg.o
 .debug_line    0x0000096c      0x32f obj/src/pwrtrain_steering.o
 .debug_line    0x00000c9b      0x1a0 obj/src/communication.o
 .debug_line    0x00000e3b      0x2f8 obj/src/accelerometer.o
 .debug_line    0x00001133      0x2f7 obj/Utilities/STM32F4-Discovery/stm32f4_discovery.o
 .debug_line    0x0000142a      0x112 obj/FreeRTOS_Source/list.o
 .debug_line    0x0000153c      0x48e obj/FreeRTOS_Source/queue.o
 .debug_line    0x000019ca      0x762 obj/FreeRTOS_Source/tasks.o
 .debug_line    0x0000212c      0x299 obj/FreeRTOS_Source/timers.o
 .debug_line    0x000023c5       0xfe obj/FreeRTOS_Source/portable/MemMang/heap_1.o
 .debug_line    0x000024c3      0x171 obj/FreeRTOS_Source/portable/GCC/ARM_CM4F/port.o
 .debug_line    0x00002634      0x1ba obj/Libraries/STM32F4xx_StdPeriph_Driver/src/misc.o
 .debug_line    0x000027ee      0x21a obj/Libraries/STM32F4xx_StdPeriph_Driver/src/stm32f4xx_exti.o
 .debug_line    0x00002a08      0x2b4 obj/Libraries/STM32F4xx_StdPeriph_Driver/src/stm32f4xx_gpio.o
 .debug_line    0x00002cbc      0x510 obj/Libraries/STM32F4xx_StdPeriph_Driver/src/stm32f4xx_rcc.o
 .debug_line    0x000031cc      0x3c8 obj/Libraries/STM32F4xx_StdPeriph_Driver/src/stm32f4xx_spi.o
 .debug_line    0x00003594      0x19e obj/Libraries/STM32F4xx_StdPeriph_Driver/src/stm32f4xx_syscfg.o
 .debug_line    0x00003732      0x9ee obj/Libraries/STM32F4xx_StdPeriph_Driver/src/stm32f4xx_tim.o
 .debug_line    0x00004120      0x419 obj/Libraries/STM32F4xx_StdPeriph_Driver/src/stm32f4xx_usart.o
 .debug_line    0x00004539      0x32c obj/Utilities/STM32F4-Discovery/stm32f4_discovery_lis302dl.o

.debug_str      0x00000000     0x465c
 .debug_str     0x00000000      0x4f3 obj/src/main.o
                                0x57f (size before relaxing)
 .debug_str     0x000004f3       0x89 obj/src/STM32F4-Discovery_callback.o
                                0x1e1 (size before relaxing)
 .debug_str     0x0000057c       0x78 obj/src/stm32f4xx_it.o
                                0x1b9 (size before relaxing)
 .debug_str     0x000005f4      0x19d obj/src/system_stm32f4xx.o
                                0x374 (size before relaxing)
 .debug_str     0x00000791       0xa2 obj/src/printf-stdarg.o
                                0x16b (size before relaxing)
 .debug_str     0x00000833      0x923 obj/src/pwrtrain_steering.o
                                0xce4 (size before relaxing)
 .debug_str     0x00001156       0xd7 obj/src/communication.o
                                0x286 (size before relaxing)
 .debug_str     0x0000122d      0x21d obj/src/accelerometer.o
                                0x9f9 (size before relaxing)
 .debug_str     0x0000144a      0x3f3 obj/Utilities/STM32F4-Discovery/stm32f4_discovery.o
                                0xe74 (size before relaxing)
 .debug_str     0x0000183d      0x135 obj/FreeRTOS_Source/list.o
                                0x279 (size before relaxing)
 .debug_str     0x00001972      0x33b obj/FreeRTOS_Source/queue.o
                                0x546 (size before relaxing)
 .debug_str     0x00001cad      0x6a7 obj/FreeRTOS_Source/tasks.o
                                0x919 (size before relaxing)
 .debug_str     0x00002354      0x349 obj/FreeRTOS_Source/timers.o
                                0x546 (size before relaxing)
 .debug_str     0x0000269d       0xb5 obj/FreeRTOS_Source/portable/MemMang/heap_1.o
                                0x20a (size before relaxing)
 .debug_str     0x00002752      0x137 obj/FreeRTOS_Source/portable/GCC/ARM_CM4F/port.o
                                0x259 (size before relaxing)
 .debug_str     0x00002889      0x153 obj/Libraries/STM32F4xx_StdPeriph_Driver/src/misc.o
                                0x3c2 (size before relaxing)
 .debug_str     0x000029dc      0x107 obj/Libraries/STM32F4xx_StdPeriph_Driver/src/stm32f4xx_exti.o
                                0x357 (size before relaxing)
 .debug_str     0x00002ae3      0x18d obj/Libraries/STM32F4xx_StdPeriph_Driver/src/stm32f4xx_gpio.o
                                0x48c (size before relaxing)
 .debug_str     0x00002c70      0x560 obj/Libraries/STM32F4xx_StdPeriph_Driver/src/stm32f4xx_rcc.o
                                0x839 (size before relaxing)
 .debug_str     0x000031d0      0x390 obj/Libraries/STM32F4xx_StdPeriph_Driver/src/stm32f4xx_spi.o
                                0x673 (size before relaxing)
 .debug_str     0x00003560      0x153 obj/Libraries/STM32F4xx_StdPeriph_Driver/src/stm32f4xx_syscfg.o
                                0x2e8 (size before relaxing)
 .debug_str     0x000036b3      0x994 obj/Libraries/STM32F4xx_StdPeriph_Driver/src/stm32f4xx_tim.o
                                0xdb9 (size before relaxing)
 .debug_str     0x00004047      0x389 obj/Libraries/STM32F4xx_StdPeriph_Driver/src/stm32f4xx_usart.o
                                0x678 (size before relaxing)
 .debug_str     0x000043d0      0x28c obj/Utilities/STM32F4-Discovery/stm32f4_discovery_lis302dl.o
                                0x733 (size before relaxing)

.comment        0x00000000       0x70
 .comment       0x00000000       0x70 obj/src/main.o
                                 0x71 (size before relaxing)
 .comment       0x00000000       0x71 obj/src/STM32F4-Discovery_callback.o
 .comment       0x00000000       0x71 obj/src/stm32f4xx_it.o
 .comment       0x00000000       0x71 obj/src/system_stm32f4xx.o
 .comment       0x00000000       0x71 obj/src/printf-stdarg.o
 .comment       0x00000000       0x71 obj/src/pwrtrain_steering.o
 .comment       0x00000000       0x71 obj/src/communication.o
 .comment       0x00000000       0x71 obj/src/accelerometer.o
 .comment       0x00000000       0x71 obj/Utilities/STM32F4-Discovery/stm32f4_discovery.o
 .comment       0x00000000       0x71 obj/FreeRTOS_Source/list.o
 .comment       0x00000000       0x71 obj/FreeRTOS_Source/queue.o
 .comment       0x00000000       0x71 obj/FreeRTOS_Source/tasks.o
 .comment       0x00000000       0x71 obj/FreeRTOS_Source/timers.o
 .comment       0x00000000       0x71 obj/FreeRTOS_Source/portable/MemMang/heap_1.o
 .comment       0x00000000       0x71 obj/FreeRTOS_Source/portable/GCC/ARM_CM4F/port.o
 .comment       0x00000000       0x71 obj/Libraries/STM32F4xx_StdPeriph_Driver/src/misc.o
 .comment       0x00000000       0x71 obj/Libraries/STM32F4xx_StdPeriph_Driver/src/stm32f4xx_exti.o
 .comment       0x00000000       0x71 obj/Libraries/STM32F4xx_StdPeriph_Driver/src/stm32f4xx_gpio.o
 .comment       0x00000000       0x71 obj/Libraries/STM32F4xx_StdPeriph_Driver/src/stm32f4xx_rcc.o
 .comment       0x00000000       0x71 obj/Libraries/STM32F4xx_StdPeriph_Driver/src/stm32f4xx_spi.o
 .comment       0x00000000       0x71 obj/Libraries/STM32F4xx_StdPeriph_Driver/src/stm32f4xx_syscfg.o
 .comment       0x00000000       0x71 obj/Libraries/STM32F4xx_StdPeriph_Driver/src/stm32f4xx_tim.o
 .comment       0x00000000       0x71 obj/Libraries/STM32F4xx_StdPeriph_Driver/src/stm32f4xx_usart.o
 .comment       0x00000000       0x71 obj/Utilities/STM32F4-Discovery/stm32f4_discovery_lis302dl.o

.debug_frame    0x00000000     0x2e50
 .debug_frame   0x00000000       0xfc obj/src/main.o
 .debug_frame   0x000000fc       0x5c obj/src/STM32F4-Discovery_callback.o
 .debug_frame   0x00000158       0xa0 obj/src/stm32f4xx_it.o
 .debug_frame   0x000001f8       0x64 obj/src/system_stm32f4xx.o
 .debug_frame   0x0000025c      0x11c obj/src/printf-stdarg.o
 .debug_frame   0x00000378      0x15c obj/src/pwrtrain_steering.o
 .debug_frame   0x000004d4       0x50 obj/src/communication.o
 .debug_frame   0x00000524       0xe4 obj/src/accelerometer.o
 .debug_frame   0x00000608      0x164 obj/Utilities/STM32F4-Discovery/stm32f4_discovery.o
 .debug_frame   0x0000076c       0x9c obj/FreeRTOS_Source/list.o
 .debug_frame   0x00000808      0x244 obj/FreeRTOS_Source/queue.o
 .debug_frame   0x00000a4c      0x460 obj/FreeRTOS_Source/tasks.o
 .debug_frame   0x00000eac      0x1c4 obj/FreeRTOS_Source/timers.o
 .debug_frame   0x00001070       0x7c obj/FreeRTOS_Source/portable/MemMang/heap_1.o
 .debug_frame   0x000010ec      0x120 obj/FreeRTOS_Source/portable/GCC/ARM_CM4F/port.o
 .debug_frame   0x0000120c       0x9c obj/Libraries/STM32F4xx_StdPeriph_Driver/src/misc.o
 .debug_frame   0x000012a8       0xec obj/Libraries/STM32F4xx_StdPeriph_Driver/src/stm32f4xx_exti.o
 .debug_frame   0x00001394      0x19c obj/Libraries/STM32F4xx_StdPeriph_Driver/src/stm32f4xx_gpio.o
 .debug_frame   0x00001530      0x4d8 obj/Libraries/STM32F4xx_StdPeriph_Driver/src/stm32f4xx_rcc.o
 .debug_frame   0x00001a08      0x2d0 obj/Libraries/STM32F4xx_StdPeriph_Driver/src/stm32f4xx_spi.o
 .debug_frame   0x00001cd8       0xbc obj/Libraries/STM32F4xx_StdPeriph_Driver/src/stm32f4xx_syscfg.o
 .debug_frame   0x00001d94      0xa3c obj/Libraries/STM32F4xx_StdPeriph_Driver/src/stm32f4xx_tim.o
 .debug_frame   0x000027d0      0x344 obj/Libraries/STM32F4xx_StdPeriph_Driver/src/stm32f4xx_usart.o
 .debug_frame   0x00002b14      0x190 obj/Utilities/STM32F4-Discovery/stm32f4_discovery_lis302dl.o
 .debug_frame   0x00002ca4       0x34 /opt/gcc-arm-none-eabi-4_7-2013q1/bin/../lib/gcc/arm-none-eabi/4.7.3/../../../../arm-none-eabi/lib/armv7e-m/softfp/libc.a(lib_a-__atexit.o)
 .debug_frame   0x00002cd8       0x2c /opt/gcc-arm-none-eabi-4_7-2013q1/bin/../lib/gcc/arm-none-eabi/4.7.3/../../../../arm-none-eabi/lib/armv7e-m/softfp/libc.a(lib_a-fini.o)
 .debug_frame   0x00002d04       0x30 /opt/gcc-arm-none-eabi-4_7-2013q1/bin/../lib/gcc/arm-none-eabi/4.7.3/../../../../arm-none-eabi/lib/armv7e-m/softfp/libc.a(lib_a-init.o)
 .debug_frame   0x00002d34       0x2c /opt/gcc-arm-none-eabi-4_7-2013q1/bin/../lib/gcc/arm-none-eabi/4.7.3/../../../../arm-none-eabi/lib/armv7e-m/softfp/libc.a(lib_a-memcmp.o)
 .debug_frame   0x00002d60       0x30 /opt/gcc-arm-none-eabi-4_7-2013q1/bin/../lib/gcc/arm-none-eabi/4.7.3/../../../../arm-none-eabi/lib/armv7e-m/softfp/libc.a(lib_a-memcpy.o)
 .debug_frame   0x00002d90       0x2c /opt/gcc-arm-none-eabi-4_7-2013q1/bin/../lib/gcc/arm-none-eabi/4.7.3/../../../../arm-none-eabi/lib/armv7e-m/softfp/libc.a(lib_a-memset.o)
 .debug_frame   0x00002dbc       0x2c /opt/gcc-arm-none-eabi-4_7-2013q1/bin/../lib/gcc/arm-none-eabi/4.7.3/../../../../arm-none-eabi/lib/armv7e-m/softfp/libc.a(lib_a-strncpy.o)
 .debug_frame   0x00002de8       0x48 /opt/gcc-arm-none-eabi-4_7-2013q1/bin/../lib/gcc/arm-none-eabi/4.7.3/../../../../arm-none-eabi/lib/armv7e-m/softfp/libc.a(lib_a-__call_atexit.o)
 .debug_frame   0x00002e30       0x20 /opt/gcc-arm-none-eabi-4_7-2013q1/bin/../lib/gcc/arm-none-eabi/4.7.3/../../../../arm-none-eabi/lib/armv7e-m/softfp/libc.a(lib_a-atexit.o)

Cross Reference Table

Symbol                                            File
ADC_AnalogWatchdogCmd                             obj/Libraries/STM32F4xx_StdPeriph_Driver/src/stm32f4xx_adc.o
ADC_AnalogWatchdogSingleChannelConfig             obj/Libraries/STM32F4xx_StdPeriph_Driver/src/stm32f4xx_adc.o
ADC_AnalogWatchdogThresholdsConfig                obj/Libraries/STM32F4xx_StdPeriph_Driver/src/stm32f4xx_adc.o
ADC_AutoInjectedConvCmd                           obj/Libraries/STM32F4xx_StdPeriph_Driver/src/stm32f4xx_adc.o
ADC_ClearFlag                                     obj/Libraries/STM32F4xx_StdPeriph_Driver/src/stm32f4xx_adc.o
ADC_ClearITPendingBit                             obj/Libraries/STM32F4xx_StdPeriph_Driver/src/stm32f4xx_adc.o
ADC_Cmd                                           obj/Libraries/STM32F4xx_StdPeriph_Driver/src/stm32f4xx_adc.o
ADC_CommonInit                                    obj/Libraries/STM32F4xx_StdPeriph_Driver/src/stm32f4xx_adc.o
ADC_CommonStructInit                              obj/Libraries/STM32F4xx_StdPeriph_Driver/src/stm32f4xx_adc.o
ADC_ContinuousModeCmd                             obj/Libraries/STM32F4xx_StdPeriph_Driver/src/stm32f4xx_adc.o
ADC_DMACmd                                        obj/Libraries/STM32F4xx_StdPeriph_Driver/src/stm32f4xx_adc.o
ADC_DMARequestAfterLastTransferCmd                obj/Libraries/STM32F4xx_StdPeriph_Driver/src/stm32f4xx_adc.o
ADC_DeInit                                        obj/Libraries/STM32F4xx_StdPeriph_Driver/src/stm32f4xx_adc.o
ADC_DiscModeChannelCountConfig                    obj/Libraries/STM32F4xx_StdPeriph_Driver/src/stm32f4xx_adc.o
ADC_DiscModeCmd                                   obj/Libraries/STM32F4xx_StdPeriph_Driver/src/stm32f4xx_adc.o
ADC_EOCOnEachRegularChannelCmd                    obj/Libraries/STM32F4xx_StdPeriph_Driver/src/stm32f4xx_adc.o
ADC_ExternalTrigInjectedConvConfig                obj/Libraries/STM32F4xx_StdPeriph_Driver/src/stm32f4xx_adc.o
ADC_ExternalTrigInjectedConvEdgeConfig            obj/Libraries/STM32F4xx_StdPeriph_Driver/src/stm32f4xx_adc.o
ADC_GetConversionValue                            obj/Libraries/STM32F4xx_StdPeriph_Driver/src/stm32f4xx_adc.o
ADC_GetFlagStatus                                 obj/Libraries/STM32F4xx_StdPeriph_Driver/src/stm32f4xx_adc.o
ADC_GetITStatus                                   obj/Libraries/STM32F4xx_StdPeriph_Driver/src/stm32f4xx_adc.o
ADC_GetInjectedConversionValue                    obj/Libraries/STM32F4xx_StdPeriph_Driver/src/stm32f4xx_adc.o
ADC_GetMultiModeConversionValue                   obj/Libraries/STM32F4xx_StdPeriph_Driver/src/stm32f4xx_adc.o
ADC_GetSoftwareStartConvStatus                    obj/Libraries/STM32F4xx_StdPeriph_Driver/src/stm32f4xx_adc.o
ADC_GetSoftwareStartInjectedConvCmdStatus         obj/Libraries/STM32F4xx_StdPeriph_Driver/src/stm32f4xx_adc.o
ADC_IRQHandler                                    obj/src/startup_stm32f4xx.o
ADC_ITConfig                                      obj/Libraries/STM32F4xx_StdPeriph_Driver/src/stm32f4xx_adc.o
ADC_Init                                          obj/Libraries/STM32F4xx_StdPeriph_Driver/src/stm32f4xx_adc.o
ADC_InjectedChannelConfig                         obj/Libraries/STM32F4xx_StdPeriph_Driver/src/stm32f4xx_adc.o
ADC_InjectedDiscModeCmd                           obj/Libraries/STM32F4xx_StdPeriph_Driver/src/stm32f4xx_adc.o
ADC_InjectedSequencerLengthConfig                 obj/Libraries/STM32F4xx_StdPeriph_Driver/src/stm32f4xx_adc.o
ADC_MultiModeDMARequestAfterLastTransferCmd       obj/Libraries/STM32F4xx_StdPeriph_Driver/src/stm32f4xx_adc.o
ADC_RegularChannelConfig                          obj/Libraries/STM32F4xx_StdPeriph_Driver/src/stm32f4xx_adc.o
ADC_SetInjectedOffset                             obj/Libraries/STM32F4xx_StdPeriph_Driver/src/stm32f4xx_adc.o
ADC_SoftwareStartConv                             obj/Libraries/STM32F4xx_StdPeriph_Driver/src/stm32f4xx_adc.o
ADC_SoftwareStartInjectedConv                     obj/Libraries/STM32F4xx_StdPeriph_Driver/src/stm32f4xx_adc.o
ADC_StructInit                                    obj/Libraries/STM32F4xx_StdPeriph_Driver/src/stm32f4xx_adc.o
ADC_TempSensorVrefintCmd                          obj/Libraries/STM32F4xx_StdPeriph_Driver/src/stm32f4xx_adc.o
ADC_VBATCmd                                       obj/Libraries/STM32F4xx_StdPeriph_Driver/src/stm32f4xx_adc.o
AHBPrescTable                                     obj/src/system_stm32f4xx.o
BUTTON_CLK                                        obj/Utilities/STM32F4-Discovery/stm32f4_discovery.o
BUTTON_EXTI_LINE                                  obj/Utilities/STM32F4-Discovery/stm32f4_discovery.o
BUTTON_IRQn                                       obj/Utilities/STM32F4-Discovery/stm32f4_discovery.o
BUTTON_PIN                                        obj/Utilities/STM32F4-Discovery/stm32f4_discovery.o
BUTTON_PIN_SOURCE                                 obj/Utilities/STM32F4-Discovery/stm32f4_discovery.o
BUTTON_PORT                                       obj/Utilities/STM32F4-Discovery/stm32f4_discovery.o
BUTTON_PORT_SOURCE                                obj/Utilities/STM32F4-Discovery/stm32f4_discovery.o
BusFault_Handler                                  obj/src/stm32f4xx_it.o
                                                  obj/src/startup_stm32f4xx.o
CAN1_RX0_IRQHandler                               obj/src/startup_stm32f4xx.o
CAN1_RX1_IRQHandler                               obj/src/startup_stm32f4xx.o
CAN1_SCE_IRQHandler                               obj/src/startup_stm32f4xx.o
CAN1_TX_IRQHandler                                obj/src/startup_stm32f4xx.o
CAN2_RX0_IRQHandler                               obj/src/startup_stm32f4xx.o
CAN2_RX1_IRQHandler                               obj/src/startup_stm32f4xx.o
CAN2_SCE_IRQHandler                               obj/src/startup_stm32f4xx.o
CAN2_TX_IRQHandler                                obj/src/startup_stm32f4xx.o
CAN_CancelTransmit                                obj/Libraries/STM32F4xx_StdPeriph_Driver/src/stm32f4xx_can.o
CAN_ClearFlag                                     obj/Libraries/STM32F4xx_StdPeriph_Driver/src/stm32f4xx_can.o
CAN_ClearITPendingBit                             obj/Libraries/STM32F4xx_StdPeriph_Driver/src/stm32f4xx_can.o
CAN_DBGFreeze                                     obj/Libraries/STM32F4xx_StdPeriph_Driver/src/stm32f4xx_can.o
CAN_DeInit                                        obj/Libraries/STM32F4xx_StdPeriph_Driver/src/stm32f4xx_can.o
CAN_FIFORelease                                   obj/Libraries/STM32F4xx_StdPeriph_Driver/src/stm32f4xx_can.o
CAN_FilterInit                                    obj/Libraries/STM32F4xx_StdPeriph_Driver/src/stm32f4xx_can.o
CAN_GetFlagStatus                                 obj/Libraries/STM32F4xx_StdPeriph_Driver/src/stm32f4xx_can.o
CAN_GetITStatus                                   obj/Libraries/STM32F4xx_StdPeriph_Driver/src/stm32f4xx_can.o
CAN_GetLSBTransmitErrorCounter                    obj/Libraries/STM32F4xx_StdPeriph_Driver/src/stm32f4xx_can.o
CAN_GetLastErrorCode                              obj/Libraries/STM32F4xx_StdPeriph_Driver/src/stm32f4xx_can.o
CAN_GetReceiveErrorCounter                        obj/Libraries/STM32F4xx_StdPeriph_Driver/src/stm32f4xx_can.o
CAN_ITConfig                                      obj/Libraries/STM32F4xx_StdPeriph_Driver/src/stm32f4xx_can.o
CAN_Init                                          obj/Libraries/STM32F4xx_StdPeriph_Driver/src/stm32f4xx_can.o
CAN_MessagePending                                obj/Libraries/STM32F4xx_StdPeriph_Driver/src/stm32f4xx_can.o
CAN_OperatingModeRequest                          obj/Libraries/STM32F4xx_StdPeriph_Driver/src/stm32f4xx_can.o
CAN_Receive                                       obj/Libraries/STM32F4xx_StdPeriph_Driver/src/stm32f4xx_can.o
CAN_SlaveStartBank                                obj/Libraries/STM32F4xx_StdPeriph_Driver/src/stm32f4xx_can.o
CAN_Sleep                                         obj/Libraries/STM32F4xx_StdPeriph_Driver/src/stm32f4xx_can.o
CAN_StructInit                                    obj/Libraries/STM32F4xx_StdPeriph_Driver/src/stm32f4xx_can.o
CAN_TTComModeCmd                                  obj/Libraries/STM32F4xx_StdPeriph_Driver/src/stm32f4xx_can.o
CAN_Transmit                                      obj/Libraries/STM32F4xx_StdPeriph_Driver/src/stm32f4xx_can.o
CAN_TransmitStatus                                obj/Libraries/STM32F4xx_StdPeriph_Driver/src/stm32f4xx_can.o
CAN_WakeUp                                        obj/Libraries/STM32F4xx_StdPeriph_Driver/src/stm32f4xx_can.o
COM_RX_AF                                         obj/Utilities/STM32F4-Discovery/stm32f4_discovery.o
COM_RX_PIN                                        obj/Utilities/STM32F4-Discovery/stm32f4_discovery.o
COM_RX_PIN_SOURCE                                 obj/Utilities/STM32F4-Discovery/stm32f4_discovery.o
COM_RX_PORT                                       obj/Utilities/STM32F4-Discovery/stm32f4_discovery.o
COM_RX_PORT_CLK                                   obj/Utilities/STM32F4-Discovery/stm32f4_discovery.o
COM_TX_AF                                         obj/Utilities/STM32F4-Discovery/stm32f4_discovery.o
COM_TX_PIN                                        obj/Utilities/STM32F4-Discovery/stm32f4_discovery.o
COM_TX_PIN_SOURCE                                 obj/Utilities/STM32F4-Discovery/stm32f4_discovery.o
COM_TX_PORT                                       obj/Utilities/STM32F4-Discovery/stm32f4_discovery.o
COM_TX_PORT_CLK                                   obj/Utilities/STM32F4-Discovery/stm32f4_discovery.o
COM_USART                                         obj/Utilities/STM32F4-Discovery/stm32f4_discovery.o
COM_USART_CLK                                     obj/Utilities/STM32F4-Discovery/stm32f4_discovery.o
CRC_CalcBlockCRC                                  obj/Libraries/STM32F4xx_StdPeriph_Driver/src/stm32f4xx_crc.o
CRC_CalcCRC                                       obj/Libraries/STM32F4xx_StdPeriph_Driver/src/stm32f4xx_crc.o
CRC_GetCRC                                        obj/Libraries/STM32F4xx_StdPeriph_Driver/src/stm32f4xx_crc.o
CRC_GetIDRegister                                 obj/Libraries/STM32F4xx_StdPeriph_Driver/src/stm32f4xx_crc.o
CRC_ResetDR                                       obj/Libraries/STM32F4xx_StdPeriph_Driver/src/stm32f4xx_crc.o
CRC_SetIDRegister                                 obj/Libraries/STM32F4xx_StdPeriph_Driver/src/stm32f4xx_crc.o
CRYP_AES_CBC                                      obj/Libraries/STM32F4xx_StdPeriph_Driver/src/stm32f4xx_cryp_aes.o
CRYP_AES_CTR                                      obj/Libraries/STM32F4xx_StdPeriph_Driver/src/stm32f4xx_cryp_aes.o
CRYP_AES_ECB                                      obj/Libraries/STM32F4xx_StdPeriph_Driver/src/stm32f4xx_cryp_aes.o
CRYP_Cmd                                          obj/Libraries/STM32F4xx_StdPeriph_Driver/src/stm32f4xx_cryp.o
                                                  obj/Libraries/STM32F4xx_StdPeriph_Driver/src/stm32f4xx_cryp_tdes.o
                                                  obj/Libraries/STM32F4xx_StdPeriph_Driver/src/stm32f4xx_cryp_des.o
                                                  obj/Libraries/STM32F4xx_StdPeriph_Driver/src/stm32f4xx_cryp_aes.o
CRYP_DES_CBC                                      obj/Libraries/STM32F4xx_StdPeriph_Driver/src/stm32f4xx_cryp_des.o
CRYP_DES_ECB                                      obj/Libraries/STM32F4xx_StdPeriph_Driver/src/stm32f4xx_cryp_des.o
CRYP_DMACmd                                       obj/Libraries/STM32F4xx_StdPeriph_Driver/src/stm32f4xx_cryp.o
CRYP_DataIn                                       obj/Libraries/STM32F4xx_StdPeriph_Driver/src/stm32f4xx_cryp.o
                                                  obj/Libraries/STM32F4xx_StdPeriph_Driver/src/stm32f4xx_cryp_tdes.o
                                                  obj/Libraries/STM32F4xx_StdPeriph_Driver/src/stm32f4xx_cryp_des.o
                                                  obj/Libraries/STM32F4xx_StdPeriph_Driver/src/stm32f4xx_cryp_aes.o
CRYP_DataOut                                      obj/Libraries/STM32F4xx_StdPeriph_Driver/src/stm32f4xx_cryp.o
                                                  obj/Libraries/STM32F4xx_StdPeriph_Driver/src/stm32f4xx_cryp_tdes.o
                                                  obj/Libraries/STM32F4xx_StdPeriph_Driver/src/stm32f4xx_cryp_des.o
                                                  obj/Libraries/STM32F4xx_StdPeriph_Driver/src/stm32f4xx_cryp_aes.o
CRYP_DeInit                                       obj/Libraries/STM32F4xx_StdPeriph_Driver/src/stm32f4xx_cryp.o
CRYP_FIFOFlush                                    obj/Libraries/STM32F4xx_StdPeriph_Driver/src/stm32f4xx_cryp.o
                                                  obj/Libraries/STM32F4xx_StdPeriph_Driver/src/stm32f4xx_cryp_tdes.o
                                                  obj/Libraries/STM32F4xx_StdPeriph_Driver/src/stm32f4xx_cryp_des.o
                                                  obj/Libraries/STM32F4xx_StdPeriph_Driver/src/stm32f4xx_cryp_aes.o
CRYP_GetFlagStatus                                obj/Libraries/STM32F4xx_StdPeriph_Driver/src/stm32f4xx_cryp.o
                                                  obj/Libraries/STM32F4xx_StdPeriph_Driver/src/stm32f4xx_cryp_tdes.o
                                                  obj/Libraries/STM32F4xx_StdPeriph_Driver/src/stm32f4xx_cryp_des.o
                                                  obj/Libraries/STM32F4xx_StdPeriph_Driver/src/stm32f4xx_cryp_aes.o
CRYP_GetITStatus                                  obj/Libraries/STM32F4xx_StdPeriph_Driver/src/stm32f4xx_cryp.o
CRYP_IRQHandler                                   obj/src/startup_stm32f4xx.o
CRYP_ITConfig                                     obj/Libraries/STM32F4xx_StdPeriph_Driver/src/stm32f4xx_cryp.o
CRYP_IVInit                                       obj/Libraries/STM32F4xx_StdPeriph_Driver/src/stm32f4xx_cryp.o
                                                  obj/Libraries/STM32F4xx_StdPeriph_Driver/src/stm32f4xx_cryp_tdes.o
                                                  obj/Libraries/STM32F4xx_StdPeriph_Driver/src/stm32f4xx_cryp_des.o
                                                  obj/Libraries/STM32F4xx_StdPeriph_Driver/src/stm32f4xx_cryp_aes.o
CRYP_IVStructInit                                 obj/Libraries/STM32F4xx_StdPeriph_Driver/src/stm32f4xx_cryp.o
CRYP_Init                                         obj/Libraries/STM32F4xx_StdPeriph_Driver/src/stm32f4xx_cryp.o
                                                  obj/Libraries/STM32F4xx_StdPeriph_Driver/src/stm32f4xx_cryp_tdes.o
                                                  obj/Libraries/STM32F4xx_StdPeriph_Driver/src/stm32f4xx_cryp_des.o
                                                  obj/Libraries/STM32F4xx_StdPeriph_Driver/src/stm32f4xx_cryp_aes.o
CRYP_KeyInit                                      obj/Libraries/STM32F4xx_StdPeriph_Driver/src/stm32f4xx_cryp.o
                                                  obj/Libraries/STM32F4xx_StdPeriph_Driver/src/stm32f4xx_cryp_tdes.o
                                                  obj/Libraries/STM32F4xx_StdPeriph_Driver/src/stm32f4xx_cryp_des.o
                                                  obj/Libraries/STM32F4xx_StdPeriph_Driver/src/stm32f4xx_cryp_aes.o
CRYP_KeyStructInit                                obj/Libraries/STM32F4xx_StdPeriph_Driver/src/stm32f4xx_cryp.o
                                                  obj/Libraries/STM32F4xx_StdPeriph_Driver/src/stm32f4xx_cryp_tdes.o
                                                  obj/Libraries/STM32F4xx_StdPeriph_Driver/src/stm32f4xx_cryp_des.o
                                                  obj/Libraries/STM32F4xx_StdPeriph_Driver/src/stm32f4xx_cryp_aes.o
CRYP_RestoreContext                               obj/Libraries/STM32F4xx_StdPeriph_Driver/src/stm32f4xx_cryp.o
CRYP_SaveContext                                  obj/Libraries/STM32F4xx_StdPeriph_Driver/src/stm32f4xx_cryp.o
CRYP_StructInit                                   obj/Libraries/STM32F4xx_StdPeriph_Driver/src/stm32f4xx_cryp.o
CRYP_TDES_CBC                                     obj/Libraries/STM32F4xx_StdPeriph_Driver/src/stm32f4xx_cryp_tdes.o
CRYP_TDES_ECB                                     obj/Libraries/STM32F4xx_StdPeriph_Driver/src/stm32f4xx_cryp_tdes.o
DAC_ClearFlag                                     obj/Libraries/STM32F4xx_StdPeriph_Driver/src/stm32f4xx_dac.o
DAC_ClearITPendingBit                             obj/Libraries/STM32F4xx_StdPeriph_Driver/src/stm32f4xx_dac.o
DAC_Cmd                                           obj/Libraries/STM32F4xx_StdPeriph_Driver/src/stm32f4xx_dac.o
DAC_DMACmd                                        obj/Libraries/STM32F4xx_StdPeriph_Driver/src/stm32f4xx_dac.o
DAC_DeInit                                        obj/Libraries/STM32F4xx_StdPeriph_Driver/src/stm32f4xx_dac.o
DAC_DualSoftwareTriggerCmd                        obj/Libraries/STM32F4xx_StdPeriph_Driver/src/stm32f4xx_dac.o
DAC_GetDataOutputValue                            obj/Libraries/STM32F4xx_StdPeriph_Driver/src/stm32f4xx_dac.o
DAC_GetFlagStatus                                 obj/Libraries/STM32F4xx_StdPeriph_Driver/src/stm32f4xx_dac.o
DAC_GetITStatus                                   obj/Libraries/STM32F4xx_StdPeriph_Driver/src/stm32f4xx_dac.o
DAC_ITConfig                                      obj/Libraries/STM32F4xx_StdPeriph_Driver/src/stm32f4xx_dac.o
DAC_Init                                          obj/Libraries/STM32F4xx_StdPeriph_Driver/src/stm32f4xx_dac.o
DAC_SetChannel1Data                               obj/Libraries/STM32F4xx_StdPeriph_Driver/src/stm32f4xx_dac.o
DAC_SetChannel2Data                               obj/Libraries/STM32F4xx_StdPeriph_Driver/src/stm32f4xx_dac.o
DAC_SetDualChannelData                            obj/Libraries/STM32F4xx_StdPeriph_Driver/src/stm32f4xx_dac.o
DAC_SoftwareTriggerCmd                            obj/Libraries/STM32F4xx_StdPeriph_Driver/src/stm32f4xx_dac.o
DAC_StructInit                                    obj/Libraries/STM32F4xx_StdPeriph_Driver/src/stm32f4xx_dac.o
DAC_WaveGenerationCmd                             obj/Libraries/STM32F4xx_StdPeriph_Driver/src/stm32f4xx_dac.o
DBGMCU_APB1PeriphConfig                           obj/Libraries/STM32F4xx_StdPeriph_Driver/src/stm32f4xx_dbgmcu.o
DBGMCU_APB2PeriphConfig                           obj/Libraries/STM32F4xx_StdPeriph_Driver/src/stm32f4xx_dbgmcu.o
DBGMCU_Config                                     obj/Libraries/STM32F4xx_StdPeriph_Driver/src/stm32f4xx_dbgmcu.o
DBGMCU_GetDEVID                                   obj/Libraries/STM32F4xx_StdPeriph_Driver/src/stm32f4xx_dbgmcu.o
DBGMCU_GetREVID                                   obj/Libraries/STM32F4xx_StdPeriph_Driver/src/stm32f4xx_dbgmcu.o
DCMI_CROPCmd                                      obj/Libraries/STM32F4xx_StdPeriph_Driver/src/stm32f4xx_dcmi.o
DCMI_CROPConfig                                   obj/Libraries/STM32F4xx_StdPeriph_Driver/src/stm32f4xx_dcmi.o
DCMI_CaptureCmd                                   obj/Libraries/STM32F4xx_StdPeriph_Driver/src/stm32f4xx_dcmi.o
DCMI_ClearFlag                                    obj/Libraries/STM32F4xx_StdPeriph_Driver/src/stm32f4xx_dcmi.o
DCMI_ClearITPendingBit                            obj/Libraries/STM32F4xx_StdPeriph_Driver/src/stm32f4xx_dcmi.o
DCMI_Cmd                                          obj/Libraries/STM32F4xx_StdPeriph_Driver/src/stm32f4xx_dcmi.o
DCMI_DeInit                                       obj/Libraries/STM32F4xx_StdPeriph_Driver/src/stm32f4xx_dcmi.o
DCMI_GetFlagStatus                                obj/Libraries/STM32F4xx_StdPeriph_Driver/src/stm32f4xx_dcmi.o
DCMI_GetITStatus                                  obj/Libraries/STM32F4xx_StdPeriph_Driver/src/stm32f4xx_dcmi.o
DCMI_IRQHandler                                   obj/src/startup_stm32f4xx.o
DCMI_ITConfig                                     obj/Libraries/STM32F4xx_StdPeriph_Driver/src/stm32f4xx_dcmi.o
DCMI_Init                                         obj/Libraries/STM32F4xx_StdPeriph_Driver/src/stm32f4xx_dcmi.o
DCMI_JPEGCmd                                      obj/Libraries/STM32F4xx_StdPeriph_Driver/src/stm32f4xx_dcmi.o
DCMI_ReadData                                     obj/Libraries/STM32F4xx_StdPeriph_Driver/src/stm32f4xx_dcmi.o
DCMI_SetEmbeddedSynchroCodes                      obj/Libraries/STM32F4xx_StdPeriph_Driver/src/stm32f4xx_dcmi.o
DCMI_StructInit                                   obj/Libraries/STM32F4xx_StdPeriph_Driver/src/stm32f4xx_dcmi.o
DMA1_Stream0_IRQHandler                           obj/src/startup_stm32f4xx.o
DMA1_Stream1_IRQHandler                           obj/src/startup_stm32f4xx.o
DMA1_Stream2_IRQHandler                           obj/src/startup_stm32f4xx.o
DMA1_Stream3_IRQHandler                           obj/src/startup_stm32f4xx.o
DMA1_Stream4_IRQHandler                           obj/src/startup_stm32f4xx.o
DMA1_Stream5_IRQHandler                           obj/src/startup_stm32f4xx.o
DMA1_Stream6_IRQHandler                           obj/src/startup_stm32f4xx.o
DMA1_Stream7_IRQHandler                           obj/src/startup_stm32f4xx.o
DMA2_Stream0_IRQHandler                           obj/src/startup_stm32f4xx.o
DMA2_Stream1_IRQHandler                           obj/src/startup_stm32f4xx.o
DMA2_Stream2_IRQHandler                           obj/src/startup_stm32f4xx.o
DMA2_Stream3_IRQHandler                           obj/src/startup_stm32f4xx.o
DMA2_Stream4_IRQHandler                           obj/src/startup_stm32f4xx.o
DMA2_Stream5_IRQHandler                           obj/src/startup_stm32f4xx.o
DMA2_Stream6_IRQHandler                           obj/src/startup_stm32f4xx.o
DMA2_Stream7_IRQHandler                           obj/src/startup_stm32f4xx.o
DMA_ClearFlag                                     obj/Libraries/STM32F4xx_StdPeriph_Driver/src/stm32f4xx_dma.o
                                                  obj/Utilities/STM32F4-Discovery/stm32f4_discovery.o
DMA_ClearITPendingBit                             obj/Libraries/STM32F4xx_StdPeriph_Driver/src/stm32f4xx_dma.o
DMA_Cmd                                           obj/Libraries/STM32F4xx_StdPeriph_Driver/src/stm32f4xx_dma.o
                                                  obj/Utilities/STM32F4-Discovery/stm32f4_discovery.o
DMA_DeInit                                        obj/Libraries/STM32F4xx_StdPeriph_Driver/src/stm32f4xx_dma.o
                                                  obj/Utilities/STM32F4-Discovery/stm32f4_discovery.o
DMA_DoubleBufferModeCmd                           obj/Libraries/STM32F4xx_StdPeriph_Driver/src/stm32f4xx_dma.o
DMA_DoubleBufferModeConfig                        obj/Libraries/STM32F4xx_StdPeriph_Driver/src/stm32f4xx_dma.o
DMA_FlowControllerConfig                          obj/Libraries/STM32F4xx_StdPeriph_Driver/src/stm32f4xx_dma.o
                                                  obj/Utilities/STM32F4-Discovery/stm32f4_discovery.o
DMA_GetCmdStatus                                  obj/Libraries/STM32F4xx_StdPeriph_Driver/src/stm32f4xx_dma.o
DMA_GetCurrDataCounter                            obj/Libraries/STM32F4xx_StdPeriph_Driver/src/stm32f4xx_dma.o
DMA_GetCurrentMemoryTarget                        obj/Libraries/STM32F4xx_StdPeriph_Driver/src/stm32f4xx_dma.o
DMA_GetFIFOStatus                                 obj/Libraries/STM32F4xx_StdPeriph_Driver/src/stm32f4xx_dma.o
DMA_GetFlagStatus                                 obj/Libraries/STM32F4xx_StdPeriph_Driver/src/stm32f4xx_dma.o
DMA_GetITStatus                                   obj/Libraries/STM32F4xx_StdPeriph_Driver/src/stm32f4xx_dma.o
DMA_ITConfig                                      obj/Libraries/STM32F4xx_StdPeriph_Driver/src/stm32f4xx_dma.o
                                                  obj/Utilities/STM32F4-Discovery/stm32f4_discovery.o